I1126 13:06:05.634706 44071 Socket.h:69] Disabling nagle
I1126 13:06:05.634711 44071 Coordinator.h:508] Coordinator 0 connected to 3
I1126 13:06:05.634792 44071 Socket.h:69] Disabling nagle
I1126 13:06:05.634796 44071 Coordinator.h:508] Coordinator 0 connected to 4
I1126 13:06:05.634853 44071 Socket.h:69] Disabling nagle
I1126 13:06:05.634856 44071 Coordinator.h:508] Coordinator 0 connected to 5
I1126 13:06:05.634931 44071 Socket.h:69] Disabling nagle
I1126 13:06:05.634935 44071 Coordinator.h:508] Coordinator 0 connected to 6
I1126 13:06:05.635021 44071 Socket.h:69] Disabling nagle
I1126 13:06:05.635033 44071 Coordinator.h:508] Coordinator 0 connected to 7
I1126 13:06:05.635040 44071 Coordinator.h:520] Coordinator 0 connected to all peers.
I1126 13:06:05.635058 44071 Dispatcher.h:38] IncomingDispatcher 0 coord_id 0
I1126 13:06:05.635095 44071 Dispatcher.h:210] OutgoingDispatcher 0 coord_id 0
I1126 13:06:05.635147 44071 Coordinator.h:613] pinned thread to core 0
I1126 13:06:05.635171 44077 Dispatcher.h:57] Incoming Dispatcher started, numCoordinators = 8, numWorkers = 3, group id = 0, coordinator = 0
I1126 13:06:05.635191 44071 Coordinator.h:613] pinned thread to core 1
I1126 13:06:05.635197 44071 Coordinator.h:211] Coordinator starts to run 4 workers.
I1126 13:06:05.635206 44078 WALLogger.h:456] logger thread started!
I1126 13:06:05.635229 44071 Coordinator.h:613] pinned thread to core 2
I1126 13:06:05.635257 44079 Executor.h:78] Executor 0 starts.
I1126 13:06:05.635313 44071 Coordinator.h:613] pinned thread to core 3
I1126 13:06:05.635321 44080 Executor.h:78] Executor 1 starts.
I1126 13:06:05.635329 44079 CXLMemory.h:49] cxlalloc initialized for thread 1 (global ID = 1) on host 0
I1126 13:06:05.635367 44080 CXLMemory.h:49] cxlalloc initialized for thread 2 (global ID = 2) on host 0
I1126 13:06:05.635449 44071 Coordinator.h:613] pinned thread to core 4
I1126 13:06:05.635537 44081 Executor.h:78] Executor 2 starts.
I1126 13:06:05.635553 44082 Manager.h:228] Manager(worker id = 3) on the coordinator node started.
I1126 13:06:05.635635 44081 CXLMemory.h:49] cxlalloc initialized for thread 3 (global ID = 3) on host 0
I1126 13:06:06.635618 44071 Coordinator.h:302] commit: 29286 abort: 6 (0/6/0), persistence latency 0, txn latency 0, queued lock latency 0, lock latency 0, active_txns 0, n_failed_read_lock 0, n_failed_write_lock 0, n_failed_cmd_not_ready 0, n_failed_no_cmd 0, network size: 3138000, avg network size: 107.15, si_in_serializable: 0 0 %, local: 0 %, local_access: 159110, local_cxl_access: 0 (0%), remote_access: 133840, remote_access_with_req: 130795 (97.7249%), data_move_in: 135178, data_move_out: 0
I1126 13:06:07.635882 44071 Coordinator.h:302] commit: 26320 abort: 13 (0/13/0), persistence latency 0, txn latency 0, queued lock latency 0, lock latency 0, active_txns 0, n_failed_read_lock 0, n_failed_write_lock 0, n_failed_cmd_not_ready 0, n_failed_no_cmd 0, network size: 2706624, avg network size: 102.835, si_in_serializable: 0 0 %, local: 0 %, local_access: 142857, local_cxl_access: 0 (0%), remote_access: 120470, remote_access_with_req: 112820 (93.6499%), data_move_in: 116534, data_move_out: 0
I1126 13:06:08.636102 44071 Coordinator.h:302] commit: 25408 abort: 10 (0/10/0), persistence latency 0, txn latency 0, queued lock latency 0, lock latency 0, active_txns 0, n_failed_read_lock 0, n_failed_write_lock 0, n_failed_cmd_not_ready 0, n_failed_no_cmd 0, network size: 2501280, avg network size: 98.4446, si_in_serializable: 0 0 %, local: 0 %, local_access: 138043, local_cxl_access: 0 (0%), remote_access: 116130, remote_access_with_req: 104267 (89.7847%), data_move_in: 106787, data_move_out: 0
I1126 13:06:09.636673 44071 Coordinator.h:302] commit: 15543 abort: 3 (0/3/0), persistence latency 0, txn latency 0, queued lock latency 0, lock latency 0, active_txns 0, n_failed_read_lock 0, n_failed_write_lock 0, n_failed_cmd_not_ready 0, n_failed_no_cmd 0, network size: 1502784, avg network size: 96.6856, si_in_serializable: 0 0 %, local: 0 %, local_access: 84355, local_cxl_access: 0 (0%), remote_access: 71095, remote_access_with_req: 62621 (88.0807%), data_move_in: 64804, data_move_out: 68311
I1126 13:06:10.638849 44071 Coordinator.h:302] commit: 10732 abort: 1 (0/1/0), persistence latency 0, txn latency 0, queued lock latency 0, lock latency 0, active_txns 0, n_failed_read_lock 0, n_failed_write_lock 0, n_failed_cmd_not_ready 0, n_failed_no_cmd 0, network size: 1038600, avg network size: 96.776, si_in_serializable: 0 0 %, local: 0 %, local_access: 58222, local_cxl_access: 0 (0%), remote_access: 49124, remote_access_with_req: 43287 (88.1178%), data_move_in: 45295, data_move_out: 47344
I1126 13:06:11.639081 44071 Coordinator.h:302] commit: 11103 abort: 2 (0/2/0), persistence latency 0, txn latency 0, queued lock latency 0, lock latency 0, active_txns 0, n_failed_read_lock 0, n_failed_write_lock 0, n_failed_cmd_not_ready 0, n_failed_no_cmd 0, network size: 1071360, avg network size: 96.4928, si_in_serializable: 0 0 %, local: 0 %, local_access: 60403, local_cxl_access: 0 (0%), remote_access: 50651, remote_access_with_req: 44651 (88.1542%), data_move_in: 46941, data_move_out: 48392
I1126 13:06:12.639302 44071 Coordinator.h:302] commit: 12088 abort: 5 (0/5/0), persistence latency 0, txn latency 0, queued lock latency 0, lock latency 0, active_txns 0, n_failed_read_lock 0, n_failed_write_lock 0, n_failed_cmd_not_ready 0, n_failed_no_cmd 0, network size: 1168128, avg network size: 96.6353, si_in_serializable: 0 0 %, local: 0 %, local_access: 65845, local_cxl_access: 0 (0%), remote_access: 55085, remote_access_with_req: 48694 (88.3979%), data_move_in: 50838, data_move_out: 52205
I1126 13:06:13.639556 44071 Coordinator.h:302] commit: 10928 abort: 4 (0/4/0), persistence latency 0, txn latency 0, queued lock latency 0, lock latency 0, active_txns 0, n_failed_read_lock 0, n_failed_write_lock 0, n_failed_cmd_not_ready 0, n_failed_no_cmd 0, network size: 1059816, avg network size: 96.9817, si_in_serializable: 0 0 %, local: 0 %, local_access: 59265, local_cxl_access: 0 (0%), remote_access: 50055, remote_access_with_req: 44175 (88.2529%), data_move_in: 46217, data_move_out: 47413
I1126 13:06:14.639791 44071 Coordinator.h:302] commit: 11119 abort: 4 (0/4/0), persistence latency 0, txn latency 0, queued lock latency 0, lock latency 0, active_txns 0, n_failed_read_lock 0, n_failed_write_lock 0, n_failed_cmd_not_ready 0, n_failed_no_cmd 0, network size: 1076232, avg network size: 96.7922, si_in_serializable: 0 0 %, local: 0 %, local_access: 60480, local_cxl_access: 0 (0%), remote_access: 50750, remote_access_with_req: 44863 (88.4%), data_move_in: 44822, data_move_out: 46188
I1126 13:06:15.640009 44071 Coordinator.h:302] commit: 11346 abort: 6 (0/6/0), persistence latency 0, txn latency 0, queued lock latency 0, lock latency 0, active_txns 0, n_failed_read_lock 0, n_failed_write_lock 0, n_failed_cmd_not_ready 0, n_failed_no_cmd 0, network size: 1098480, avg network size: 96.8165, si_in_serializable: 0 0 %, local: 0 %, local_access: 61710, local_cxl_access: 0 (0%), remote_access: 51810, remote_access_with_req: 45792 (88.3845%), data_move_in: 47027, data_move_out: 47711
I1126 13:06:16.640743 44071 Coordinator.h:302] commit: 12055 abort: 1 (0/1/0), persistence latency 0, txn latency 0, queued lock latency 0, lock latency 0, active_txns 0, n_failed_read_lock 0, n_failed_write_lock 0, n_failed_cmd_not_ready 0, n_failed_no_cmd 0, network size: 1161696, avg network size: 96.3663, si_in_serializable: 0 0 %, local: 0 %, local_access: 65890, local_cxl_access: 0 (0%), remote_access: 54670, remote_access_with_req: 48410 (88.5495%), data_move_in: 49839, data_move_out: 50419
I1126 13:06:17.643193 44071 Coordinator.h:302] commit: 14625 abort: 1444 (0/1444/0), persistence latency 0, txn latency 0, queued lock latency 0, lock latency 0, active_txns 0, n_failed_read_lock 0, n_failed_write_lock 0, n_failed_cmd_not_ready 0, n_failed_no_cmd 0, network size: 641448, avg network size: 43.8597, si_in_serializable: 0 0 %, local: 0 %, local_access: 90448, local_cxl_access: 0 (0%), remote_access: 63378, remote_access_with_req: 28063 (44.2788%), data_move_in: 28392, data_move_out: 37479
I1126 13:06:18.643412 44071 Coordinator.h:302] commit: 18177 abort: 2096 (0/2096/0), persistence latency 0, txn latency 0, queued lock latency 0, lock latency 0, active_txns 0, n_failed_read_lock 0, n_failed_write_lock 0, n_failed_cmd_not_ready 0, n_failed_no_cmd 0, network size: 650976, avg network size: 35.8132, si_in_serializable: 0 0 %, local: 0 %, local_access: 112852, local_cxl_access: 0 (0%), remote_access: 79806, remote_access_with_req: 28613 (35.8532%), data_move_in: 28783, data_move_out: 34097
I1126 13:06:19.643633 44071 Coordinator.h:302] commit: 19653 abort: 2264 (0/2264/0), persistence latency 0, txn latency 0, queued lock latency 0, lock latency 0, active_txns 0, n_failed_read_lock 0, n_failed_write_lock 0, n_failed_cmd_not_ready 0, n_failed_no_cmd 0, network size: 625656, avg network size: 31.8351, si_in_serializable: 0 0 %, local: 0 %, local_access: 122322, local_cxl_access: 0 (0%), remote_access: 86178, remote_access_with_req: 27559 (31.9792%), data_move_in: 28326, data_move_out: 29169
I1126 13:06:20.644251 44071 Coordinator.h:302] commit: 25138 abort: 2496 (0/2496/0), persistence latency 0, txn latency 0, queued lock latency 0, lock latency 0, active_txns 0, n_failed_read_lock 0, n_failed_write_lock 0, n_failed_cmd_not_ready 0, n_failed_no_cmd 0, network size: 747648, avg network size: 29.7417, si_in_serializable: 0 0 %, local: 0 %, local_access: 154497, local_cxl_access: 0 (0%), remote_access: 109562, remote_access_with_req: 32594 (29.7494%), data_move_in: 32686, data_move_out: 32192
I1126 13:06:21.644578 44071 Coordinator.h:302] commit: 25552 abort: 2725 (0/2725/0), persistence latency 0, txn latency 0, queued lock latency 0, lock latency 0, active_txns 0, n_failed_read_lock 0, n_failed_write_lock 0, n_failed_cmd_not_ready 0, n_failed_no_cmd 0, network size: 702216, avg network size: 27.4818, si_in_serializable: 0 0 %, local: 0 %, local_access: 158270, local_cxl_access: 0 (0%), remote_access: 111458, remote_access_with_req: 30764 (27.6014%), data_move_in: 31440, data_move_out: 31404
I1126 13:06:22.645051 44071 Coordinator.h:302] commit: 28945 abort: 2669 (0/2669/0), persistence latency 0, txn latency 0, queued lock latency 0, lock latency 0, active_txns 0, n_failed_read_lock 0, n_failed_write_lock 0, n_failed_cmd_not_ready 0, n_failed_no_cmd 0, network size: 765096, avg network size: 26.4328, si_in_serializable: 0 0 %, local: 0 %, local_access: 177740, local_cxl_access: 0 (0%), remote_access: 125411, remote_access_with_req: 33287 (26.5423%), data_move_in: 32500, data_move_out: 30218
I1126 13:06:23.646591 44071 Coordinator.h:302] commit: 29817 abort: 2751 (0/2751/0), persistence latency 0, txn latency 0, queued lock latency 0, lock latency 0, active_txns 0, n_failed_read_lock 0, n_failed_write_lock 0, n_failed_cmd_not_ready 0, n_failed_no_cmd 0, network size: 745560, avg network size: 25.0045, si_in_serializable: 0 0 %, local: 0 %, local_access: 183063, local_cxl_access: 0 (0%), remote_access: 129418, remote_access_with_req: 32424 (25.0537%), data_move_in: 31814, data_move_out: 27182
I1126 13:06:24.646813 44071 Coordinator.h:302] commit: 30041 abort: 2827 (0/2827/0), persistence latency 0, txn latency 0, queued lock latency 0, lock latency 0, active_txns 0, n_failed_read_lock 0, n_failed_write_lock 0, n_failed_cmd_not_ready 0, n_failed_no_cmd 0, network size: 716064, avg network size: 23.8362, si_in_serializable: 0 0 %, local: 0 %, local_access: 185765, local_cxl_access: 0 (0%), remote_access: 129365, remote_access_with_req: 31173 (24.0969%), data_move_in: 30795, data_move_out: 26369
I1126 13:06:25.647046 44071 Coordinator.h:302] commit: 29623 abort: 2790 (0/2790/0), persistence latency 0, txn latency 0, queued lock latency 0, lock latency 0, active_txns 0, n_failed_read_lock 0, n_failed_write_lock 0, n_failed_cmd_not_ready 0, n_failed_no_cmd 0, network size: 697680, avg network size: 23.552, si_in_serializable: 0 0 %, local: 0 %, local_access: 182141, local_cxl_access: 0 (0%), remote_access: 128531, remote_access_with_req: 30364 (23.6239%), data_move_in: 30366, data_move_out: 27227
I1126 13:06:25.647195 44071 Coordinator.h:340] average commit: 23362.6 abort: 2206.3 (0/2206.3/0), abort_rate: 0.0862884, network size: 7454040, avg network size: 31.9059, si_in_serializable: 0 0 %, local: 0 %, local_access: 1432988, local_cxl_access: 0 (0%), remote_access: 1017777, remote_access_with_req: 323251 (31.7605%), data_move_in: 324941, data_move_out: 325756
I1126 13:06:25.647225 44071 Executor.h:221] Worker 0 latency: 58 us (50%) 89 us (75%) 217 us (95%) 454 us (99%). dist txn latency: 63 us (50%) 93 us (75%) 225 us (95%) 460 us (99%)  avg 96 us . local txn latency: 17 us (50%) 21 us (75%) 31 us (95%) 49 us (99%)  avg 19 us. txn commit latency: 58 us (50%) 88 us (75%) 213 us (95%) 443 us (99%) avg 83 us.
 LOCAL txn stall 0 us,  local_work 12 us,  remote_work 0 us,  commit_work 4 us,  commit_prepare 1 us,  commit_persistence 0 us,  commit_write_back 0 us,  commit_replication 0 us,  commit_release_lock 0 us 
 DIST txn stall 0 us,  local_work 23 us,  remote_work 49 us,  commit_work 18 us,  commit_prepare 12 us,  commit_persistence 0 us,  commit_write_back 0 us,  commit_replication 0 us,  commit_release_lock 0 us 
I1126 13:06:25.648764 44071 Executor.h:252] message stats, type: 0 count: 0 total size: 0
I1126 13:06:25.648783 44071 Executor.h:252] message stats, type: 1 count: 0 total size: 0
I1126 13:06:25.648803 44071 Executor.h:252] message stats, type: 2 count: 0 total size: 0
I1126 13:06:25.648818 44071 Executor.h:252] message stats, type: 3 count: 0 total size: 0
I1126 13:06:25.648833 44071 Executor.h:252] message stats, type: 4 count: 409035 total size: 9816840
I1126 13:06:25.648846 44071 Executor.h:252] message stats, type: 5 count: 380974 total size: 4952662
I1126 13:06:25.648861 44071 Executor.h:252] message stats, type: 6 count: 0 total size: 0
I1126 13:06:25.648875 44071 Executor.h:252] message stats, type: 7 count: 0 total size: 0
I1126 13:06:25.648890 44071 Executor.h:252] message stats, type: 8 count: 0 total size: 0
I1126 13:06:25.648911 44071 Executor.h:252] message stats, type: 9 count: 0 total size: 0
I1126 13:06:25.648926 44071 Executor.h:252] message stats, type: 10 count: 0 total size: 0
I1126 13:06:25.648941 44071 Executor.h:252] message stats, type: 11 count: 0 total size: 0
I1126 13:06:25.651875 44080 Executor.h:216] Executor 1 exits.
I1126 13:06:25.651875 44081 Executor.h:216] Executor 2 exits.
I1126 13:06:25.651875 44079 Executor.h:216] Executor 0 exits.
I1126 13:06:25.651971 44082 Manager.h:230] Manager(worker id = 3) on the coordinator node exits.
I1126 13:06:25.652477 44071 Executor.h:221] Worker 1 latency: 56 us (50%) 84 us (75%) 205 us (95%) 430 us (99%). dist txn latency: 60 us (50%) 89 us (75%) 211 us (95%) 444 us (99%)  avg 89 us . local txn latency: 18 us (50%) 20 us (75%) 25 us (95%) 30 us (99%)  avg 18 us. txn commit latency: 57 us (50%) 84 us (75%) 205 us (95%) 429 us (99%) avg 86 us.
 LOCAL txn stall 0 us,  local_work 11 us,  remote_work 0 us,  commit_work 4 us,  commit_prepare 1 us,  commit_persistence 0 us,  commit_write_back 0 us,  commit_replication 0 us,  commit_release_lock 0 us 
 DIST txn stall 0 us,  local_work 21 us,  remote_work 49 us,  commit_work 6 us,  commit_prepare 5 us,  commit_persistence 0 us,  commit_write_back 0 us,  commit_replication 0 us,  commit_release_lock 0 us 
I1126 13:06:25.653901 44071 Executor.h:221] Worker 2 latency: 70 us (50%) 139 us (75%) 381 us (95%) 663 us (99%). dist txn latency: 77 us (50%) 159 us (75%) 410 us (95%) 708 us (99%)  avg 157 us . local txn latency: 19 us (50%) 26 us (75%) 72 us (95%) 194 us (99%)  avg 39 us. txn commit latency: 69 us (50%) 138 us (75%) 365 us (95%) 640 us (99%) avg 136 us.
 LOCAL txn stall 0 us,  local_work 16 us,  remote_work 0 us,  commit_work 7 us,  commit_prepare 3 us,  commit_persistence 0 us,  commit_write_back 1 us,  commit_replication 0 us,  commit_release_lock 0 us 
 DIST txn stall 0 us,  local_work 30 us,  remote_work 103 us,  commit_work 10 us,  commit_prepare 4 us,  commit_persistence 0 us,  commit_write_back 1 us,  commit_replication 0 us,  commit_release_lock 0 us 
I1126 13:06:25.654955 44071 CXLMemory.h:147] local CXL memory usage: size_index_usage: 11154616 size_metadata_usage: 13844600 size_data_usage: 38072650 size_transport_usage: 33554880 size_misc_usage: 768 total_size_hw_cc_usage: 24999984 total_usage: 96627514
I1126 13:06:25.654959 44071 SCCManager.h:37] software cache-coherence statistics: num_clflush: 1846212 num_clwb: 1578639 num_cache_hit: 1706513 num_cache_miss: 1846212 cache hit rate: 48.0339%
I1126 13:06:25.657266 44071 Coordinator.h:583] Global Stats: total_commit: 187172 total_size_index_usage: 89149584 total_size_metadata_usage: 110848920 total_size_data_usage: 304834530 total_size_transport_usage: 33554880 total_size_misc_usage: 768 total_hw_cc_usage: 199999272 total_usage: 538388682
I1126 13:06:26.657341 44077 Dispatcher.h:154] Incoming Dispatcher exits, network size: 73577465. socket_message_recv_latency(50th) 2 socket_message_recv_latency(75th) 2 socket_message_recv_latency(95th) 4 socket_message_recv_latency(99th) 6 internal_message_recv_latency(50th) 0 socket_message_recv_cnt 34094 socket_read_syscall 51602691 internal_message_recv_cnt 0
I1126 13:06:26.658252 44071 WALLogger.h:536] Group Commit Stats: 24505 us (50%) 52376 us (75%) 115550 us (95%) 134860 us (99%) 35343 us (avg) committed_txn_cnt 353586
I1126 13:06:26.659523 44071 WALLogger.h:542] Queuing Stats: 26782 us (50%) 58888 us (75%) 120546 us (95%) 135400 us (99%) 37738 us (avg)
I1126 13:06:26.659662 44071 WALLogger.h:547] Disk Sync Stats: 218 us (50%) 227 us (75%) 284 us (95%) 4149 us (99%) 336 us (avg) disk_sync_cnt 55465 disk_sync_size 93292705 current global epoch 100133
I1126 13:06:26.688714 44071 Coordinator.h:150] round_trip_latency 24 (50th) 26 (75th) 45 (95th) 45 (99th) 
I1126 13:06:26.688817 44071 Coordinator.h:401] Coordinator exits.
killing previous experiments...
killing previous experiments...
deleting log files...
initializing cxl memory...
I1126 13:07:13.085459 44282 bench_ycsb.cpp:66] RW_RATIO = 80, ZIPF_THETA = 0.99, CROSS_RATIO = 100
I1126 13:07:13.085526 44282 bench_ycsb.cpp:67] checkpoint 1 to 
I1126 13:07:13.085529 44282 bench_ycsb.cpp:68] cross_part_num 2
I1126 13:07:13.085531 44282 bench_ycsb.cpp:69] lotus_sp_parallel_exec_commit 0
I1126 13:07:13.085533 44282 bench_ycsb.cpp:70] granules_per_partition 2000
I1126 13:07:13.085536 44282 bench_ycsb.cpp:71] keysPerGranule 500
I1126 13:07:14.005959 44282 Database.h:81] ycsb initialization finished in 899 milliseconds.
I1126 13:07:14.056387 44282 CXLMemory.h:49] cxlalloc initialized for thread 0 (global ID = 0) on host 0
I1126 13:07:14.056411 44282 MPSCRingBuffer.h:35] entry_struct_size: 1024 entry_num: 4096
I1126 13:07:14.058331 44282 MPSCRingBuffer.h:35] entry_struct_size: 1024 entry_num: 4096
I1126 13:07:14.060333 44282 MPSCRingBuffer.h:35] entry_struct_size: 1024 entry_num: 4096
I1126 13:07:14.062325 44282 MPSCRingBuffer.h:35] entry_struct_size: 1024 entry_num: 4096
I1126 13:07:14.064352 44282 MPSCRingBuffer.h:35] entry_struct_size: 1024 entry_num: 4096
I1126 13:07:14.066350 44282 MPSCRingBuffer.h:35] entry_struct_size: 1024 entry_num: 4096
I1126 13:07:14.068406 44282 MPSCRingBuffer.h:35] entry_struct_size: 1024 entry_num: 4096
I1126 13:07:14.070616 44282 MPSCRingBuffer.h:35] entry_struct_size: 1024 entry_num: 4096
I1126 13:07:14.072783 44282 Coordinator.h:416] Coordinator 0 initializes CXL transport metadata (8 ringbuffers each with 4096 entries (each 1015 Bytes)
I1126 13:07:14.072959 44282 Coordinator.h:81] WAL Group Commiting to file [/root/pasha_log_group_commit.txt] using GroupCommit Logger
I1126 13:07:14.072965 44282 Coordinator.h:96] Coordinator initializes 3 workers.
I1126 13:07:14.073105 44282 Database.h:227] YCSB initializes data migration metadata
I1126 13:07:14.073108 44282 TwoPLPashaExecutor.h:52] total hardware budget = 200000000 per host = 25000000
I1126 13:07:14.073361 44287 Coordinator.h:453] Listener 0 on coordinator 0 listening on 192.168.100.2:1234 tcp_no_delay 1 tcp_quick_ack 0
I1126 13:07:14.073593 44282 Coordinator.h:499] Coordinator 0 failed to connect 1(192.168.100.3:1234)'s listener 0, retry in 5 seconds.
I1126 13:07:14.073964 44287 Socket.h:69] Disabling nagle
I1126 13:07:14.073971 44287 Coordinator.h:468] Listener accepted connection from coordinator 3
I1126 13:07:14.073982 44287 Socket.h:69] Disabling nagle
I1126 13:07:14.073983 44287 Coordinator.h:468] Listener accepted connection from coordinator 5
I1126 13:07:14.073990 44287 Socket.h:69] Disabling nagle
I1126 13:07:14.073992 44287 Coordinator.h:468] Listener accepted connection from coordinator 7
I1126 13:07:14.073998 44287 Socket.h:69] Disabling nagle
I1126 13:07:14.073999 44287 Coordinator.h:468] Listener accepted connection from coordinator 6
I1126 13:07:14.074193 44287 Socket.h:69] Disabling nagle
I1126 13:07:14.074196 44287 Coordinator.h:468] Listener accepted connection from coordinator 2
I1126 13:07:14.074203 44287 Socket.h:69] Disabling nagle
I1126 13:07:14.074204 44287 Coordinator.h:468] Listener accepted connection from coordinator 4
I1126 13:07:14.094911 44287 Socket.h:69] Disabling nagle
I1126 13:07:14.094920 44287 Coordinator.h:468] Listener accepted connection from coordinator 1
I1126 13:07:14.094921 44287 Coordinator.h:471] Listener 0 on coordinator 0 exits.
I1126 13:07:19.073791 44282 Socket.h:69] Disabling nagle
I1126 13:07:19.073804 44282 Coordinator.h:508] Coordinator 0 connected to 1
I1126 13:07:19.073904 44282 Socket.h:69] Disabling nagle
I1126 13:07:19.073906 44282 Coordinator.h:508] Coordinator 0 connected to 2
I1126 13:07:19.073995 44282 Socket.h:69] Disabling nagle
I1126 13:07:19.073999 44282 Coordinator.h:508] Coordinator 0 connected to 3
I1126 13:07:19.074072 44282 Socket.h:69] Disabling nagle
I1126 13:07:19.074076 44282 Coordinator.h:508] Coordinator 0 connected to 4
I1126 13:07:19.074168 44282 Socket.h:69] Disabling nagle
I1126 13:07:19.074172 44282 Coordinator.h:508] Coordinator 0 connected to 5
I1126 13:07:19.074247 44282 Socket.h:69] Disabling nagle
I1126 13:07:19.074265 44282 Coordinator.h:508] Coordinator 0 connected to 6
I1126 13:07:19.074364 44282 Socket.h:69] Disabling nagle
I1126 13:07:19.074376 44282 Coordinator.h:508] Coordinator 0 connected to 7
I1126 13:07:19.074393 44282 Coordinator.h:520] Coordinator 0 connected to all peers.
I1126 13:07:19.074409 44282 Dispatcher.h:38] IncomingDispatcher 0 coord_id 0
I1126 13:07:19.074445 44282 Dispatcher.h:210] OutgoingDispatcher 0 coord_id 0
I1126 13:07:19.074477 44282 Coordinator.h:613] pinned thread to core 0
I1126 13:07:19.074496 44288 Dispatcher.h:57] Incoming Dispatcher started, numCoordinators = 8, numWorkers = 3, group id = 0, coordinator = 0
I1126 13:07:19.074520 44282 Coordinator.h:613] pinned thread to core 1
I1126 13:07:19.074524 44282 Coordinator.h:211] Coordinator starts to run 4 workers.
I1126 13:07:19.074544 44289 WALLogger.h:456] logger thread started!
I1126 13:07:19.074560 44282 Coordinator.h:613] pinned thread to core 2
I1126 13:07:19.074586 44290 Executor.h:78] Executor 0 starts.
I1126 13:07:19.074643 44290 CXLMemory.h:49] cxlalloc initialized for thread 1 (global ID = 1) on host 0
I1126 13:07:19.074662 44282 Coordinator.h:613] pinned thread to core 3
I1126 13:07:19.074669 44291 Executor.h:78] Executor 1 starts.
I1126 13:07:19.074712 44291 CXLMemory.h:49] cxlalloc initialized for thread 2 (global ID = 2) on host 0
I1126 13:07:19.074811 44282 Coordinator.h:613] pinned thread to core 4
I1126 13:07:19.074827 44292 Executor.h:78] Executor 2 starts.
I1126 13:07:19.075088 44292 CXLMemory.h:49] cxlalloc initialized for thread 3 (global ID = 3) on host 0
I1126 13:07:19.075134 44293 Manager.h:228] Manager(worker id = 3) on the coordinator node started.
I1126 13:07:20.075204 44282 Coordinator.h:302] commit: 29317 abort: 12 (0/12/0), persistence latency 0, txn latency 0, queued lock latency 0, lock latency 0, active_txns 0, n_failed_read_lock 0, n_failed_write_lock 0, n_failed_cmd_not_ready 0, n_failed_no_cmd 0, network size: 3140280, avg network size: 107.115, si_in_serializable: 0 0 %, local: 0 %, local_access: 159352, local_cxl_access: 0 (0%), remote_access: 133962, remote_access_with_req: 130912 (97.7232%), data_move_in: 131209, data_move_out: 0
I1126 13:07:21.075933 44282 Coordinator.h:302] commit: 16358 abort: 9 (0/9/0), persistence latency 0, txn latency 0, queued lock latency 0, lock latency 0, active_txns 0, n_failed_read_lock 0, n_failed_write_lock 0, n_failed_cmd_not_ready 0, n_failed_no_cmd 0, network size: 1694448, avg network size: 103.585, si_in_serializable: 0 0 %, local: 0 %, local_access: 89000, local_cxl_access: 0 (0%), remote_access: 74670, remote_access_with_req: 70637 (94.5989%), data_move_in: 69996, data_move_out: 0
I1126 13:07:22.078037 44282 Coordinator.h:302] commit: 20113 abort: 8 (0/8/0), persistence latency 0, txn latency 0, queued lock latency 0, lock latency 0, active_txns 0, n_failed_read_lock 0, n_failed_write_lock 0, n_failed_cmd_not_ready 0, n_failed_no_cmd 0, network size: 2022408, avg network size: 100.552, si_in_serializable: 0 0 %, local: 0 %, local_access: 109305, local_cxl_access: 0 (0%), remote_access: 91895, remote_access_with_req: 84298 (91.733%), data_move_in: 84530, data_move_out: 0
I1126 13:07:23.078429 44282 Coordinator.h:302] commit: 16416 abort: 4 (0/4/0), persistence latency 0, txn latency 0, queued lock latency 0, lock latency 0, active_txns 0, n_failed_read_lock 0, n_failed_write_lock 0, n_failed_cmd_not_ready 0, n_failed_no_cmd 0, network size: 1603008, avg network size: 97.6491, si_in_serializable: 0 0 %, local: 0 %, local_access: 89449, local_cxl_access: 0 (0%), remote_access: 74759, remote_access_with_req: 66810 (89.3672%), data_move_in: 66333, data_move_out: 0
I1126 13:07:24.078822 44282 Coordinator.h:302] commit: 11200 abort: 8 (0/8/0), persistence latency 0, txn latency 0, queued lock latency 0, lock latency 0, active_txns 0, n_failed_read_lock 0, n_failed_write_lock 0, n_failed_cmd_not_ready 0, n_failed_no_cmd 0, network size: 1075584, avg network size: 96.0343, si_in_serializable: 0 0 %, local: 0 %, local_access: 61123, local_cxl_access: 0 (0%), remote_access: 50953, remote_access_with_req: 44853 (88.0282%), data_move_in: 43685, data_move_out: 39736
I1126 13:07:25.079355 44282 Coordinator.h:302] commit: 10770 abort: 5 (0/5/0), persistence latency 0, txn latency 0, queued lock latency 0, lock latency 0, active_txns 0, n_failed_read_lock 0, n_failed_write_lock 0, n_failed_cmd_not_ready 0, n_failed_no_cmd 0, network size: 1042272, avg network size: 96.7755, si_in_serializable: 0 0 %, local: 0 %, local_access: 58585, local_cxl_access: 0 (0%), remote_access: 49165, remote_access_with_req: 43452 (88.3799%), data_move_in: 43157, data_move_out: 44609
I1126 13:07:26.079591 44282 Coordinator.h:302] commit: 10793 abort: 3 (0/3/0), persistence latency 0, txn latency 0, queued lock latency 0, lock latency 0, active_txns 0, n_failed_read_lock 0, n_failed_write_lock 0, n_failed_cmd_not_ready 0, n_failed_no_cmd 0, network size: 1047984, avg network size: 97.0985, si_in_serializable: 0 0 %, local: 0 %, local_access: 58396, local_cxl_access: 0 (0%), remote_access: 49556, remote_access_with_req: 43672 (88.1266%), data_move_in: 44343, data_move_out: 45965
I1126 13:07:27.079809 44282 Coordinator.h:302] commit: 11119 abort: 6 (0/6/0), persistence latency 0, txn latency 0, queued lock latency 0, lock latency 0, active_txns 0, n_failed_read_lock 0, n_failed_write_lock 0, n_failed_cmd_not_ready 0, n_failed_no_cmd 0, network size: 1080336, avg network size: 97.1613, si_in_serializable: 0 0 %, local: 0 %, local_access: 60312, local_cxl_access: 0 (0%), remote_access: 50933, remote_access_with_req: 45036 (88.422%), data_move_in: 45715, data_move_out: 46568
I1126 13:07:28.080272 44282 Coordinator.h:302] commit: 13057 abort: 5 (0/5/0), persistence latency 0, txn latency 0, queued lock latency 0, lock latency 0, active_txns 0, n_failed_read_lock 0, n_failed_write_lock 0, n_failed_cmd_not_ready 0, n_failed_no_cmd 0, network size: 1266840, avg network size: 97.0238, si_in_serializable: 0 0 %, local: 0 %, local_access: 70816, local_cxl_access: 0 (0%), remote_access: 59796, remote_access_with_req: 52803 (88.3052%), data_move_in: 53321, data_move_out: 55457
I1126 13:07:29.080603 44282 Coordinator.h:302] commit: 15774 abort: 4 (0/4/0), persistence latency 0, txn latency 0, queued lock latency 0, lock latency 0, active_txns 0, n_failed_read_lock 0, n_failed_write_lock 0, n_failed_cmd_not_ready 0, n_failed_no_cmd 0, network size: 1530096, avg network size: 97.0011, si_in_serializable: 0 0 %, local: 0 %, local_access: 85500, local_cxl_access: 0 (0%), remote_access: 72271, remote_access_with_req: 63771 (88.2387%), data_move_in: 65000, data_move_out: 66452
I1126 13:07:30.081199 44282 Coordinator.h:302] commit: 16395 abort: 5 (0/5/0), persistence latency 0, txn latency 0, queued lock latency 0, lock latency 0, active_txns 0, n_failed_read_lock 0, n_failed_write_lock 0, n_failed_cmd_not_ready 0, n_failed_no_cmd 0, network size: 1576776, avg network size: 96.1742, si_in_serializable: 0 0 %, local: 0 %, local_access: 89447, local_cxl_access: 0 (0%), remote_access: 74556, remote_access_with_req: 65715 (88.1418%), data_move_in: 66147, data_move_out: 67343
I1126 13:07:31.081419 44282 Coordinator.h:302] commit: 19691 abort: 2019 (0/2019/0), persistence latency 0, txn latency 0, queued lock latency 0, lock latency 0, active_txns 0, n_failed_read_lock 0, n_failed_write_lock 0, n_failed_cmd_not_ready 0, n_failed_no_cmd 0, network size: 912480, avg network size: 46.34, si_in_serializable: 0 0 %, local: 0 %, local_access: 112253, local_cxl_access: 0 (0%), remote_access: 95128, remote_access_with_req: 39870 (41.912%), data_move_in: 40455, data_move_out: 53198
I1126 13:07:32.081961 44282 Coordinator.h:302] commit: 22467 abort: 2286 (0/2286/0), persistence latency 0, txn latency 0, queued lock latency 0, lock latency 0, active_txns 0, n_failed_read_lock 0, n_failed_write_lock 0, n_failed_cmd_not_ready 0, n_failed_no_cmd 0, network size: 835992, avg network size: 37.2098, si_in_serializable: 0 0 %, local: 0 %, local_access: 127887, local_cxl_access: 0 (0%), remote_access: 108546, remote_access_with_req: 36475 (33.6033%), data_move_in: 36459, data_move_out: 42373
I1126 13:07:33.082481 44282 Coordinator.h:302] commit: 20558 abort: 2065 (0/2065/0), persistence latency 0, txn latency 0, queued lock latency 0, lock latency 0, active_txns 0, n_failed_read_lock 0, n_failed_write_lock 0, n_failed_cmd_not_ready 0, n_failed_no_cmd 0, network size: 687480, avg network size: 33.441, si_in_serializable: 0 0 %, local: 0 %, local_access: 117251, local_cxl_access: 0 (0%), remote_access: 99011, remote_access_with_req: 30013 (30.3128%), data_move_in: 29874, data_move_out: 31676
I1126 13:07:34.082759 44282 Coordinator.h:302] commit: 15986 abort: 1681 (0/1681/0), persistence latency 0, txn latency 0, queued lock latency 0, lock latency 0, active_txns 0, n_failed_read_lock 0, n_failed_write_lock 0, n_failed_cmd_not_ready 0, n_failed_no_cmd 0, network size: 505752, avg network size: 31.6372, si_in_serializable: 0 0 %, local: 0 %, local_access: 91292, local_cxl_access: 0 (0%), remote_access: 77195, remote_access_with_req: 22092 (28.6184%), data_move_in: 21720, data_move_out: 19351
I1126 13:07:35.082998 44282 Coordinator.h:302] commit: 18414 abort: 1939 (0/1939/0), persistence latency 0, txn latency 0, queued lock latency 0, lock latency 0, active_txns 0, n_failed_read_lock 0, n_failed_write_lock 0, n_failed_cmd_not_ready 0, n_failed_no_cmd 0, network size: 567672, avg network size: 30.8283, si_in_serializable: 0 0 %, local: 0 %, local_access: 104970, local_cxl_access: 0 (0%), remote_access: 89111, remote_access_with_req: 24807 (27.8383%), data_move_in: 25134, data_move_out: 21418
I1126 13:07:36.083217 44282 Coordinator.h:302] commit: 21897 abort: 2266 (0/2266/0), persistence latency 0, txn latency 0, queued lock latency 0, lock latency 0, active_txns 0, n_failed_read_lock 0, n_failed_write_lock 0, n_failed_cmd_not_ready 0, n_failed_no_cmd 0, network size: 631104, avg network size: 28.8215, si_in_serializable: 0 0 %, local: 0 %, local_access: 124598, local_cxl_access: 0 (0%), remote_access: 106160, remote_access_with_req: 27617 (26.0145%), data_move_in: 28039, data_move_out: 26151
I1126 13:07:37.083514 44282 Coordinator.h:302] commit: 18022 abort: 2075 (0/2075/0), persistence latency 0, txn latency 0, queued lock latency 0, lock latency 0, active_txns 0, n_failed_read_lock 0, n_failed_write_lock 0, n_failed_cmd_not_ready 0, n_failed_no_cmd 0, network size: 509496, avg network size: 28.2708, si_in_serializable: 0 0 %, local: 0 %, local_access: 103026, local_cxl_access: 0 (0%), remote_access: 87838, remote_access_with_req: 22380 (25.4787%), data_move_in: 21858, data_move_out: 18701
I1126 13:07:38.083930 44282 Coordinator.h:302] commit: 21802 abort: 2058 (0/2058/0), persistence latency 0, txn latency 0, queued lock latency 0, lock latency 0, active_txns 0, n_failed_read_lock 0, n_failed_write_lock 0, n_failed_cmd_not_ready 0, n_failed_no_cmd 0, network size: 593352, avg network size: 27.2155, si_in_serializable: 0 0 %, local: 0 %, local_access: 123792, local_cxl_access: 0 (0%), remote_access: 104820, remote_access_with_req: 25793 (24.6069%), data_move_in: 24806, data_move_out: 22038
I1126 13:07:39.084168 44282 Coordinator.h:302] commit: 25862 abort: 2543 (0/2543/0), persistence latency 0, txn latency 0, queued lock latency 0, lock latency 0, active_txns 0, n_failed_read_lock 0, n_failed_write_lock 0, n_failed_cmd_not_ready 0, n_failed_no_cmd 0, network size: 683304, avg network size: 26.4212, si_in_serializable: 0 0 %, local: 0 %, local_access: 146927, local_cxl_access: 0 (0%), remote_access: 124659, remote_access_with_req: 29760 (23.8731%), data_move_in: 29038, data_move_out: 25931
I1126 13:07:39.084861 44282 Coordinator.h:340] average commit: 20109.4 abort: 1893.7 (0/1893.7/0), abort_rate: 0.0860651, network size: 7503408, avg network size: 37.3129, si_in_serializable: 0 0 %, local: 0 %, local_access: 1141443, local_cxl_access: 0 (0%), remote_access: 967024, remote_access_with_req: 324522 (33.5588%), data_move_in: 323530, data_move_out: 328180
I1126 13:07:39.085376 44282 Executor.h:221] Worker 0 latency: 62 us (50%) 89 us (75%) 210 us (95%) 423 us (99%). dist txn latency: 62 us (50%) 90 us (75%) 217 us (95%) 448 us (99%)  avg 107 us . local txn latency: 0 us (50%) 0 us (75%) 0 us (95%) 0 us (99%)  avg 0 us. txn commit latency: 62 us (50%) 90 us (75%) 213 us (95%) 447 us (99%) avg 108 us.
 LOCAL txn stall 0 us,  local_work 0 us,  remote_work 0 us,  commit_work 0 us,  commit_prepare 0 us,  commit_persistence 0 us,  commit_write_back 0 us,  commit_replication 0 us,  commit_release_lock 0 us 
 DIST txn stall 0 us,  local_work 21 us,  remote_work 99 us,  commit_work 8 us,  commit_prepare 1 us,  commit_persistence 0 us,  commit_write_back 0 us,  commit_replication 0 us,  commit_release_lock 0 us 
I1126 13:07:39.091012 44282 Executor.h:252] message stats, type: 0 count: 0 total size: 0
I1126 13:07:39.091300 44282 Executor.h:252] message stats, type: 1 count: 0 total size: 0
I1126 13:07:39.091557 44282 Executor.h:252] message stats, type: 2 count: 0 total size: 0
I1126 13:07:39.091805 44282 Executor.h:252] message stats, type: 3 count: 0 total size: 0
I1126 13:07:39.092042 44282 Executor.h:252] message stats, type: 4 count: 381698 total size: 9160752
I1126 13:07:39.092072 44282 Executor.h:252] message stats, type: 5 count: 377498 total size: 4907474
I1126 13:07:39.092088 44282 Executor.h:252] message stats, type: 6 count: 0 total size: 0
I1126 13:07:39.092103 44282 Executor.h:252] message stats, type: 7 count: 0 total size: 0
I1126 13:07:39.092118 44282 Executor.h:252] message stats, type: 8 count: 0 total size: 0
I1126 13:07:39.092129 44282 Executor.h:252] message stats, type: 9 count: 0 total size: 0
I1126 13:07:39.092141 44282 Executor.h:252] message stats, type: 10 count: 0 total size: 0
I1126 13:07:39.092155 44282 Executor.h:252] message stats, type: 11 count: 0 total size: 0
I1126 13:07:39.093726 44290 Executor.h:216] Executor 0 exits.
I1126 13:07:39.093726 44291 Executor.h:216] Executor 1 exits.
I1126 13:07:39.093726 44292 Executor.h:216] Executor 2 exits.
I1126 13:07:39.093768 44293 Manager.h:230] Manager(worker id = 3) on the coordinator node exits.
I1126 13:07:39.094005 44282 Executor.h:221] Worker 1 latency: 62 us (50%) 91 us (75%) 216 us (95%) 478 us (99%). dist txn latency: 62 us (50%) 90 us (75%) 219 us (95%) 464 us (99%)  avg 102 us . local txn latency: 0 us (50%) 0 us (75%) 0 us (95%) 0 us (99%)  avg 0 us. txn commit latency: 62 us (50%) 91 us (75%) 215 us (95%) 470 us (99%) avg 119 us.
 LOCAL txn stall 0 us,  local_work 0 us,  remote_work 0 us,  commit_work 0 us,  commit_prepare 0 us,  commit_persistence 0 us,  commit_write_back 0 us,  commit_replication 0 us,  commit_release_lock 0 us 
 DIST txn stall 0 us,  local_work 21 us,  remote_work 64 us,  commit_work 6 us,  commit_prepare 2 us,  commit_persistence 0 us,  commit_write_back 0 us,  commit_replication 0 us,  commit_release_lock 0 us 
I1126 13:07:39.095531 44282 Executor.h:221] Worker 2 latency: 77 us (50%) 159 us (75%) 403 us (95%) 715 us (99%). dist txn latency: 78 us (50%) 175 us (75%) 420 us (95%) 714 us (99%)  avg 163 us . local txn latency: 0 us (50%) 0 us (75%) 0 us (95%) 0 us (99%)  avg 0 us. txn commit latency: 78 us (50%) 166 us (75%) 415 us (95%) 689 us (99%) avg 166 us.
 LOCAL txn stall 0 us,  local_work 0 us,  remote_work 0 us,  commit_work 0 us,  commit_prepare 0 us,  commit_persistence 0 us,  commit_write_back 0 us,  commit_replication 0 us,  commit_release_lock 0 us 
 DIST txn stall 0 us,  local_work 31 us,  remote_work 137 us,  commit_work 10 us,  commit_prepare 4 us,  commit_persistence 0 us,  commit_write_back 1 us,  commit_replication 0 us,  commit_release_lock 0 us 
I1126 13:07:39.096408 44282 CXLMemory.h:147] local CXL memory usage: size_index_usage: 11246672 size_metadata_usage: 13752520 size_data_usage: 37819430 size_transport_usage: 33554880 size_misc_usage: 768 total_size_hw_cc_usage: 24999960 total_usage: 96374270
I1126 13:07:39.096412 44282 SCCManager.h:37] software cache-coherence statistics: num_clflush: 1729542 num_clwb: 1458672 num_cache_hit: 1438509 num_cache_miss: 1729542 cache hit rate: 45.4068%
I1126 13:07:39.098703 44282 Coordinator.h:583] Global Stats: total_commit: 159831 total_size_index_usage: 89656256 total_size_metadata_usage: 110339560 total_size_data_usage: 303433790 total_size_transport_usage: 33554880 total_size_misc_usage: 768 total_hw_cc_usage: 199996584 total_usage: 536985254
I1126 13:07:40.098781 44288 Dispatcher.h:154] Incoming Dispatcher exits, network size: 69774098. socket_message_recv_latency(50th) 2 socket_message_recv_latency(75th) 2 socket_message_recv_latency(95th) 4 socket_message_recv_latency(99th) 14 internal_message_recv_latency(50th) 0 socket_message_recv_cnt 31769 socket_read_syscall 50759044 internal_message_recv_cnt 0
I1126 13:07:40.099634 44282 WALLogger.h:536] Group Commit Stats: 22431 us (50%) 45780 us (75%) 94901 us (95%) 129681 us (99%) 30711 us (avg) committed_txn_cnt 316902
I1126 13:07:40.100723 44282 WALLogger.h:542] Queuing Stats: 23818 us (50%) 49195 us (75%) 103244 us (95%) 130760 us (99%) 32533 us (avg)
I1126 13:07:40.100878 44282 WALLogger.h:547] Disk Sync Stats: 216 us (50%) 227 us (75%) 283 us (95%) 4354 us (99%) 340 us (avg) disk_sync_cnt 55907 disk_sync_size 83735327 current global epoch 103320
I1126 13:07:40.130945 44282 Coordinator.h:150] round_trip_latency 27 (50th) 27 (75th) 30 (95th) 30 (99th) 
I1126 13:07:40.131088 44282 Coordinator.h:401] Coordinator exits.
killing previous experiments...
