I1122 10:20:04.300755 327002 Coordinator.h:211] Coordinator starts to run 4 workers.
I1122 10:20:04.300771 327012 WALLogger.h:452] logger thread started!
I1122 10:20:04.300781 327002 Coordinator.h:608] pinned thread to core 2
I1122 10:20:04.300855 327002 Coordinator.h:608] pinned thread to core 3
I1122 10:20:04.300877 327014 Executor.h:78] Executor 1 starts.
I1122 10:20:04.300925 327002 Coordinator.h:608] pinned thread to core 4
I1122 10:20:04.300926 327014 CXLMemory.h:46] cxlalloc initialized for thread 2 (global ID = 2) on host 0
I1122 10:20:04.300946 327015 Executor.h:78] Executor 2 starts.
I1122 10:20:04.301021 327015 CXLMemory.h:46] cxlalloc initialized for thread 3 (global ID = 3) on host 0
I1122 10:20:04.301096 327016 Manager.h:228] Manager(worker id = 3) on the coordinator node started.
I1122 10:20:04.301101 327013 Executor.h:78] Executor 0 starts.
I1122 10:20:04.301661 327013 CXLMemory.h:46] cxlalloc initialized for thread 1 (global ID = 1) on host 0
I1122 10:20:05.301146 327002 Coordinator.h:302] commit: 84779 abort: 28 (28/0/0), persistence latency 0, txn latency 0, queued lock latency 0, lock latency 0, active_txns 0, n_failed_read_lock 0, n_failed_write_lock 0, n_failed_cmd_not_ready 0, n_failed_no_cmd 0, network size: 20616130, avg network size: 243.175, si_in_serializable: 0 0 %, local: 13.3524 %, local_access: 0, local_cxl_access: 0 (-nan%), remote_access: 0, remote_access_with_req: 0 (-nan%), data_move_in: 0, data_move_out: 0
I1122 10:20:06.301486 327002 Coordinator.h:302] commit: 84272 abort: 90 (90/0/0), persistence latency 0, txn latency 0, queued lock latency 0, lock latency 0, active_txns 0, n_failed_read_lock 0, n_failed_write_lock 0, n_failed_cmd_not_ready 0, n_failed_no_cmd 0, network size: 20499825, avg network size: 243.258, si_in_serializable: 0 0 %, local: 13.2571 %, local_access: 0, local_cxl_access: 0 (-nan%), remote_access: 0, remote_access_with_req: 0 (-nan%), data_move_in: 0, data_move_out: 0
I1122 10:20:07.301599 327002 Coordinator.h:302] commit: 82219 abort: 113 (113/0/0), persistence latency 0, txn latency 0, queued lock latency 0, lock latency 0, active_txns 0, n_failed_read_lock 0, n_failed_write_lock 0, n_failed_cmd_not_ready 0, n_failed_no_cmd 0, network size: 19970362, avg network size: 242.892, si_in_serializable: 0 0 %, local: 13.1867 %, local_access: 0, local_cxl_access: 0 (-nan%), remote_access: 0, remote_access_with_req: 0 (-nan%), data_move_in: 0, data_move_out: 0
I1122 10:20:08.301852 327002 Coordinator.h:302] commit: 83082 abort: 175 (175/0/0), persistence latency 0, txn latency 0, queued lock latency 0, lock latency 0, active_txns 0, n_failed_read_lock 0, n_failed_write_lock 0, n_failed_cmd_not_ready 0, n_failed_no_cmd 0, network size: 20192367, avg network size: 243.041, si_in_serializable: 0 0 %, local: 12.7826 %, local_access: 0, local_cxl_access: 0 (-nan%), remote_access: 0, remote_access_with_req: 0 (-nan%), data_move_in: 0, data_move_out: 0
I1122 10:20:09.301967 327002 Coordinator.h:302] commit: 83202 abort: 247 (247/0/0), persistence latency 0, txn latency 0, queued lock latency 0, lock latency 0, active_txns 0, n_failed_read_lock 0, n_failed_write_lock 0, n_failed_cmd_not_ready 0, n_failed_no_cmd 0, network size: 20274464, avg network size: 243.678, si_in_serializable: 0 0 %, local: 12.5826 %, local_access: 0, local_cxl_access: 0 (-nan%), remote_access: 0, remote_access_with_req: 0 (-nan%), data_move_in: 0, data_move_out: 0
I1122 10:20:10.302115 327002 Coordinator.h:302] commit: 82790 abort: 273 (273/0/0), persistence latency 0, txn latency 0, queued lock latency 0, lock latency 0, active_txns 0, n_failed_read_lock 0, n_failed_write_lock 0, n_failed_cmd_not_ready 0, n_failed_no_cmd 0, network size: 20210484, avg network size: 244.117, si_in_serializable: 0 0 %, local: 12.2515 %, local_access: 0, local_cxl_access: 0 (-nan%), remote_access: 0, remote_access_with_req: 0 (-nan%), data_move_in: 0, data_move_out: 0
I1122 10:20:11.302232 327002 Coordinator.h:302] commit: 82472 abort: 353 (353/0/0), persistence latency 0, txn latency 0, queued lock latency 0, lock latency 0, active_txns 0, n_failed_read_lock 0, n_failed_write_lock 0, n_failed_cmd_not_ready 0, n_failed_no_cmd 0, network size: 20125550, avg network size: 244.029, si_in_serializable: 0 0 %, local: 12.2029 %, local_access: 0, local_cxl_access: 0 (-nan%), remote_access: 0, remote_access_with_req: 0 (-nan%), data_move_in: 0, data_move_out: 0
I1122 10:20:12.302479 327002 Coordinator.h:302] commit: 80476 abort: 343 (343/0/0), persistence latency 0, txn latency 0, queued lock latency 0, lock latency 0, active_txns 0, n_failed_read_lock 0, n_failed_write_lock 0, n_failed_cmd_not_ready 0, n_failed_no_cmd 0, network size: 19608441, avg network size: 243.656, si_in_serializable: 0 0 %, local: 12.062 %, local_access: 0, local_cxl_access: 0 (-nan%), remote_access: 0, remote_access_with_req: 0 (-nan%), data_move_in: 0, data_move_out: 0
I1122 10:20:13.302620 327002 Coordinator.h:302] commit: 80697 abort: 402 (402/0/0), persistence latency 0, txn latency 0, queued lock latency 0, lock latency 0, active_txns 0, n_failed_read_lock 0, n_failed_write_lock 0, n_failed_cmd_not_ready 0, n_failed_no_cmd 0, network size: 19755636, avg network size: 244.813, si_in_serializable: 0 0 %, local: 11.9509 %, local_access: 0, local_cxl_access: 0 (-nan%), remote_access: 0, remote_access_with_req: 0 (-nan%), data_move_in: 0, data_move_out: 0
I1122 10:20:14.302739 327002 Coordinator.h:302] commit: 81707 abort: 480 (480/0/0), persistence latency 0, txn latency 0, queued lock latency 0, lock latency 0, active_txns 0, n_failed_read_lock 0, n_failed_write_lock 0, n_failed_cmd_not_ready 0, n_failed_no_cmd 0, network size: 19915623, avg network size: 243.744, si_in_serializable: 0 0 %, local: 11.8203 %, local_access: 0, local_cxl_access: 0 (-nan%), remote_access: 0, remote_access_with_req: 0 (-nan%), data_move_in: 0, data_move_out: 0
I1122 10:20:14.302783 327002 Coordinator.h:340] average commit: 81628.4 abort: 370.2 (370.2/0/0), abort_rate: 0, network size: 99615734, avg network size: 244.071, si_in_serializable: 0 0 %, local: 12.0585 %, local_access: 0, local_cxl_access: 0 (-nan%), remote_access: 0, remote_access_with_req: 0 (-nan%), data_move_in: 0, data_move_out: 0
I1122 10:20:14.302793 327002 Executor.h:221] Worker 0 latency: 35 us (50%) 41 us (75%) 63 us (95%) 129 us (99%). dist txn latency: 36 us (50%) 42 us (75%) 65 us (95%) 132 us (99%)  avg 38 us . local txn latency: 6 us (50%) 7 us (75%) 9 us (95%) 10 us (99%)  avg 5 us. txn commit latency: 35 us (50%) 41 us (75%) 62 us (95%) 128 us (99%) avg 34 us.
 LOCAL txn stall 0 us,  local_work 2 us,  remote_work 0 us,  commit_work 2 us,  commit_prepare 0 us,  commit_persistence 0 us,  commit_write_back 0 us,  commit_replication 0 us,  commit_release_lock 0 us 
 DIST txn stall 0 us,  local_work 0 us,  remote_work 13 us,  commit_work 23 us,  commit_prepare 10 us,  commit_persistence 0 us,  commit_write_back 10 us,  commit_replication 0 us,  commit_release_lock 0 us 
I1122 10:20:14.305023 327002 Executor.h:252] message stats, type: 0 count: 0 total size: 0
I1122 10:20:14.305038 327002 Executor.h:252] message stats, type: 1 count: 0 total size: 0
I1122 10:20:14.305040 327002 Executor.h:252] message stats, type: 2 count: 0 total size: 0
I1122 10:20:14.305042 327002 Executor.h:252] message stats, type: 3 count: 0 total size: 0
I1122 10:20:14.305044 327002 Executor.h:252] message stats, type: 4 count: 0 total size: 0
I1122 10:20:14.305047 327002 Executor.h:252] message stats, type: 5 count: 0 total size: 0
I1122 10:20:14.305047 327002 Executor.h:252] message stats, type: 6 count: 211408 total size: 23610416
I1122 10:20:14.305049 327002 Executor.h:252] message stats, type: 7 count: 213693 total size: 1923237
I1122 10:20:14.305051 327002 Executor.h:252] message stats, type: 8 count: 380478 total size: 14077686
I1122 10:20:14.305053 327002 Executor.h:252] message stats, type: 9 count: 384642 total size: 3077136
I1122 10:20:14.305055 327002 Executor.h:252] message stats, type: 10 count: 0 total size: 0
I1122 10:20:14.305058 327002 Executor.h:252] message stats, type: 11 count: 0 total size: 0
I1122 10:20:14.305058 327002 Executor.h:252] message stats, type: 12 count: 456173 total size: 13229017
I1122 10:20:14.305153 327002 Executor.h:252] message stats, type: 13 count: 460405 total size: 15653770
I1122 10:20:14.305155 327002 Executor.h:252] message stats, type: 14 count: 0 total size: 0
I1122 10:20:14.305157 327002 Executor.h:252] message stats, type: 15 count: 0 total size: 0
I1122 10:20:14.305158 327002 Executor.h:252] message stats, type: 16 count: 381944 total size: 10694432
I1122 10:20:14.305799 327013 Executor.h:216] Executor 0 exits.
I1122 10:20:14.305799 327016 Manager.h:230] Manager(worker id = 3) on the coordinator node exits.
I1122 10:20:14.305799 327014 Executor.h:216] Executor 1 exits.
I1122 10:20:14.305799 327015 Executor.h:216] Executor 2 exits.
I1122 10:20:14.305977 327002 Executor.h:221] Worker 1 latency: 35 us (50%) 41 us (75%) 64 us (95%) 132 us (99%). dist txn latency: 36 us (50%) 42 us (75%) 66 us (95%) 132 us (99%)  avg 38 us . local txn latency: 6 us (50%) 7 us (75%) 9 us (95%) 10 us (99%)  avg 5 us. txn commit latency: 35 us (50%) 41 us (75%) 63 us (95%) 131 us (99%) avg 34 us.
 LOCAL txn stall 0 us,  local_work 2 us,  remote_work 0 us,  commit_work 2 us,  commit_prepare 0 us,  commit_persistence 0 us,  commit_write_back 0 us,  commit_replication 0 us,  commit_release_lock 0 us 
 DIST txn stall 0 us,  local_work 0 us,  remote_work 13 us,  commit_work 22 us,  commit_prepare 10 us,  commit_persistence 0 us,  commit_write_back 10 us,  commit_replication 0 us,  commit_release_lock 0 us 
I1122 10:20:14.307663 327002 Executor.h:221] Worker 2 latency: 35 us (50%) 42 us (75%) 65 us (95%) 129 us (99%). dist txn latency: 36 us (50%) 42 us (75%) 66 us (95%) 133 us (99%)  avg 37 us . local txn latency: 6 us (50%) 7 us (75%) 9 us (95%) 11 us (99%)  avg 5 us. txn commit latency: 35 us (50%) 41 us (75%) 63 us (95%) 132 us (99%) avg 34 us.
 LOCAL txn stall 0 us,  local_work 1 us,  remote_work 0 us,  commit_work 2 us,  commit_prepare 0 us,  commit_persistence 0 us,  commit_write_back 0 us,  commit_replication 0 us,  commit_release_lock 0 us 
 DIST txn stall 0 us,  local_work 0 us,  remote_work 13 us,  commit_work 22 us,  commit_prepare 10 us,  commit_persistence 0 us,  commit_write_back 10 us,  commit_replication 0 us,  commit_release_lock 0 us 
I1122 10:20:14.309259 327002 CXLMemory.h:143] local CXL memory usage: size_index_usage: 0 size_metadata_usage: 0 size_data_usage: 0 size_transport_usage: 671089088
I1122 10:20:14.309995 327002 Coordinator.h:581] Global Stats: total_commit: 651257 total_size_index_usage: 0 total_size_metadata_usage: 0 total_size_data_usage: 0 total_size_transport_usage: 671089088
I1122 10:20:15.310043 327011 Dispatcher.h:154] Incoming Dispatcher exits, network size: 507460583. socket_message_recv_latency(50th) 1 socket_message_recv_latency(75th) 1 socket_message_recv_latency(95th) 2 socket_message_recv_latency(99th) 4 internal_message_recv_latency(50th) 0 socket_message_recv_cnt 200114 socket_read_syscall 14077602 internal_message_recv_cnt 0
I1122 10:20:15.314232 327002 WALLogger.h:509] committed_txn_cnt 1336941 disk_sync_cnt 5501 disk_sync_size 23498178
I1122 10:20:15.341683 327002 Coordinator.h:150] round_trip_latency 21 (50th) 28 (75th) 51 (95th) 51 (99th) 
I1122 10:20:15.341823 327002 Coordinator.h:400] Coordinator exits.
killing previous experiments...
killing previous experiments...
deleting log files...
initializing cxl memory...
I1122 10:20:43.864089 327177 bench_smallbank.cpp:33] crossPartitionProbability = 100
I1122 10:20:43.864145 327177 bench_smallbank.cpp:34] accountsPerPartition = 5000000
I1122 10:20:43.864148 327177 bench_smallbank.cpp:35] granules_per_partition 2000
I1122 10:20:44.786710 327177 Database.h:81] savings initialization finished in 922 milliseconds.
I1122 10:20:45.695554 327177 Database.h:81] checking initialization finished in 908 milliseconds.
I1122 10:20:45.745878 327177 CXLMemory.h:46] cxlalloc initialized for thread 0 (global ID = 0) on host 0
I1122 10:20:45.745900 327177 MPSCRingBuffer.h:35] entry_struct_size: 8192 entry_num: 10240
I1122 10:20:45.769032 327177 MPSCRingBuffer.h:35] entry_struct_size: 8192 entry_num: 10240
I1122 10:20:45.792199 327177 MPSCRingBuffer.h:35] entry_struct_size: 8192 entry_num: 10240
I1122 10:20:45.815338 327177 MPSCRingBuffer.h:35] entry_struct_size: 8192 entry_num: 10240
I1122 10:20:45.838486 327177 MPSCRingBuffer.h:35] entry_struct_size: 8192 entry_num: 10240
I1122 10:20:45.861625 327177 MPSCRingBuffer.h:35] entry_struct_size: 8192 entry_num: 10240
I1122 10:20:45.884770 327177 MPSCRingBuffer.h:35] entry_struct_size: 8192 entry_num: 10240
I1122 10:20:45.907910 327177 MPSCRingBuffer.h:35] entry_struct_size: 8192 entry_num: 10240
I1122 10:20:45.931056 327177 Coordinator.h:415] Coordinator 0 initializes CXL transport metadata (8 ringbuffers each with 10240 entries (each 8183 Bytes)
I1122 10:20:45.931308 327177 Coordinator.h:81] WAL Group Commiting to file [/root/pasha_log_group_commit.txt] using GroupCommit Logger
I1122 10:20:45.931315 327177 Coordinator.h:96] Coordinator initializes 3 workers.
I1122 10:20:45.931665 327185 Coordinator.h:452] Listener 0 on coordinator 0 listening on 192.168.100.2:1234 tcp_no_delay 1 tcp_quick_ack 0
I1122 10:20:45.931723 327177 Coordinator.h:498] Coordinator 0 failed to connect 1(192.168.100.3:1234)'s listener 0, retry in 5 seconds.
I1122 10:20:45.933264 327185 Socket.h:69] Disabling nagle
I1122 10:20:45.933276 327185 Coordinator.h:467] Listener accepted connection from coordinator 1
I1122 10:20:45.933300 327185 Socket.h:69] Disabling nagle
I1122 10:20:45.933303 327185 Coordinator.h:467] Listener accepted connection from coordinator 4
I1122 10:20:45.933539 327185 Socket.h:69] Disabling nagle
I1122 10:20:45.933544 327185 Coordinator.h:467] Listener accepted connection from coordinator 5
I1122 10:20:45.933550 327185 Socket.h:69] Disabling nagle
I1122 10:20:45.933552 327185 Coordinator.h:467] Listener accepted connection from coordinator 3
I1122 10:20:45.933558 327185 Socket.h:69] Disabling nagle
I1122 10:20:45.933560 327185 Coordinator.h:467] Listener accepted connection from coordinator 6
I1122 10:20:45.933566 327185 Socket.h:69] Disabling nagle
I1122 10:20:45.933568 327185 Coordinator.h:467] Listener accepted connection from coordinator 2
I1122 10:20:45.933573 327185 Socket.h:69] Disabling nagle
I1122 10:20:45.933575 327185 Coordinator.h:467] Listener accepted connection from coordinator 7
I1122 10:20:45.933578 327185 Coordinator.h:470] Listener 0 on coordinator 0 exits.
I1122 10:20:50.931932 327177 Socket.h:69] Disabling nagle
I1122 10:20:50.931946 327177 Coordinator.h:507] Coordinator 0 connected to 1
I1122 10:20:50.932106 327177 Socket.h:69] Disabling nagle
I1122 10:20:50.932113 327177 Coordinator.h:507] Coordinator 0 connected to 2
I1122 10:20:50.932241 327177 Socket.h:69] Disabling nagle
I1122 10:20:50.932251 327177 Coordinator.h:507] Coordinator 0 connected to 3
I1122 10:20:50.932336 327177 Socket.h:69] Disabling nagle
I1122 10:20:50.932349 327177 Coordinator.h:507] Coordinator 0 connected to 4
I1122 10:20:50.932458 327177 Socket.h:69] Disabling nagle
I1122 10:20:50.932463 327177 Coordinator.h:507] Coordinator 0 connected to 5
I1122 10:20:50.932544 327177 Socket.h:69] Disabling nagle
I1122 10:20:50.932548 327177 Coordinator.h:507] Coordinator 0 connected to 6
I1122 10:20:50.932618 327177 Socket.h:69] Disabling nagle
I1122 10:20:50.932621 327177 Coordinator.h:507] Coordinator 0 connected to 7
I1122 10:20:50.932628 327177 Coordinator.h:519] Coordinator 0 connected to all peers.
I1122 10:20:50.932636 327177 Dispatcher.h:38] IncomingDispatcher 0 coord_id 0
I1122 10:20:50.932693 327177 Dispatcher.h:210] OutgoingDispatcher 0 coord_id 0
I1122 10:20:50.932730 327177 Coordinator.h:608] pinned thread to core 0
I1122 10:20:50.932749 327186 Dispatcher.h:57] Incoming Dispatcher started, numCoordinators = 8, numWorkers = 3, group id = 0, coordinator = 0
I1122 10:20:50.932806 327177 Coordinator.h:608] pinned thread to core 1
I1122 10:20:50.932809 327187 WALLogger.h:452] logger thread started!
I1122 10:20:50.932855 327177 Coordinator.h:211] Coordinator starts to run 4 workers.
I1122 10:20:50.932883 327177 Coordinator.h:608] pinned thread to core 2
I1122 10:20:50.932889 327188 Executor.h:78] Executor 0 starts.
I1122 10:20:50.932932 327188 CXLMemory.h:46] cxlalloc initialized for thread 1 (global ID = 1) on host 0
I1122 10:20:50.932986 327177 Coordinator.h:608] pinned thread to core 3
I1122 10:20:50.933018 327189 Executor.h:78] Executor 1 starts.
I1122 10:20:50.933283 327189 CXLMemory.h:46] cxlalloc initialized for thread 2 (global ID = 2) on host 0
I1122 10:20:50.933298 327177 Coordinator.h:608] pinned thread to core 4
I1122 10:20:50.933355 327190 Executor.h:78] Executor 2 starts.
I1122 10:20:50.933514 327190 CXLMemory.h:46] cxlalloc initialized for thread 3 (global ID = 3) on host 0
I1122 10:20:50.933562 327191 Manager.h:228] Manager(worker id = 3) on the coordinator node started.
I1122 10:20:51.933624 327177 Coordinator.h:302] commit: 78110 abort: 17 (17/0/0), persistence latency 0, txn latency 0, queued lock latency 0, lock latency 0, active_txns 0, n_failed_read_lock 0, n_failed_write_lock 0, n_failed_cmd_not_ready 0, n_failed_no_cmd 0, network size: 21044764, avg network size: 269.425, si_in_serializable: 0 0 %, local: 14.9225 %, local_access: 0, local_cxl_access: 0 (-nan%), remote_access: 0, remote_access_with_req: 0 (-nan%), data_move_in: 0, data_move_out: 0
I1122 10:20:52.934001 327177 Coordinator.h:302] commit: 76906 abort: 70 (70/0/0), persistence latency 0, txn latency 0, queued lock latency 0, lock latency 0, active_txns 0, n_failed_read_lock 0, n_failed_write_lock 0, n_failed_cmd_not_ready 0, n_failed_no_cmd 0, network size: 20792734, avg network size: 270.366, si_in_serializable: 0 0 %, local: 14.6517 %, local_access: 0, local_cxl_access: 0 (-nan%), remote_access: 0, remote_access_with_req: 0 (-nan%), data_move_in: 0, data_move_out: 0
I1122 10:20:53.934113 327177 Coordinator.h:302] commit: 74208 abort: 100 (100/0/0), persistence latency 0, txn latency 0, queued lock latency 0, lock latency 0, active_txns 0, n_failed_read_lock 0, n_failed_write_lock 0, n_failed_cmd_not_ready 0, n_failed_no_cmd 0, network size: 20065633, avg network size: 270.397, si_in_serializable: 0 0 %, local: 14.555 %, local_access: 0, local_cxl_access: 0 (-nan%), remote_access: 0, remote_access_with_req: 0 (-nan%), data_move_in: 0, data_move_out: 0
I1122 10:20:54.934243 327177 Coordinator.h:302] commit: 76340 abort: 148 (148/0/0), persistence latency 0, txn latency 0, queued lock latency 0, lock latency 0, active_txns 0, n_failed_read_lock 0, n_failed_write_lock 0, n_failed_cmd_not_ready 0, n_failed_no_cmd 0, network size: 20604979, avg network size: 269.911, si_in_serializable: 0 0 %, local: 14.4001 %, local_access: 0, local_cxl_access: 0 (-nan%), remote_access: 0, remote_access_with_req: 0 (-nan%), data_move_in: 0, data_move_out: 0
I1122 10:20:55.934366 327177 Coordinator.h:302] commit: 76535 abort: 180 (180/0/0), persistence latency 0, txn latency 0, queued lock latency 0, lock latency 0, active_txns 0, n_failed_read_lock 0, n_failed_write_lock 0, n_failed_cmd_not_ready 0, n_failed_no_cmd 0, network size: 20639705, avg network size: 269.677, si_in_serializable: 0 0 %, local: 14.2131 %, local_access: 0, local_cxl_access: 0 (-nan%), remote_access: 0, remote_access_with_req: 0 (-nan%), data_move_in: 0, data_move_out: 0
I1122 10:20:56.934536 327177 Coordinator.h:302] commit: 76414 abort: 241 (241/0/0), persistence latency 0, txn latency 0, queued lock latency 0, lock latency 0, active_txns 0, n_failed_read_lock 0, n_failed_write_lock 0, n_failed_cmd_not_ready 0, n_failed_no_cmd 0, network size: 20685346, avg network size: 270.701, si_in_serializable: 0 0 %, local: 14.0053 %, local_access: 0, local_cxl_access: 0 (-nan%), remote_access: 0, remote_access_with_req: 0 (-nan%), data_move_in: 0, data_move_out: 0
I1122 10:20:57.934652 327177 Coordinator.h:302] commit: 76052 abort: 288 (288/0/0), persistence latency 0, txn latency 0, queued lock latency 0, lock latency 0, active_txns 0, n_failed_read_lock 0, n_failed_write_lock 0, n_failed_cmd_not_ready 0, n_failed_no_cmd 0, network size: 20561517, avg network size: 270.361, si_in_serializable: 0 0 %, local: 13.7393 %, local_access: 0, local_cxl_access: 0 (-nan%), remote_access: 0, remote_access_with_req: 0 (-nan%), data_move_in: 0, data_move_out: 0
I1122 10:20:58.934768 327177 Coordinator.h:302] commit: 76101 abort: 326 (326/0/0), persistence latency 0, txn latency 0, queued lock latency 0, lock latency 0, active_txns 0, n_failed_read_lock 0, n_failed_write_lock 0, n_failed_cmd_not_ready 0, n_failed_no_cmd 0, network size: 20601572, avg network size: 270.714, si_in_serializable: 0 0 %, local: 13.6437 %, local_access: 0, local_cxl_access: 0 (-nan%), remote_access: 0, remote_access_with_req: 0 (-nan%), data_move_in: 0, data_move_out: 0
I1122 10:20:59.934882 327177 Coordinator.h:302] commit: 75860 abort: 352 (352/0/0), persistence latency 0, txn latency 0, queued lock latency 0, lock latency 0, active_txns 0, n_failed_read_lock 0, n_failed_write_lock 0, n_failed_cmd_not_ready 0, n_failed_no_cmd 0, network size: 20540788, avg network size: 270.772, si_in_serializable: 0 0 %, local: 13.4537 %, local_access: 0, local_cxl_access: 0 (-nan%), remote_access: 0, remote_access_with_req: 0 (-nan%), data_move_in: 0, data_move_out: 0
I1122 10:21:00.935303 327177 Coordinator.h:302] commit: 75657 abort: 385 (385/0/0), persistence latency 0, txn latency 0, queued lock latency 0, lock latency 0, active_txns 0, n_failed_read_lock 0, n_failed_write_lock 0, n_failed_cmd_not_ready 0, n_failed_no_cmd 0, network size: 20470267, avg network size: 270.567, si_in_serializable: 0 0 %, local: 13.3524 %, local_access: 0, local_cxl_access: 0 (-nan%), remote_access: 0, remote_access_with_req: 0 (-nan%), data_move_in: 0, data_move_out: 0
I1122 10:21:00.935351 327177 Coordinator.h:340] average commit: 76016.8 abort: 318.4 (318.4/0/0), abort_rate: 0, network size: 102859490, avg network size: 270.623, si_in_serializable: 0 0 %, local: 13.6396 %, local_access: 0, local_cxl_access: 0 (-nan%), remote_access: 0, remote_access_with_req: 0 (-nan%), data_move_in: 0, data_move_out: 0
I1122 10:21:00.935362 327177 Executor.h:221] Worker 0 latency: 36 us (50%) 42 us (75%) 68 us (95%) 135 us (99%). dist txn latency: 36 us (50%) 42 us (75%) 68 us (95%) 135 us (99%)  avg 38 us . local txn latency: 0 us (50%) 0 us (75%) 0 us (95%) 0 us (99%)  avg 0 us. txn commit latency: 36 us (50%) 42 us (75%) 68 us (95%) 133 us (99%) avg 38 us.
 LOCAL txn stall 0 us,  local_work 0 us,  remote_work 0 us,  commit_work 0 us,  commit_prepare 0 us,  commit_persistence 0 us,  commit_write_back 0 us,  commit_replication 0 us,  commit_release_lock 0 us 
 DIST txn stall 0 us,  local_work 0 us,  remote_work 13 us,  commit_work 23 us,  commit_prepare 10 us,  commit_persistence 0 us,  commit_write_back 10 us,  commit_replication 0 us,  commit_release_lock 0 us 
I1122 10:21:00.936856 327177 Executor.h:252] message stats, type: 0 count: 0 total size: 0
I1122 10:21:00.936861 327177 Executor.h:252] message stats, type: 1 count: 0 total size: 0
I1122 10:21:00.936862 327177 Executor.h:252] message stats, type: 2 count: 0 total size: 0
I1122 10:21:00.936864 327177 Executor.h:252] message stats, type: 3 count: 0 total size: 0
I1122 10:21:00.936866 327177 Executor.h:252] message stats, type: 4 count: 0 total size: 0
I1122 10:21:00.936868 327177 Executor.h:252] message stats, type: 5 count: 0 total size: 0
I1122 10:21:00.936870 327177 Executor.h:252] message stats, type: 6 count: 212391 total size: 23749972
I1122 10:21:00.936872 327177 Executor.h:252] message stats, type: 7 count: 215347 total size: 1938123
I1122 10:21:00.936874 327177 Executor.h:252] message stats, type: 8 count: 383115 total size: 14175255
I1122 10:21:00.936877 327177 Executor.h:252] message stats, type: 9 count: 387960 total size: 3103680
I1122 10:21:00.936877 327177 Executor.h:252] message stats, type: 10 count: 0 total size: 0
I1122 10:21:00.936879 327177 Executor.h:252] message stats, type: 11 count: 0 total size: 0
I1122 10:21:00.936882 327177 Executor.h:252] message stats, type: 12 count: 458143 total size: 13286147
I1122 10:21:00.936883 327177 Executor.h:252] message stats, type: 13 count: 465268 total size: 15819112
I1122 10:21:00.936885 327177 Executor.h:252] message stats, type: 14 count: 0 total size: 0
I1122 10:21:00.936887 327177 Executor.h:252] message stats, type: 15 count: 0 total size: 0
I1122 10:21:00.936889 327177 Executor.h:252] message stats, type: 16 count: 384399 total size: 10763172
I1122 10:21:00.938081 327189 Executor.h:216] Executor 1 exits.
I1122 10:21:00.938081 327188 Executor.h:216] Executor 0 exits.
I1122 10:21:00.938094 327191 Manager.h:230] Manager(worker id = 3) on the coordinator node exits.
I1122 10:21:00.938081 327190 Executor.h:216] Executor 2 exits.
I1122 10:21:00.938238 327177 Executor.h:221] Worker 1 latency: 36 us (50%) 42 us (75%) 64 us (95%) 131 us (99%). dist txn latency: 36 us (50%) 42 us (75%) 64 us (95%) 128 us (99%)  avg 37 us . local txn latency: 0 us (50%) 0 us (75%) 0 us (95%) 0 us (99%)  avg 0 us. txn commit latency: 35 us (50%) 42 us (75%) 62 us (95%) 126 us (99%) avg 37 us.
 LOCAL txn stall 0 us,  local_work 0 us,  remote_work 0 us,  commit_work 0 us,  commit_prepare 0 us,  commit_persistence 0 us,  commit_write_back 0 us,  commit_replication 0 us,  commit_release_lock 0 us 
 DIST txn stall 0 us,  local_work 0 us,  remote_work 12 us,  commit_work 22 us,  commit_prepare 10 us,  commit_persistence 0 us,  commit_write_back 10 us,  commit_replication 0 us,  commit_release_lock 0 us 
I1122 10:21:00.939724 327177 Executor.h:221] Worker 2 latency: 36 us (50%) 42 us (75%) 63 us (95%) 130 us (99%). dist txn latency: 36 us (50%) 42 us (75%) 65 us (95%) 133 us (99%)  avg 37 us . local txn latency: 0 us (50%) 0 us (75%) 0 us (95%) 0 us (99%)  avg 0 us. txn commit latency: 36 us (50%) 42 us (75%) 64 us (95%) 135 us (99%) avg 37 us.
 LOCAL txn stall 0 us,  local_work 0 us,  remote_work 0 us,  commit_work 0 us,  commit_prepare 0 us,  commit_persistence 0 us,  commit_write_back 0 us,  commit_replication 0 us,  commit_release_lock 0 us 
 DIST txn stall 0 us,  local_work 0 us,  remote_work 13 us,  commit_work 22 us,  commit_prepare 10 us,  commit_persistence 0 us,  commit_write_back 10 us,  commit_replication 0 us,  commit_release_lock 0 us 
I1122 10:21:00.941166 327177 CXLMemory.h:143] local CXL memory usage: size_index_usage: 0 size_metadata_usage: 0 size_data_usage: 0 size_transport_usage: 671089088
I1122 10:21:00.941174 327177 Coordinator.h:581] Global Stats: total_commit: 598531 total_size_index_usage: 0 total_size_metadata_usage: 0 total_size_data_usage: 0 total_size_transport_usage: 671089088
I1122 10:21:01.941216 327186 Dispatcher.h:154] Incoming Dispatcher exits, network size: 516628420. socket_message_recv_latency(50th) 1 socket_message_recv_latency(75th) 1 socket_message_recv_latency(95th) 2 socket_message_recv_latency(99th) 4 internal_message_recv_latency(50th) 0 socket_message_recv_cnt 206050 socket_read_syscall 14125762 internal_message_recv_cnt 0
I1122 10:21:01.945281 327177 WALLogger.h:509] committed_txn_cnt 1290769 disk_sync_cnt 5522 disk_sync_size 21783112
I1122 10:21:01.978946 327177 Coordinator.h:150] round_trip_latency 32 (50th) 35 (75th) 62 (95th) 62 (99th) 
I1122 10:21:01.979226 327177 Coordinator.h:400] Coordinator exits.
killing previous experiments...
