I1125 10:37:19.732750 80971 Coordinator.h:507] Coordinator 0 connected to 7
I1125 10:37:19.732756 80971 Coordinator.h:519] Coordinator 0 connected to all peers.
I1125 10:37:19.732774 80971 Dispatcher.h:38] IncomingDispatcher 0 coord_id 0
I1125 10:37:19.732808 80971 Dispatcher.h:210] OutgoingDispatcher 0 coord_id 0
I1125 10:37:19.732860 80971 Coordinator.h:608] pinned thread to core 0
I1125 10:37:19.732910 80977 Dispatcher.h:57] Incoming Dispatcher started, numCoordinators = 8, numWorkers = 3, group id = 0, coordinator = 0
I1125 10:37:19.732924 80971 Coordinator.h:608] pinned thread to core 1
I1125 10:37:19.732945 80978 WALLogger.h:456] logger thread started!
I1125 10:37:19.732950 80971 Coordinator.h:211] Coordinator starts to run 4 workers.
I1125 10:37:19.732990 80971 Coordinator.h:608] pinned thread to core 2
I1125 10:37:19.733072 80971 Coordinator.h:608] pinned thread to core 3
I1125 10:37:19.733083 80980 Executor.h:78] Executor 1 starts.
I1125 10:37:19.733135 80980 CXLMemory.h:46] cxlalloc initialized for thread 2 (global ID = 2) on host 0
I1125 10:37:19.733150 80981 Executor.h:78] Executor 2 starts.
I1125 10:37:19.733142 80971 Coordinator.h:608] pinned thread to core 4
I1125 10:37:19.733150 80979 Executor.h:78] Executor 0 starts.
I1125 10:37:19.733268 80982 Manager.h:228] Manager(worker id = 3) on the coordinator node started.
I1125 10:37:19.733500 80979 CXLMemory.h:46] cxlalloc initialized for thread 1 (global ID = 1) on host 0
I1125 10:37:19.733680 80981 CXLMemory.h:46] cxlalloc initialized for thread 3 (global ID = 3) on host 0
I1125 10:37:20.733315 80971 Coordinator.h:302] commit: 21341 abort: 16827 (0/16827/0), persistence latency 0, txn latency 0, queued lock latency 0, lock latency 0, active_txns 0, n_failed_read_lock 0, n_failed_write_lock 0, n_failed_cmd_not_ready 0, n_failed_no_cmd 0, network size: 0, avg network size: 0, si_in_serializable: 0 0 %, local: 0 %, local_access: 163698, local_cxl_access: 0 (0%), remote_access: 140494, remote_access_with_req: 0 (0%), data_move_in: 40961, data_move_out: 0
I1125 10:37:21.733891 80971 Coordinator.h:302] commit: 21999 abort: 17217 (0/17217/0), persistence latency 0, txn latency 0, queued lock latency 0, lock latency 0, active_txns 0, n_failed_read_lock 0, n_failed_write_lock 0, n_failed_cmd_not_ready 0, n_failed_no_cmd 0, network size: 0, avg network size: 0, si_in_serializable: 0 0 %, local: 0 %, local_access: 169008, local_cxl_access: 0 (0%), remote_access: 144104, remote_access_with_req: 0 (0%), data_move_in: 0, data_move_out: 0
I1125 10:37:22.733995 80971 Coordinator.h:302] commit: 21698 abort: 16957 (0/16957/0), persistence latency 0, txn latency 0, queued lock latency 0, lock latency 0, active_txns 0, n_failed_read_lock 0, n_failed_write_lock 0, n_failed_cmd_not_ready 0, n_failed_no_cmd 0, network size: 0, avg network size: 0, si_in_serializable: 0 0 %, local: 0 %, local_access: 166581, local_cxl_access: 0 (0%), remote_access: 141881, remote_access_with_req: 0 (0%), data_move_in: 0, data_move_out: 0
I1125 10:37:23.734102 80971 Coordinator.h:302] commit: 22186 abort: 17155 (0/17155/0), persistence latency 0, txn latency 0, queued lock latency 0, lock latency 0, active_txns 0, n_failed_read_lock 0, n_failed_write_lock 0, n_failed_cmd_not_ready 0, n_failed_no_cmd 0, network size: 0, avg network size: 0, si_in_serializable: 0 0 %, local: 0 %, local_access: 169685, local_cxl_access: 0 (0%), remote_access: 145290, remote_access_with_req: 0 (0%), data_move_in: 0, data_move_out: 0
I1125 10:37:24.734206 80971 Coordinator.h:302] commit: 21896 abort: 17103 (0/17103/0), persistence latency 0, txn latency 0, queued lock latency 0, lock latency 0, active_txns 0, n_failed_read_lock 0, n_failed_write_lock 0, n_failed_cmd_not_ready 0, n_failed_no_cmd 0, network size: 0, avg network size: 0, si_in_serializable: 0 0 %, local: 0 %, local_access: 168005, local_cxl_access: 0 (0%), remote_access: 143664, remote_access_with_req: 0 (0%), data_move_in: 0, data_move_out: 0
I1125 10:37:25.734301 80971 Coordinator.h:302] commit: 21490 abort: 16685 (0/16685/0), persistence latency 0, txn latency 0, queued lock latency 0, lock latency 0, active_txns 0, n_failed_read_lock 0, n_failed_write_lock 0, n_failed_cmd_not_ready 0, n_failed_no_cmd 0, network size: 0, avg network size: 0, si_in_serializable: 0 0 %, local: 0 %, local_access: 164743, local_cxl_access: 0 (0%), remote_access: 140520, remote_access_with_req: 0 (0%), data_move_in: 0, data_move_out: 0
I1125 10:37:26.734521 80971 Coordinator.h:302] commit: 21664 abort: 16939 (0/16939/0), persistence latency 0, txn latency 0, queued lock latency 0, lock latency 0, active_txns 0, n_failed_read_lock 0, n_failed_write_lock 0, n_failed_cmd_not_ready 0, n_failed_no_cmd 0, network size: 0, avg network size: 0, si_in_serializable: 0 0 %, local: 0 %, local_access: 166052, local_cxl_access: 0 (0%), remote_access: 142245, remote_access_with_req: 0 (0%), data_move_in: 0, data_move_out: 0
I1125 10:37:27.734743 80971 Coordinator.h:302] commit: 21914 abort: 17000 (0/17000/0), persistence latency 0, txn latency 0, queued lock latency 0, lock latency 0, active_txns 0, n_failed_read_lock 0, n_failed_write_lock 0, n_failed_cmd_not_ready 0, n_failed_no_cmd 0, network size: 0, avg network size: 0, si_in_serializable: 0 0 %, local: 0 %, local_access: 167797, local_cxl_access: 0 (0%), remote_access: 143055, remote_access_with_req: 0 (0%), data_move_in: 0, data_move_out: 0
I1125 10:37:28.734977 80971 Coordinator.h:302] commit: 21469 abort: 16876 (0/16876/0), persistence latency 0, txn latency 0, queued lock latency 0, lock latency 0, active_txns 0, n_failed_read_lock 0, n_failed_write_lock 0, n_failed_cmd_not_ready 0, n_failed_no_cmd 0, network size: 0, avg network size: 0, si_in_serializable: 0 0 %, local: 0 %, local_access: 165127, local_cxl_access: 0 (0%), remote_access: 140986, remote_access_with_req: 0 (0%), data_move_in: 0, data_move_out: 0
I1125 10:37:29.735211 80971 Coordinator.h:302] commit: 22085 abort: 17187 (0/17187/0), persistence latency 0, txn latency 0, queued lock latency 0, lock latency 0, active_txns 0, n_failed_read_lock 0, n_failed_write_lock 0, n_failed_cmd_not_ready 0, n_failed_no_cmd 0, network size: 0, avg network size: 0, si_in_serializable: 0 0 %, local: 0 %, local_access: 168786, local_cxl_access: 0 (0%), remote_access: 144415, remote_access_with_req: 0 (0%), data_move_in: 0, data_move_out: 0
I1125 10:37:29.735378 80971 Coordinator.h:340] average commit: 21724.4 abort: 16937.4 (0/16937.4/0), abort_rate: 0.438091, network size: 0, avg network size: 0, si_in_serializable: 0 0 %, local: 0 %, local_access: 832505, local_cxl_access: 0 (0%), remote_access: 711221, remote_access_with_req: 0 (0%), data_move_in: 0, data_move_out: 0
I1125 10:37:29.735406 80971 Executor.h:221] Worker 0 latency: 32 us (50%) 36 us (75%) 104 us (95%) 185 us (99%). dist txn latency: 32 us (50%) 36 us (75%) 86 us (95%) 160 us (99%)  avg 39 us . local txn latency: 30 us (50%) 34 us (75%) 74 us (95%) 152 us (99%)  avg 35 us. txn commit latency: 32 us (50%) 35 us (75%) 78 us (95%) 171 us (99%) avg 38 us.
 LOCAL txn stall 0 us,  local_work 18 us,  remote_work 0 us,  commit_work 17 us,  commit_prepare 7 us,  commit_persistence 0 us,  commit_write_back 6 us,  commit_replication 0 us,  commit_release_lock 0 us 
 DIST txn stall 0 us,  local_work 19 us,  remote_work 0 us,  commit_work 18 us,  commit_prepare 8 us,  commit_persistence 0 us,  commit_write_back 6 us,  commit_replication 0 us,  commit_release_lock 0 us 
I1125 10:37:29.735875 80971 Executor.h:252] message stats, type: 0 count: 0 total size: 0
I1125 10:37:29.735893 80971 Executor.h:252] message stats, type: 1 count: 0 total size: 0
I1125 10:37:29.735905 80971 Executor.h:252] message stats, type: 2 count: 0 total size: 0
I1125 10:37:29.735917 80971 Executor.h:252] message stats, type: 3 count: 0 total size: 0
I1125 10:37:29.735932 80971 Executor.h:252] message stats, type: 4 count: 0 total size: 0
I1125 10:37:29.735946 80971 Executor.h:252] message stats, type: 5 count: 0 total size: 0
I1125 10:37:29.735971 80971 Executor.h:252] message stats, type: 6 count: 0 total size: 0
I1125 10:37:29.735985 80971 Executor.h:252] message stats, type: 7 count: 0 total size: 0
I1125 10:37:29.736011 80971 Executor.h:252] message stats, type: 8 count: 0 total size: 0
I1125 10:37:29.736030 80971 Executor.h:252] message stats, type: 9 count: 0 total size: 0
I1125 10:37:29.736043 80971 Executor.h:252] message stats, type: 10 count: 0 total size: 0
I1125 10:37:29.736061 80971 Executor.h:252] message stats, type: 11 count: 0 total size: 0
I1125 10:37:29.736887 80980 Executor.h:216] Executor 1 exits.
I1125 10:37:29.736891 80981 Executor.h:216] Executor 2 exits.
I1125 10:37:29.736932 80982 Manager.h:230] Manager(worker id = 3) on the coordinator node exits.
I1125 10:37:29.736974 80979 Executor.h:216] Executor 0 exits.
I1125 10:37:29.737455 80971 Executor.h:221] Worker 1 latency: 33 us (50%) 37 us (75%) 65 us (95%) 158 us (99%). dist txn latency: 33 us (50%) 38 us (75%) 74 us (95%) 154 us (99%)  avg 39 us . local txn latency: 30 us (50%) 35 us (75%) 72 us (95%) 154 us (99%)  avg 36 us. txn commit latency: 33 us (50%) 38 us (75%) 70 us (95%) 151 us (99%) avg 38 us.
 LOCAL txn stall 0 us,  local_work 17 us,  remote_work 0 us,  commit_work 15 us,  commit_prepare 7 us,  commit_persistence 0 us,  commit_write_back 6 us,  commit_replication 0 us,  commit_release_lock 0 us 
 DIST txn stall 0 us,  local_work 19 us,  remote_work 0 us,  commit_work 17 us,  commit_prepare 7 us,  commit_persistence 0 us,  commit_write_back 6 us,  commit_replication 0 us,  commit_release_lock 0 us 
I1125 10:37:29.737857 80971 Executor.h:221] Worker 2 latency: 34 us (50%) 44 us (75%) 110 us (95%) 207 us (99%). dist txn latency: 35 us (50%) 44 us (75%) 103 us (95%) 210 us (99%)  avg 45 us . local txn latency: 32 us (50%) 41 us (75%) 66 us (95%) 206 us (99%)  avg 39 us. txn commit latency: 34 us (50%) 43 us (75%) 85 us (95%) 204 us (99%) avg 43 us.
 LOCAL txn stall 0 us,  local_work 18 us,  remote_work 0 us,  commit_work 17 us,  commit_prepare 7 us,  commit_persistence 0 us,  commit_write_back 6 us,  commit_replication 0 us,  commit_release_lock 0 us 
 DIST txn stall 0 us,  local_work 21 us,  remote_work 0 us,  commit_work 19 us,  commit_prepare 8 us,  commit_persistence 0 us,  commit_write_back 7 us,  commit_replication 0 us,  commit_release_lock 0 us 
I1125 10:37:29.738271 80971 CXLMemory.h:143] local CXL memory usage: size_index_usage: 1707152 size_metadata_usage: 5898384 size_data_usage: 4505710 size_transport_usage: 33554880
I1125 10:37:29.738274 80971 SCCManager.h:37] software cache-coherence statistics: num_clflush: 1800412 num_clwb: 2218411 num_cache_hit: 1125805 num_cache_miss: 1800412 cache hit rate: 38.4731%
I1125 10:37:29.745261 80971 Coordinator.h:581] Global Stats: total_commit: 175744 total_size_index_usage: 13414400 total_size_metadata_usage: 47187072 total_size_data_usage: 36045680 total_size_transport_usage: 33554880
I1125 10:37:30.745363 80977 Dispatcher.h:154] Incoming Dispatcher exits, network size: 1652. socket_message_recv_latency(50th) 0 socket_message_recv_latency(75th) 0 socket_message_recv_latency(95th) 0 socket_message_recv_latency(99th) 0 internal_message_recv_latency(50th) 0 socket_message_recv_cnt 0 socket_read_syscall 30819229 internal_message_recv_cnt 0
I1125 10:37:30.745527 80971 WALLogger.h:536] Group Commit Stats: 13664 us (50%) 27391 us (75%) 66951 us (95%) 87834 us (99%) 20231 us (avg) committed_txn_cnt 217724
I1125 10:37:30.746045 80971 WALLogger.h:542] Queuing Stats: 13145 us (50%) 26077 us (75%) 62527 us (95%) 85796 us (99%) 19439 us (avg)
I1125 10:37:30.746104 80971 WALLogger.h:547] Disk Sync Stats: 240 us (50%) 259 us (75%) 325 us (95%) 4877 us (99%) 402 us (avg) disk_sync_cnt 25313 disk_sync_size 255181135 current global epoch 77901
I1125 10:37:30.772539 80971 Coordinator.h:150] round_trip_latency 25 (50th) 26 (75th) 28 (95th) 28 (99th) 
I1125 10:37:30.772660 80971 Coordinator.h:400] Coordinator exits.
killing previous experiments...
killing previous experiments...
deleting log files...
initializing cxl memory...
I1125 10:38:16.815038 81182 bench_ycsb.cpp:66] RW_RATIO = 0, ZIPF_THETA = 0.99, CROSS_RATIO = 100
I1125 10:38:16.815106 81182 bench_ycsb.cpp:67] checkpoint 1 to 
I1125 10:38:16.815109 81182 bench_ycsb.cpp:68] cross_part_num 2
I1125 10:38:16.815112 81182 bench_ycsb.cpp:69] lotus_sp_parallel_exec_commit 0
I1125 10:38:16.815114 81182 bench_ycsb.cpp:70] granules_per_partition 2000
I1125 10:38:16.815116 81182 bench_ycsb.cpp:71] keysPerGranule 20
I1125 10:38:16.851596 81182 Database.h:81] ycsb initialization finished in 35 milliseconds.
I1125 10:38:16.902261 81182 CXLMemory.h:46] cxlalloc initialized for thread 0 (global ID = 0) on host 0
I1125 10:38:16.902292 81182 MPSCRingBuffer.h:35] entry_struct_size: 1024 entry_num: 4096
I1125 10:38:16.904219 81182 MPSCRingBuffer.h:35] entry_struct_size: 1024 entry_num: 4096
I1125 10:38:16.906239 81182 MPSCRingBuffer.h:35] entry_struct_size: 1024 entry_num: 4096
I1125 10:38:16.908252 81182 MPSCRingBuffer.h:35] entry_struct_size: 1024 entry_num: 4096
I1125 10:38:16.910312 81182 MPSCRingBuffer.h:35] entry_struct_size: 1024 entry_num: 4096
I1125 10:38:16.912318 81182 MPSCRingBuffer.h:35] entry_struct_size: 1024 entry_num: 4096
I1125 10:38:16.914379 81182 MPSCRingBuffer.h:35] entry_struct_size: 1024 entry_num: 4096
I1125 10:38:16.916580 81182 MPSCRingBuffer.h:35] entry_struct_size: 1024 entry_num: 4096
I1125 10:38:16.918777 81182 Coordinator.h:415] Coordinator 0 initializes CXL transport metadata (8 ringbuffers each with 4096 entries (each 1015 Bytes)
I1125 10:38:16.918958 81182 Coordinator.h:81] WAL Group Commiting to file [/root/pasha_log_group_commit.txt] using GroupCommit Logger
I1125 10:38:16.918965 81182 Coordinator.h:96] Coordinator initializes 3 workers.
I1125 10:38:16.919070 81182 Database.h:227] YCSB initializes data migration metadata
I1125 10:38:16.960587 81187 Coordinator.h:452] Listener 0 on coordinator 0 listening on 192.168.100.2:1234 tcp_no_delay 1 tcp_quick_ack 0
I1125 10:38:16.960858 81182 Coordinator.h:498] Coordinator 0 failed to connect 1(192.168.100.3:1234)'s listener 0, retry in 5 seconds.
I1125 10:38:16.961836 81187 Socket.h:69] Disabling nagle
I1125 10:38:16.961845 81187 Coordinator.h:467] Listener accepted connection from coordinator 2
I1125 10:38:16.961854 81187 Socket.h:69] Disabling nagle
I1125 10:38:16.961876 81187 Coordinator.h:467] Listener accepted connection from coordinator 7
I1125 10:38:16.962028 81187 Socket.h:69] Disabling nagle
I1125 10:38:16.962031 81187 Coordinator.h:467] Listener accepted connection from coordinator 4
I1125 10:38:16.962463 81187 Socket.h:69] Disabling nagle
I1125 10:38:16.962467 81187 Coordinator.h:467] Listener accepted connection from coordinator 5
I1125 10:38:16.962872 81187 Socket.h:69] Disabling nagle
I1125 10:38:16.962877 81187 Coordinator.h:467] Listener accepted connection from coordinator 6
I1125 10:38:16.963107 81187 Socket.h:69] Disabling nagle
I1125 10:38:16.963110 81187 Coordinator.h:467] Listener accepted connection from coordinator 1
I1125 10:38:21.960383 81187 Socket.h:69] Disabling nagle
I1125 10:38:21.960397 81187 Coordinator.h:467] Listener accepted connection from coordinator 3
I1125 10:38:21.960399 81187 Coordinator.h:470] Listener 0 on coordinator 0 exits.
I1125 10:38:21.961046 81182 Socket.h:69] Disabling nagle
I1125 10:38:21.961062 81182 Coordinator.h:507] Coordinator 0 connected to 1
I1125 10:38:21.961163 81182 Socket.h:69] Disabling nagle
I1125 10:38:21.961167 81182 Coordinator.h:507] Coordinator 0 connected to 2
I1125 10:38:21.961234 81182 Socket.h:69] Disabling nagle
I1125 10:38:21.961237 81182 Coordinator.h:507] Coordinator 0 connected to 3
I1125 10:38:21.961318 81182 Socket.h:69] Disabling nagle
I1125 10:38:21.961321 81182 Coordinator.h:507] Coordinator 0 connected to 4
I1125 10:38:21.961397 81182 Socket.h:69] Disabling nagle
I1125 10:38:21.961400 81182 Coordinator.h:507] Coordinator 0 connected to 5
I1125 10:38:21.961473 81182 Socket.h:69] Disabling nagle
I1125 10:38:21.961476 81182 Coordinator.h:507] Coordinator 0 connected to 6
I1125 10:38:21.961553 81182 Socket.h:69] Disabling nagle
I1125 10:38:21.961557 81182 Coordinator.h:507] Coordinator 0 connected to 7
I1125 10:38:21.961562 81182 Coordinator.h:519] Coordinator 0 connected to all peers.
I1125 10:38:21.961580 81182 Dispatcher.h:38] IncomingDispatcher 0 coord_id 0
I1125 10:38:21.961616 81182 Dispatcher.h:210] OutgoingDispatcher 0 coord_id 0
I1125 10:38:21.961660 81182 Coordinator.h:608] pinned thread to core 0
I1125 10:38:21.961700 81188 Dispatcher.h:57] Incoming Dispatcher started, numCoordinators = 8, numWorkers = 3, group id = 0, coordinator = 0
I1125 10:38:21.961741 81182 Coordinator.h:608] pinned thread to core 1
I1125 10:38:21.961762 81189 WALLogger.h:456] logger thread started!
I1125 10:38:21.961768 81182 Coordinator.h:211] Coordinator starts to run 4 workers.
I1125 10:38:21.961810 81182 Coordinator.h:608] pinned thread to core 2
I1125 10:38:21.961830 81190 Executor.h:78] Executor 0 starts.
I1125 10:38:21.961880 81190 CXLMemory.h:46] cxlalloc initialized for thread 1 (global ID = 1) on host 0
I1125 10:38:21.961882 81182 Coordinator.h:608] pinned thread to core 3
I1125 10:38:21.961972 81182 Coordinator.h:608] pinned thread to core 4
I1125 10:38:21.962033 81192 Executor.h:78] Executor 2 starts.
I1125 10:38:21.962045 81191 Executor.h:78] Executor 1 starts.
I1125 10:38:21.962141 81192 CXLMemory.h:46] cxlalloc initialized for thread 3 (global ID = 3) on host 0
I1125 10:38:21.962169 81191 CXLMemory.h:46] cxlalloc initialized for thread 2 (global ID = 2) on host 0
I1125 10:38:21.962034 81193 Manager.h:228] Manager(worker id = 3) on the coordinator node started.
I1125 10:38:22.962093 81182 Coordinator.h:302] commit: 20859 abort: 16962 (0/16962/0), persistence latency 0, txn latency 0, queued lock latency 0, lock latency 0, active_txns 0, n_failed_read_lock 0, n_failed_write_lock 0, n_failed_cmd_not_ready 0, n_failed_no_cmd 0, network size: 0, avg network size: 0, si_in_serializable: 0 0 %, local: 0 %, local_access: 145147, local_cxl_access: 0 (0%), remote_access: 154429, remote_access_with_req: 0 (0%), data_move_in: 40961, data_move_out: 0
I1125 10:38:23.962363 81182 Coordinator.h:302] commit: 21460 abort: 17063 (0/17063/0), persistence latency 0, txn latency 0, queued lock latency 0, lock latency 0, active_txns 0, n_failed_read_lock 0, n_failed_write_lock 0, n_failed_cmd_not_ready 0, n_failed_no_cmd 0, network size: 0, avg network size: 0, si_in_serializable: 0 0 %, local: 0 %, local_access: 148835, local_cxl_access: 0 (0%), remote_access: 158003, remote_access_with_req: 0 (0%), data_move_in: 0, data_move_out: 0
I1125 10:38:24.963128 81182 Coordinator.h:302] commit: 21446 abort: 17272 (0/17272/0), persistence latency 0, txn latency 0, queued lock latency 0, lock latency 0, active_txns 0, n_failed_read_lock 0, n_failed_write_lock 0, n_failed_cmd_not_ready 0, n_failed_no_cmd 0, network size: 0, avg network size: 0, si_in_serializable: 0 0 %, local: 0 %, local_access: 149149, local_cxl_access: 0 (0%), remote_access: 158416, remote_access_with_req: 0 (0%), data_move_in: 0, data_move_out: 0
I1125 10:38:25.963366 81182 Coordinator.h:302] commit: 20877 abort: 16822 (0/16822/0), persistence latency 0, txn latency 0, queued lock latency 0, lock latency 0, active_txns 0, n_failed_read_lock 0, n_failed_write_lock 0, n_failed_cmd_not_ready 0, n_failed_no_cmd 0, network size: 0, avg network size: 0, si_in_serializable: 0 0 %, local: 0 %, local_access: 145022, local_cxl_access: 0 (0%), remote_access: 154053, remote_access_with_req: 0 (0%), data_move_in: 0, data_move_out: 0
I1125 10:38:26.963611 81182 Coordinator.h:302] commit: 21032 abort: 16748 (0/16748/0), persistence latency 0, txn latency 0, queued lock latency 0, lock latency 0, active_txns 0, n_failed_read_lock 0, n_failed_write_lock 0, n_failed_cmd_not_ready 0, n_failed_no_cmd 0, network size: 0, avg network size: 0, si_in_serializable: 0 0 %, local: 0 %, local_access: 145588, local_cxl_access: 0 (0%), remote_access: 154517, remote_access_with_req: 0 (0%), data_move_in: 0, data_move_out: 0
I1125 10:38:27.964112 81182 Coordinator.h:302] commit: 20882 abort: 16973 (0/16973/0), persistence latency 0, txn latency 0, queued lock latency 0, lock latency 0, active_txns 0, n_failed_read_lock 0, n_failed_write_lock 0, n_failed_cmd_not_ready 0, n_failed_no_cmd 0, network size: 0, avg network size: 0, si_in_serializable: 0 0 %, local: 0 %, local_access: 145436, local_cxl_access: 0 (0%), remote_access: 154622, remote_access_with_req: 0 (0%), data_move_in: 0, data_move_out: 0
I1125 10:38:28.964345 81182 Coordinator.h:302] commit: 21057 abort: 16972 (0/16972/0), persistence latency 0, txn latency 0, queued lock latency 0, lock latency 0, active_txns 0, n_failed_read_lock 0, n_failed_write_lock 0, n_failed_cmd_not_ready 0, n_failed_no_cmd 0, network size: 0, avg network size: 0, si_in_serializable: 0 0 %, local: 0 %, local_access: 146410, local_cxl_access: 0 (0%), remote_access: 155582, remote_access_with_req: 0 (0%), data_move_in: 0, data_move_out: 0
I1125 10:38:29.964563 81182 Coordinator.h:302] commit: 21501 abort: 17218 (0/17218/0), persistence latency 0, txn latency 0, queued lock latency 0, lock latency 0, active_txns 0, n_failed_read_lock 0, n_failed_write_lock 0, n_failed_cmd_not_ready 0, n_failed_no_cmd 0, network size: 0, avg network size: 0, si_in_serializable: 0 0 %, local: 0 %, local_access: 149152, local_cxl_access: 0 (0%), remote_access: 158574, remote_access_with_req: 0 (0%), data_move_in: 0, data_move_out: 0
I1125 10:38:30.964808 81182 Coordinator.h:302] commit: 21398 abort: 17165 (0/17165/0), persistence latency 0, txn latency 0, queued lock latency 0, lock latency 0, active_txns 0, n_failed_read_lock 0, n_failed_write_lock 0, n_failed_cmd_not_ready 0, n_failed_no_cmd 0, network size: 0, avg network size: 0, si_in_serializable: 0 0 %, local: 0 %, local_access: 148526, local_cxl_access: 0 (0%), remote_access: 157807, remote_access_with_req: 0 (0%), data_move_in: 0, data_move_out: 0
I1125 10:38:31.965044 81182 Coordinator.h:302] commit: 21681 abort: 17261 (0/17261/0), persistence latency 0, txn latency 0, queued lock latency 0, lock latency 0, active_txns 0, n_failed_read_lock 0, n_failed_write_lock 0, n_failed_cmd_not_ready 0, n_failed_no_cmd 0, network size: 0, avg network size: 0, si_in_serializable: 0 0 %, local: 0 %, local_access: 150358, local_cxl_access: 0 (0%), remote_access: 159832, remote_access_with_req: 0 (0%), data_move_in: 0, data_move_out: 0
I1125 10:38:31.965200 81182 Coordinator.h:340] average commit: 21303.8 abort: 17117.8 (0/17117.8/0), abort_rate: 0.445525, network size: 0, avg network size: 0, si_in_serializable: 0 0 %, local: 0 %, local_access: 739882, local_cxl_access: 0 (0%), remote_access: 786417, remote_access_with_req: 0 (0%), data_move_in: 0, data_move_out: 0
I1125 10:38:31.965230 81182 Executor.h:221] Worker 0 latency: 32 us (50%) 36 us (75%) 70 us (95%) 177 us (99%). dist txn latency: 32 us (50%) 36 us (75%) 72 us (95%) 170 us (99%)  avg 38 us . local txn latency: 0 us (50%) 0 us (75%) 0 us (95%) 0 us (99%)  avg 0 us. txn commit latency: 32 us (50%) 36 us (75%) 59 us (95%) 179 us (99%) avg 37 us.
 LOCAL txn stall 0 us,  local_work 0 us,  remote_work 0 us,  commit_work 0 us,  commit_prepare 0 us,  commit_persistence 0 us,  commit_write_back 0 us,  commit_replication 0 us,  commit_release_lock 0 us 
 DIST txn stall 0 us,  local_work 18 us,  remote_work 0 us,  commit_work 16 us,  commit_prepare 7 us,  commit_persistence 0 us,  commit_write_back 6 us,  commit_replication 0 us,  commit_release_lock 0 us 
I1125 10:38:31.965632 81182 Executor.h:252] message stats, type: 0 count: 0 total size: 0
I1125 10:38:31.965648 81182 Executor.h:252] message stats, type: 1 count: 0 total size: 0
I1125 10:38:31.965662 81182 Executor.h:252] message stats, type: 2 count: 0 total size: 0
I1125 10:38:31.965674 81182 Executor.h:252] message stats, type: 3 count: 0 total size: 0
I1125 10:38:31.965687 81182 Executor.h:252] message stats, type: 4 count: 0 total size: 0
I1125 10:38:31.965698 81182 Executor.h:252] message stats, type: 5 count: 0 total size: 0
I1125 10:38:31.965710 81182 Executor.h:252] message stats, type: 6 count: 0 total size: 0
I1125 10:38:31.965723 81182 Executor.h:252] message stats, type: 7 count: 0 total size: 0
I1125 10:38:31.965734 81182 Executor.h:252] message stats, type: 8 count: 0 total size: 0
I1125 10:38:31.965746 81182 Executor.h:252] message stats, type: 9 count: 0 total size: 0
I1125 10:38:31.965759 81182 Executor.h:252] message stats, type: 10 count: 0 total size: 0
I1125 10:38:31.965770 81182 Executor.h:252] message stats, type: 11 count: 0 total size: 0
I1125 10:38:31.966262 81192 Executor.h:216] Executor 2 exits.
I1125 10:38:31.966265 81190 Executor.h:216] Executor 0 exits.
I1125 10:38:31.966265 81191 Executor.h:216] Executor 1 exits.
I1125 10:38:31.966444 81193 Manager.h:230] Manager(worker id = 3) on the coordinator node exits.
I1125 10:38:31.966411 81182 Executor.h:221] Worker 1 latency: 32 us (50%) 37 us (75%) 67 us (95%) 156 us (99%). dist txn latency: 32 us (50%) 37 us (75%) 79 us (95%) 158 us (99%)  avg 39 us . local txn latency: 0 us (50%) 0 us (75%) 0 us (95%) 0 us (99%)  avg 0 us. txn commit latency: 32 us (50%) 37 us (75%) 74 us (95%) 164 us (99%) avg 38 us.
 LOCAL txn stall 0 us,  local_work 0 us,  remote_work 0 us,  commit_work 0 us,  commit_prepare 0 us,  commit_persistence 0 us,  commit_write_back 0 us,  commit_replication 0 us,  commit_release_lock 0 us 
 DIST txn stall 0 us,  local_work 18 us,  remote_work 0 us,  commit_work 17 us,  commit_prepare 7 us,  commit_persistence 0 us,  commit_write_back 6 us,  commit_replication 0 us,  commit_release_lock 0 us 
I1125 10:38:31.966796 81182 Executor.h:221] Worker 2 latency: 35 us (50%) 44 us (75%) 104 us (95%) 207 us (99%). dist txn latency: 35 us (50%) 44 us (75%) 100 us (95%) 209 us (99%)  avg 44 us . local txn latency: 0 us (50%) 0 us (75%) 0 us (95%) 0 us (99%)  avg 0 us. txn commit latency: 34 us (50%) 44 us (75%) 114 us (95%) 209 us (99%) avg 45 us.
 LOCAL txn stall 0 us,  local_work 0 us,  remote_work 0 us,  commit_work 0 us,  commit_prepare 0 us,  commit_persistence 0 us,  commit_write_back 0 us,  commit_replication 0 us,  commit_release_lock 0 us 
 DIST txn stall 0 us,  local_work 21 us,  remote_work 0 us,  commit_work 19 us,  commit_prepare 8 us,  commit_persistence 0 us,  commit_write_back 8 us,  commit_replication 0 us,  commit_release_lock 0 us 
I1125 10:38:31.967164 81182 CXLMemory.h:143] local CXL memory usage: size_index_usage: 1707152 size_metadata_usage: 5898384 size_data_usage: 4505710 size_transport_usage: 33554880
I1125 10:38:31.967167 81182 SCCManager.h:37] software cache-coherence statistics: num_clflush: 1902806 num_clwb: 2162901 num_cache_hit: 966222 num_cache_miss: 1902806 cache hit rate: 33.6777%
I1125 10:38:31.972518 81182 Coordinator.h:581] Global Stats: total_commit: 170697 total_size_index_usage: 13414400 total_size_metadata_usage: 47187072 total_size_data_usage: 36045680 total_size_transport_usage: 33554880
I1125 10:38:32.972618 81188 Dispatcher.h:154] Incoming Dispatcher exits, network size: 1652. socket_message_recv_latency(50th) 2 socket_message_recv_latency(75th) 2 socket_message_recv_latency(95th) 2 socket_message_recv_latency(99th) 2 internal_message_recv_latency(50th) 0 socket_message_recv_cnt 3 socket_read_syscall 30902018 internal_message_recv_cnt 0
I1125 10:38:32.972826 81182 WALLogger.h:536] Group Commit Stats: 11164 us (50%) 21924 us (75%) 53774 us (95%) 80082 us (99%) 16507 us (avg) committed_txn_cnt 212179
I1125 10:38:32.973376 81182 WALLogger.h:542] Queuing Stats: 12309 us (50%) 23650 us (75%) 53280 us (95%) 76055 us (99%) 17390 us (avg)
I1125 10:38:32.973435 81182 WALLogger.h:547] Disk Sync Stats: 240 us (50%) 259 us (75%) 312 us (95%) 5138 us (99%) 391 us (avg) disk_sync_cnt 25342 disk_sync_size 248673788 current global epoch 77594
I1125 10:38:33.004137 81182 Coordinator.h:150] round_trip_latency 25 (50th) 34 (75th) 53 (95th) 53 (99th) 
I1125 10:38:33.004298 81182 Coordinator.h:400] Coordinator exits.
killing previous experiments...
