I1125 09:15:28.468492 64666 Coordinator.h:519] Coordinator 0 connected to all peers.
I1125 09:15:28.468509 64666 Dispatcher.h:38] IncomingDispatcher 0 coord_id 0
I1125 09:15:28.468544 64666 Dispatcher.h:210] OutgoingDispatcher 0 coord_id 0
I1125 09:15:28.468593 64666 Coordinator.h:608] pinned thread to core 0
I1125 09:15:28.468633 64672 Dispatcher.h:57] Incoming Dispatcher started, numCoordinators = 8, numWorkers = 3, group id = 0, coordinator = 0
I1125 09:15:28.468652 64666 Coordinator.h:608] pinned thread to core 1
I1125 09:15:28.468672 64673 WALLogger.h:456] logger thread started!
I1125 09:15:28.468681 64666 Coordinator.h:211] Coordinator starts to run 4 workers.
I1125 09:15:28.468727 64666 Coordinator.h:608] pinned thread to core 2
I1125 09:15:28.468750 64674 Executor.h:78] Executor 0 starts.
I1125 09:15:28.468794 64674 CXLMemory.h:46] cxlalloc initialized for thread 1 (global ID = 1) on host 0
I1125 09:15:28.468855 64666 Coordinator.h:608] pinned thread to core 3
I1125 09:15:28.468937 64675 Executor.h:78] Executor 1 starts.
I1125 09:15:28.468953 64676 Executor.h:78] Executor 2 starts.
I1125 09:15:28.469086 64676 CXLMemory.h:46] cxlalloc initialized for thread 3 (global ID = 3) on host 0
I1125 09:15:28.469117 64675 CXLMemory.h:46] cxlalloc initialized for thread 2 (global ID = 2) on host 0
I1125 09:15:28.468943 64666 Coordinator.h:608] pinned thread to core 4
I1125 09:15:28.469321 64677 Manager.h:228] Manager(worker id = 3) on the coordinator node started.
I1125 09:15:29.469364 64666 Coordinator.h:302] commit: 49814 abort: 8199 (0/8199/0), persistence latency 0, txn latency 0, queued lock latency 0, lock latency 0, active_txns 0, n_failed_read_lock 0, n_failed_write_lock 0, n_failed_cmd_not_ready 0, n_failed_no_cmd 0, network size: 0, avg network size: 0, si_in_serializable: 0 0 %, local: 0 %, local_access: 306490, local_cxl_access: 0 (0%), remote_access: 252221, remote_access_with_req: 0 (0%), data_move_in: 40961, data_move_out: 0
I1125 09:15:30.469627 64666 Coordinator.h:302] commit: 49990 abort: 8393 (0/8393/0), persistence latency 0, txn latency 0, queued lock latency 0, lock latency 0, active_txns 0, n_failed_read_lock 0, n_failed_write_lock 0, n_failed_cmd_not_ready 0, n_failed_no_cmd 0, network size: 0, avg network size: 0, si_in_serializable: 0 0 %, local: 0 %, local_access: 307441, local_cxl_access: 0 (0%), remote_access: 253883, remote_access_with_req: 0 (0%), data_move_in: 0, data_move_out: 0
I1125 09:15:31.470144 64666 Coordinator.h:302] commit: 50192 abort: 8370 (0/8370/0), persistence latency 0, txn latency 0, queued lock latency 0, lock latency 0, active_txns 0, n_failed_read_lock 0, n_failed_write_lock 0, n_failed_cmd_not_ready 0, n_failed_no_cmd 0, network size: 0, avg network size: 0, si_in_serializable: 0 0 %, local: 0 %, local_access: 308543, local_cxl_access: 0 (0%), remote_access: 254644, remote_access_with_req: 0 (0%), data_move_in: 0, data_move_out: 0
I1125 09:15:32.470322 64666 Coordinator.h:302] commit: 49494 abort: 8239 (0/8239/0), persistence latency 0, txn latency 0, queued lock latency 0, lock latency 0, active_txns 0, n_failed_read_lock 0, n_failed_write_lock 0, n_failed_cmd_not_ready 0, n_failed_no_cmd 0, network size: 0, avg network size: 0, si_in_serializable: 0 0 %, local: 0 %, local_access: 305008, local_cxl_access: 0 (0%), remote_access: 250449, remote_access_with_req: 0 (0%), data_move_in: 0, data_move_out: 0
I1125 09:15:33.470530 64666 Coordinator.h:302] commit: 49969 abort: 8186 (0/8186/0), persistence latency 0, txn latency 0, queued lock latency 0, lock latency 0, active_txns 0, n_failed_read_lock 0, n_failed_write_lock 0, n_failed_cmd_not_ready 0, n_failed_no_cmd 0, network size: 0, avg network size: 0, si_in_serializable: 0 0 %, local: 0 %, local_access: 307578, local_cxl_access: 0 (0%), remote_access: 252195, remote_access_with_req: 0 (0%), data_move_in: 0, data_move_out: 0
I1125 09:15:34.470757 64666 Coordinator.h:302] commit: 46861 abort: 7869 (0/7869/0), persistence latency 0, txn latency 0, queued lock latency 0, lock latency 0, active_txns 0, n_failed_read_lock 0, n_failed_write_lock 0, n_failed_cmd_not_ready 0, n_failed_no_cmd 0, network size: 0, avg network size: 0, si_in_serializable: 0 0 %, local: 0 %, local_access: 288836, local_cxl_access: 0 (0%), remote_access: 237696, remote_access_with_req: 0 (0%), data_move_in: 0, data_move_out: 0
I1125 09:15:35.470974 64666 Coordinator.h:302] commit: 49869 abort: 8277 (0/8277/0), persistence latency 0, txn latency 0, queued lock latency 0, lock latency 0, active_txns 0, n_failed_read_lock 0, n_failed_write_lock 0, n_failed_cmd_not_ready 0, n_failed_no_cmd 0, network size: 0, avg network size: 0, si_in_serializable: 0 0 %, local: 0 %, local_access: 306421, local_cxl_access: 0 (0%), remote_access: 253426, remote_access_with_req: 0 (0%), data_move_in: 0, data_move_out: 0
I1125 09:15:36.471446 64666 Coordinator.h:302] commit: 49398 abort: 8233 (0/8233/0), persistence latency 0, txn latency 0, queued lock latency 0, lock latency 0, active_txns 0, n_failed_read_lock 0, n_failed_write_lock 0, n_failed_cmd_not_ready 0, n_failed_no_cmd 0, network size: 0, avg network size: 0, si_in_serializable: 0 0 %, local: 0 %, local_access: 303743, local_cxl_access: 0 (0%), remote_access: 250395, remote_access_with_req: 0 (0%), data_move_in: 0, data_move_out: 0
I1125 09:15:37.471890 64666 Coordinator.h:302] commit: 50183 abort: 8423 (0/8423/0), persistence latency 0, txn latency 0, queued lock latency 0, lock latency 0, active_txns 0, n_failed_read_lock 0, n_failed_write_lock 0, n_failed_cmd_not_ready 0, n_failed_no_cmd 0, network size: 0, avg network size: 0, si_in_serializable: 0 0 %, local: 0 %, local_access: 308215, local_cxl_access: 0 (0%), remote_access: 255116, remote_access_with_req: 0 (0%), data_move_in: 0, data_move_out: 0
I1125 09:15:38.472107 64666 Coordinator.h:302] commit: 49948 abort: 8334 (0/8334/0), persistence latency 0, txn latency 0, queued lock latency 0, lock latency 0, active_txns 0, n_failed_read_lock 0, n_failed_write_lock 0, n_failed_cmd_not_ready 0, n_failed_no_cmd 0, network size: 0, avg network size: 0, si_in_serializable: 0 0 %, local: 0 %, local_access: 307137, local_cxl_access: 0 (0%), remote_access: 253370, remote_access_with_req: 0 (0%), data_move_in: 0, data_move_out: 0
I1125 09:15:38.472250 64666 Coordinator.h:340] average commit: 49251.8 abort: 8227.2 (0/8227.2/0), abort_rate: 0.143134, network size: 0, avg network size: 0, si_in_serializable: 0 0 %, local: 0 %, local_access: 1514352, local_cxl_access: 0 (0%), remote_access: 1250003, remote_access_with_req: 0 (0%), data_move_in: 0, data_move_out: 0
I1125 09:15:38.472280 64666 Executor.h:221] Worker 0 latency: 33 us (50%) 35 us (75%) 40 us (95%) 49 us (99%). dist txn latency: 33 us (50%) 35 us (75%) 41 us (95%) 52 us (99%)  avg 35 us . local txn latency: 30 us (50%) 32 us (75%) 37 us (95%) 45 us (99%)  avg 31 us. txn commit latency: 33 us (50%) 35 us (75%) 40 us (95%) 51 us (99%) avg 36 us.
 LOCAL txn stall 0 us,  local_work 16 us,  remote_work 0 us,  commit_work 12 us,  commit_prepare 5 us,  commit_persistence 0 us,  commit_write_back 5 us,  commit_replication 0 us,  commit_release_lock 0 us 
 DIST txn stall 0 us,  local_work 17 us,  remote_work 0 us,  commit_work 13 us,  commit_prepare 6 us,  commit_persistence 0 us,  commit_write_back 5 us,  commit_replication 0 us,  commit_release_lock 0 us 
I1125 09:15:38.475358 64666 Executor.h:252] message stats, type: 0 count: 0 total size: 0
I1125 09:15:38.475566 64666 Executor.h:252] message stats, type: 1 count: 0 total size: 0
I1125 09:15:38.475672 64666 Executor.h:252] message stats, type: 2 count: 0 total size: 0
I1125 09:15:38.475876 64666 Executor.h:252] message stats, type: 3 count: 0 total size: 0
I1125 09:15:38.476080 64666 Executor.h:252] message stats, type: 4 count: 0 total size: 0
I1125 09:15:38.476248 64666 Executor.h:252] message stats, type: 5 count: 0 total size: 0
I1125 09:15:38.476306 64666 Executor.h:252] message stats, type: 6 count: 0 total size: 0
I1125 09:15:38.476406 64666 Executor.h:252] message stats, type: 7 count: 0 total size: 0
I1125 09:15:38.476616 64666 Executor.h:252] message stats, type: 8 count: 0 total size: 0
I1125 09:15:38.476819 64666 Executor.h:252] message stats, type: 9 count: 0 total size: 0
I1125 09:15:38.477031 64666 Executor.h:252] message stats, type: 10 count: 0 total size: 0
I1125 09:15:38.477241 64666 Executor.h:252] message stats, type: 11 count: 0 total size: 0
I1125 09:15:38.478994 64674 Executor.h:216] Executor 0 exits.
I1125 09:15:38.478996 64675 Executor.h:216] Executor 1 exits.
I1125 09:15:38.478996 64676 Executor.h:216] Executor 2 exits.
I1125 09:15:38.479264 64666 Executor.h:221] Worker 1 latency: 33 us (50%) 35 us (75%) 41 us (95%) 52 us (99%). dist txn latency: 33 us (50%) 35 us (75%) 41 us (95%) 54 us (99%)  avg 34 us . local txn latency: 30 us (50%) 32 us (75%) 37 us (95%) 47 us (99%)  avg 31 us. txn commit latency: 33 us (50%) 35 us (75%) 41 us (95%) 53 us (99%) avg 34 us.
 LOCAL txn stall 0 us,  local_work 16 us,  remote_work 0 us,  commit_work 12 us,  commit_prepare 5 us,  commit_persistence 0 us,  commit_write_back 5 us,  commit_replication 0 us,  commit_release_lock 0 us 
 DIST txn stall 0 us,  local_work 17 us,  remote_work 0 us,  commit_work 13 us,  commit_prepare 5 us,  commit_persistence 0 us,  commit_write_back 5 us,  commit_replication 0 us,  commit_release_lock 0 us 
I1125 09:15:38.480005 64666 Executor.h:221] Worker 2 latency: 36 us (50%) 46 us (75%) 184 us (95%) 218 us (99%). dist txn latency: 36 us (50%) 46 us (75%) 190 us (95%) 219 us (99%)  avg 51 us . local txn latency: 33 us (50%) 43 us (75%) 159 us (95%) 209 us (99%)  avg 48 us. txn commit latency: 36 us (50%) 46 us (75%) 180 us (95%) 217 us (99%) avg 50 us.
 LOCAL txn stall 0 us,  local_work 24 us,  remote_work 0 us,  commit_work 19 us,  commit_prepare 8 us,  commit_persistence 0 us,  commit_write_back 7 us,  commit_replication 0 us,  commit_release_lock 0 us 
 DIST txn stall 0 us,  local_work 26 us,  remote_work 0 us,  commit_work 21 us,  commit_prepare 9 us,  commit_persistence 0 us,  commit_write_back 8 us,  commit_replication 0 us,  commit_release_lock 0 us 
I1125 09:15:38.482414 64677 Manager.h:230] Manager(worker id = 3) on the coordinator node exits.
I1125 09:15:38.482491 64666 CXLMemory.h:143] local CXL memory usage: size_index_usage: 1707152 size_metadata_usage: 5898384 size_data_usage: 4505710 size_transport_usage: 33554880
I1125 09:15:38.482497 64666 SCCManager.h:37] software cache-coherence statistics: num_clflush: 3496017 num_clwb: 4998291 num_cache_hit: 1984423 num_cache_miss: 3496017 cache hit rate: 36.2092%
I1125 09:15:38.484691 64666 Coordinator.h:581] Global Stats: total_commit: 393018 total_size_index_usage: 13414400 total_size_metadata_usage: 47187072 total_size_data_usage: 36045680 total_size_transport_usage: 33554880
I1125 09:15:39.484766 64672 Dispatcher.h:154] Incoming Dispatcher exits, network size: 1652. socket_message_recv_latency(50th) 89 socket_message_recv_latency(75th) 89 socket_message_recv_latency(95th) 89 socket_message_recv_latency(99th) 89 internal_message_recv_latency(50th) 0 socket_message_recv_cnt 1 socket_read_syscall 29914402 internal_message_recv_cnt 0
I1125 09:15:39.484997 64666 WALLogger.h:536] Group Commit Stats: 30120 us (50%) 59570 us (75%) 119562 us (95%) 136399 us (99%) 40630 us (avg) committed_txn_cnt 495713
I1125 09:15:39.486120 64666 WALLogger.h:542] Queuing Stats: 30031 us (50%) 64545 us (75%) 126430 us (95%) 138000 us (99%) 41669 us (avg)
I1125 09:15:39.486189 64666 WALLogger.h:547] Disk Sync Stats: 221 us (50%) 231 us (75%) 298 us (95%) 4096 us (99%) 362 us (avg) disk_sync_cnt 27038 disk_sync_size 580995852 current global epoch 76473
I1125 09:15:39.515022 64666 Coordinator.h:150] round_trip_latency 27 (50th) 29 (75th) 33 (95th) 33 (99th) 
I1125 09:15:39.515146 64666 Coordinator.h:400] Coordinator exits.
killing previous experiments...
killing previous experiments...
deleting log files...
initializing cxl memory...
I1125 09:16:25.670965 64878 bench_ycsb.cpp:66] RW_RATIO = 0, ZIPF_THETA = 0.7, CROSS_RATIO = 100
I1125 09:16:25.671032 64878 bench_ycsb.cpp:67] checkpoint 1 to 
I1125 09:16:25.671036 64878 bench_ycsb.cpp:68] cross_part_num 2
I1125 09:16:25.671037 64878 bench_ycsb.cpp:69] lotus_sp_parallel_exec_commit 0
I1125 09:16:25.671041 64878 bench_ycsb.cpp:70] granules_per_partition 2000
I1125 09:16:25.671042 64878 bench_ycsb.cpp:71] keysPerGranule 20
I1125 09:16:25.707638 64878 Database.h:81] ycsb initialization finished in 35 milliseconds.
I1125 09:16:25.757514 64878 CXLMemory.h:46] cxlalloc initialized for thread 0 (global ID = 0) on host 0
I1125 09:16:25.757544 64878 MPSCRingBuffer.h:35] entry_struct_size: 1024 entry_num: 4096
I1125 09:16:25.759517 64878 MPSCRingBuffer.h:35] entry_struct_size: 1024 entry_num: 4096
I1125 09:16:25.761543 64878 MPSCRingBuffer.h:35] entry_struct_size: 1024 entry_num: 4096
I1125 09:16:25.763566 64878 MPSCRingBuffer.h:35] entry_struct_size: 1024 entry_num: 4096
I1125 09:16:25.765632 64878 MPSCRingBuffer.h:35] entry_struct_size: 1024 entry_num: 4096
I1125 09:16:25.767654 64878 MPSCRingBuffer.h:35] entry_struct_size: 1024 entry_num: 4096
I1125 09:16:25.769699 64878 MPSCRingBuffer.h:35] entry_struct_size: 1024 entry_num: 4096
I1125 09:16:25.771896 64878 MPSCRingBuffer.h:35] entry_struct_size: 1024 entry_num: 4096
I1125 09:16:25.774080 64878 Coordinator.h:415] Coordinator 0 initializes CXL transport metadata (8 ringbuffers each with 4096 entries (each 1015 Bytes)
I1125 09:16:25.774251 64878 Coordinator.h:81] WAL Group Commiting to file [/root/pasha_log_group_commit.txt] using GroupCommit Logger
I1125 09:16:25.774256 64878 Coordinator.h:96] Coordinator initializes 3 workers.
I1125 09:16:25.774361 64878 Database.h:227] YCSB initializes data migration metadata
I1125 09:16:25.815652 64883 Coordinator.h:452] Listener 0 on coordinator 0 listening on 192.168.100.2:1234 tcp_no_delay 1 tcp_quick_ack 0
I1125 09:16:25.815898 64878 Coordinator.h:498] Coordinator 0 failed to connect 1(192.168.100.3:1234)'s listener 0, retry in 5 seconds.
I1125 09:16:25.816744 64883 Socket.h:69] Disabling nagle
I1125 09:16:25.816751 64883 Coordinator.h:467] Listener accepted connection from coordinator 2
I1125 09:16:25.817055 64883 Socket.h:69] Disabling nagle
I1125 09:16:25.817059 64883 Coordinator.h:467] Listener accepted connection from coordinator 7
I1125 09:16:25.817775 64883 Socket.h:69] Disabling nagle
I1125 09:16:25.817780 64883 Coordinator.h:467] Listener accepted connection from coordinator 4
I1125 09:16:25.817839 64883 Socket.h:69] Disabling nagle
I1125 09:16:25.817843 64883 Coordinator.h:467] Listener accepted connection from coordinator 6
I1125 09:16:25.817881 64883 Socket.h:69] Disabling nagle
I1125 09:16:25.817884 64883 Coordinator.h:467] Listener accepted connection from coordinator 5
I1125 09:16:25.818333 64883 Socket.h:69] Disabling nagle
I1125 09:16:25.818337 64883 Coordinator.h:467] Listener accepted connection from coordinator 1
I1125 09:16:30.815507 64883 Socket.h:69] Disabling nagle
I1125 09:16:30.815513 64883 Coordinator.h:467] Listener accepted connection from coordinator 3
I1125 09:16:30.815515 64883 Coordinator.h:470] Listener 0 on coordinator 0 exits.
I1125 09:16:30.816071 64878 Socket.h:69] Disabling nagle
I1125 09:16:30.816084 64878 Coordinator.h:507] Coordinator 0 connected to 1
I1125 09:16:30.816155 64878 Socket.h:69] Disabling nagle
I1125 09:16:30.816160 64878 Coordinator.h:507] Coordinator 0 connected to 2
I1125 09:16:30.816226 64878 Socket.h:69] Disabling nagle
I1125 09:16:30.816229 64878 Coordinator.h:507] Coordinator 0 connected to 3
I1125 09:16:30.816300 64878 Socket.h:69] Disabling nagle
I1125 09:16:30.816303 64878 Coordinator.h:507] Coordinator 0 connected to 4
I1125 09:16:30.816371 64878 Socket.h:69] Disabling nagle
I1125 09:16:30.816375 64878 Coordinator.h:507] Coordinator 0 connected to 5
I1125 09:16:30.816450 64878 Socket.h:69] Disabling nagle
I1125 09:16:30.816454 64878 Coordinator.h:507] Coordinator 0 connected to 6
I1125 09:16:30.816520 64878 Socket.h:69] Disabling nagle
I1125 09:16:30.816522 64878 Coordinator.h:507] Coordinator 0 connected to 7
I1125 09:16:30.816527 64878 Coordinator.h:519] Coordinator 0 connected to all peers.
I1125 09:16:30.816545 64878 Dispatcher.h:38] IncomingDispatcher 0 coord_id 0
I1125 09:16:30.816582 64878 Dispatcher.h:210] OutgoingDispatcher 0 coord_id 0
I1125 09:16:30.816632 64878 Coordinator.h:608] pinned thread to core 0
I1125 09:16:30.816679 64884 Dispatcher.h:57] Incoming Dispatcher started, numCoordinators = 8, numWorkers = 3, group id = 0, coordinator = 0
I1125 09:16:30.816689 64878 Coordinator.h:608] pinned thread to core 1
I1125 09:16:30.816704 64885 WALLogger.h:456] logger thread started!
I1125 09:16:30.816725 64878 Coordinator.h:211] Coordinator starts to run 4 workers.
I1125 09:16:30.816768 64878 Coordinator.h:608] pinned thread to core 2
I1125 09:16:30.816797 64886 Executor.h:78] Executor 0 starts.
I1125 09:16:30.816846 64886 CXLMemory.h:46] cxlalloc initialized for thread 1 (global ID = 1) on host 0
I1125 09:16:30.816915 64878 Coordinator.h:608] pinned thread to core 3
I1125 09:16:30.816920 64887 Executor.h:78] Executor 1 starts.
I1125 09:16:30.817054 64887 CXLMemory.h:46] cxlalloc initialized for thread 2 (global ID = 2) on host 0
I1125 09:16:30.817121 64878 Coordinator.h:608] pinned thread to core 4
I1125 09:16:30.817130 64888 Executor.h:78] Executor 2 starts.
I1125 09:16:30.817533 64889 Manager.h:228] Manager(worker id = 3) on the coordinator node started.
I1125 09:16:30.817852 64888 CXLMemory.h:46] cxlalloc initialized for thread 3 (global ID = 3) on host 0
I1125 09:16:31.817596 64878 Coordinator.h:302] commit: 47889 abort: 8134 (0/8134/0), persistence latency 0, txn latency 0, queued lock latency 0, lock latency 0, active_txns 0, n_failed_read_lock 0, n_failed_write_lock 0, n_failed_cmd_not_ready 0, n_failed_no_cmd 0, network size: 0, avg network size: 0, si_in_serializable: 0 0 %, local: 0 %, local_access: 267919, local_cxl_access: 0 (0%), remote_access: 270584, remote_access_with_req: 0 (0%), data_move_in: 40961, data_move_out: 0
I1125 09:16:32.817852 64878 Coordinator.h:302] commit: 48509 abort: 8039 (0/8039/0), persistence latency 0, txn latency 0, queued lock latency 0, lock latency 0, active_txns 0, n_failed_read_lock 0, n_failed_write_lock 0, n_failed_cmd_not_ready 0, n_failed_no_cmd 0, network size: 0, avg network size: 0, si_in_serializable: 0 0 %, local: 0 %, local_access: 270678, local_cxl_access: 0 (0%), remote_access: 273366, remote_access_with_req: 0 (0%), data_move_in: 0, data_move_out: 0
I1125 09:16:33.818615 64878 Coordinator.h:302] commit: 46606 abort: 7995 (0/7995/0), persistence latency 0, txn latency 0, queued lock latency 0, lock latency 0, active_txns 0, n_failed_read_lock 0, n_failed_write_lock 0, n_failed_cmd_not_ready 0, n_failed_no_cmd 0, network size: 0, avg network size: 0, si_in_serializable: 0 0 %, local: 0 %, local_access: 261151, local_cxl_access: 0 (0%), remote_access: 263696, remote_access_with_req: 0 (0%), data_move_in: 0, data_move_out: 0
I1125 09:16:34.819325 64878 Coordinator.h:302] commit: 46623 abort: 8004 (0/8004/0), persistence latency 0, txn latency 0, queued lock latency 0, lock latency 0, active_txns 0, n_failed_read_lock 0, n_failed_write_lock 0, n_failed_cmd_not_ready 0, n_failed_no_cmd 0, network size: 0, avg network size: 0, si_in_serializable: 0 0 %, local: 0 %, local_access: 261517, local_cxl_access: 0 (0%), remote_access: 264068, remote_access_with_req: 0 (0%), data_move_in: 0, data_move_out: 0
I1125 09:16:35.819553 64878 Coordinator.h:302] commit: 47508 abort: 8211 (0/8211/0), persistence latency 0, txn latency 0, queued lock latency 0, lock latency 0, active_txns 0, n_failed_read_lock 0, n_failed_write_lock 0, n_failed_cmd_not_ready 0, n_failed_no_cmd 0, network size: 0, avg network size: 0, si_in_serializable: 0 0 %, local: 0 %, local_access: 266239, local_cxl_access: 0 (0%), remote_access: 268952, remote_access_with_req: 0 (0%), data_move_in: 0, data_move_out: 0
I1125 09:16:36.819877 64878 Coordinator.h:302] commit: 44832 abort: 7870 (0/7870/0), persistence latency 0, txn latency 0, queued lock latency 0, lock latency 0, active_txns 0, n_failed_read_lock 0, n_failed_write_lock 0, n_failed_cmd_not_ready 0, n_failed_no_cmd 0, network size: 0, avg network size: 0, si_in_serializable: 0 0 %, local: 0 %, local_access: 251690, local_cxl_access: 0 (0%), remote_access: 254206, remote_access_with_req: 0 (0%), data_move_in: 0, data_move_out: 0
I1125 09:16:37.820501 64878 Coordinator.h:302] commit: 43206 abort: 7689 (0/7689/0), persistence latency 0, txn latency 0, queued lock latency 0, lock latency 0, active_txns 0, n_failed_read_lock 0, n_failed_write_lock 0, n_failed_cmd_not_ready 0, n_failed_no_cmd 0, network size: 0, avg network size: 0, si_in_serializable: 0 0 %, local: 0 %, local_access: 242876, local_cxl_access: 0 (0%), remote_access: 245406, remote_access_with_req: 0 (0%), data_move_in: 0, data_move_out: 0
I1125 09:16:38.820915 64878 Coordinator.h:302] commit: 44652 abort: 7884 (0/7884/0), persistence latency 0, txn latency 0, queued lock latency 0, lock latency 0, active_txns 0, n_failed_read_lock 0, n_failed_write_lock 0, n_failed_cmd_not_ready 0, n_failed_no_cmd 0, network size: 0, avg network size: 0, si_in_serializable: 0 0 %, local: 0 %, local_access: 250887, local_cxl_access: 0 (0%), remote_access: 253453, remote_access_with_req: 0 (0%), data_move_in: 0, data_move_out: 0
I1125 09:16:39.821130 64878 Coordinator.h:302] commit: 45411 abort: 8016 (0/8016/0), persistence latency 0, txn latency 0, queued lock latency 0, lock latency 0, active_txns 0, n_failed_read_lock 0, n_failed_write_lock 0, n_failed_cmd_not_ready 0, n_failed_no_cmd 0, network size: 0, avg network size: 0, si_in_serializable: 0 0 %, local: 0 %, local_access: 255078, local_cxl_access: 0 (0%), remote_access: 257629, remote_access_with_req: 0 (0%), data_move_in: 0, data_move_out: 0
I1125 09:16:40.821238 64878 Coordinator.h:302] commit: 45418 abort: 8046 (0/8046/0), persistence latency 0, txn latency 0, queued lock latency 0, lock latency 0, active_txns 0, n_failed_read_lock 0, n_failed_write_lock 0, n_failed_cmd_not_ready 0, n_failed_no_cmd 0, network size: 0, avg network size: 0, si_in_serializable: 0 0 %, local: 0 %, local_access: 255320, local_cxl_access: 0 (0%), remote_access: 257969, remote_access_with_req: 0 (0%), data_move_in: 0, data_move_out: 0
I1125 09:16:40.821280 64878 Coordinator.h:340] average commit: 44703.8 abort: 7901 (0/7901/0), abort_rate: 0.150195, network size: 0, avg network size: 0, si_in_serializable: 0 0 %, local: 0 %, local_access: 1255851, local_cxl_access: 0 (0%), remote_access: 1268663, remote_access_with_req: 0 (0%), data_move_in: 0, data_move_out: 0
I1125 09:16:40.821293 64878 Executor.h:221] Worker 0 latency: 33 us (50%) 35 us (75%) 42 us (95%) 79 us (99%). dist txn latency: 33 us (50%) 35 us (75%) 41 us (95%) 55 us (99%)  avg 34 us . local txn latency: 0 us (50%) 0 us (75%) 0 us (95%) 0 us (99%)  avg 0 us. txn commit latency: 33 us (50%) 35 us (75%) 42 us (95%) 74 us (99%) avg 38 us.
 LOCAL txn stall 0 us,  local_work 0 us,  remote_work 0 us,  commit_work 0 us,  commit_prepare 0 us,  commit_persistence 0 us,  commit_write_back 0 us,  commit_replication 0 us,  commit_release_lock 0 us 
 DIST txn stall 0 us,  local_work 18 us,  remote_work 0 us,  commit_work 14 us,  commit_prepare 7 us,  commit_persistence 0 us,  commit_write_back 5 us,  commit_replication 0 us,  commit_release_lock 0 us 
I1125 09:16:40.822041 64878 Executor.h:252] message stats, type: 0 count: 0 total size: 0
I1125 09:16:40.822078 64878 Executor.h:252] message stats, type: 1 count: 0 total size: 0
I1125 09:16:40.822093 64878 Executor.h:252] message stats, type: 2 count: 0 total size: 0
I1125 09:16:40.822106 64878 Executor.h:252] message stats, type: 3 count: 0 total size: 0
I1125 09:16:40.822119 64878 Executor.h:252] message stats, type: 4 count: 0 total size: 0
I1125 09:16:40.822132 64878 Executor.h:252] message stats, type: 5 count: 0 total size: 0
I1125 09:16:40.822145 64878 Executor.h:252] message stats, type: 6 count: 0 total size: 0
I1125 09:16:40.822158 64878 Executor.h:252] message stats, type: 7 count: 0 total size: 0
I1125 09:16:40.822172 64878 Executor.h:252] message stats, type: 8 count: 0 total size: 0
I1125 09:16:40.822185 64878 Executor.h:252] message stats, type: 9 count: 0 total size: 0
I1125 09:16:40.822198 64878 Executor.h:252] message stats, type: 10 count: 0 total size: 0
I1125 09:16:40.822211 64878 Executor.h:252] message stats, type: 11 count: 0 total size: 0
I1125 09:16:40.831530 64887 Executor.h:216] Executor 1 exits.
I1125 09:16:40.831528 64888 Executor.h:216] Executor 2 exits.
I1125 09:16:40.831542 64886 Executor.h:216] Executor 0 exits.
I1125 09:16:40.832362 64889 Manager.h:230] Manager(worker id = 3) on the coordinator node exits.
I1125 09:16:40.832170 64878 Executor.h:221] Worker 1 latency: 35 us (50%) 40 us (75%) 50 us (95%) 58 us (99%). dist txn latency: 35 us (50%) 40 us (75%) 49 us (95%) 57 us (99%)  avg 37 us . local txn latency: 0 us (50%) 0 us (75%) 0 us (95%) 0 us (99%)  avg 0 us. txn commit latency: 35 us (50%) 40 us (75%) 49 us (95%) 57 us (99%) avg 37 us.
 LOCAL txn stall 0 us,  local_work 0 us,  remote_work 0 us,  commit_work 0 us,  commit_prepare 0 us,  commit_persistence 0 us,  commit_write_back 0 us,  commit_replication 0 us,  commit_release_lock 0 us 
 DIST txn stall 0 us,  local_work 19 us,  remote_work 0 us,  commit_work 17 us,  commit_prepare 5 us,  commit_persistence 0 us,  commit_write_back 6 us,  commit_replication 0 us,  commit_release_lock 0 us 
I1125 09:16:40.833751 64878 Executor.h:221] Worker 2 latency: 36 us (50%) 47 us (75%) 190 us (95%) 219 us (99%). dist txn latency: 36 us (50%) 47 us (75%) 185 us (95%) 219 us (99%)  avg 60 us . local txn latency: 0 us (50%) 0 us (75%) 0 us (95%) 0 us (99%)  avg 0 us. txn commit latency: 36 us (50%) 47 us (75%) 187 us (95%) 219 us (99%) avg 52 us.
 LOCAL txn stall 0 us,  local_work 0 us,  remote_work 0 us,  commit_work 0 us,  commit_prepare 0 us,  commit_persistence 0 us,  commit_write_back 0 us,  commit_replication 0 us,  commit_release_lock 0 us 
 DIST txn stall 0 us,  local_work 27 us,  remote_work 0 us,  commit_work 27 us,  commit_prepare 10 us,  commit_persistence 0 us,  commit_write_back 8 us,  commit_replication 0 us,  commit_release_lock 0 us 
I1125 09:16:40.835464 64878 CXLMemory.h:143] local CXL memory usage: size_index_usage: 1707152 size_metadata_usage: 5898384 size_data_usage: 4505710 size_transport_usage: 33554880
I1125 09:16:40.835469 64878 SCCManager.h:37] software cache-coherence statistics: num_clflush: 3516010 num_clwb: 4647731 num_cache_hit: 1597020 num_cache_miss: 3516010 cache hit rate: 31.2343%
I1125 09:16:40.835484 64878 Coordinator.h:581] Global Stats: total_commit: 377418 total_size_index_usage: 13414400 total_size_metadata_usage: 47187072 total_size_data_usage: 36045680 total_size_transport_usage: 33554880
I1125 09:16:41.835559 64884 Dispatcher.h:154] Incoming Dispatcher exits, network size: 1652. socket_message_recv_latency(50th) 0 socket_message_recv_latency(75th) 0 socket_message_recv_latency(95th) 0 socket_message_recv_latency(99th) 0 internal_message_recv_latency(50th) 0 socket_message_recv_cnt 0 socket_read_syscall 30989700 internal_message_recv_cnt 0
I1125 09:16:41.835767 64878 WALLogger.h:536] Group Commit Stats: 38477 us (50%) 89111 us (75%) 132239 us (95%) 141023 us (99%) 49054 us (avg) committed_txn_cnt 460638
I1125 09:16:41.836714 64878 WALLogger.h:542] Queuing Stats: 32515 us (50%) 89703 us (75%) 130501 us (95%) 140463 us (99%) 46558 us (avg)
I1125 09:16:41.836759 64878 WALLogger.h:547] Disk Sync Stats: 222 us (50%) 234 us (75%) 301 us (95%) 4520 us (99%) 355 us (avg) disk_sync_cnt 27135 disk_sync_size 539867853 current global epoch 74481
I1125 09:16:41.863749 64878 Coordinator.h:150] round_trip_latency 24 (50th) 26 (75th) 34 (95th) 34 (99th) 
I1125 09:16:41.863894 64878 Coordinator.h:400] Coordinator exits.
killing previous experiments...
