I1122 11:18:19.291967 340265 Executor.h:78] Executor 0 starts.
I1122 11:18:19.292024 340265 CXLMemory.h:46] cxlalloc initialized for thread 1 (global ID = 1) on host 0
I1122 11:18:19.292052 340257 Coordinator.h:608] pinned thread to core 3
I1122 11:18:19.292057 340266 Executor.h:78] Executor 1 starts.
I1122 11:18:19.292240 340257 Coordinator.h:608] pinned thread to core 4
I1122 11:18:19.292250 340267 Executor.h:78] Executor 2 starts.
I1122 11:18:19.292341 340267 CXLMemory.h:46] cxlalloc initialized for thread 3 (global ID = 3) on host 0
I1122 11:18:19.292352 340268 Manager.h:228] Manager(worker id = 3) on the coordinator node started.
I1122 11:18:19.292240 340266 CXLMemory.h:46] cxlalloc initialized for thread 2 (global ID = 2) on host 0
I1122 11:18:20.292389 340257 Coordinator.h:302] commit: 158774 abort: 0 (0/0/0), persistence latency 0, txn latency 0, queued lock latency 0, lock latency 0, active_txns 0, n_failed_read_lock 0, n_failed_write_lock 0, n_failed_cmd_not_ready 0, n_failed_no_cmd 0, network size: 17883750, avg network size: 112.637, si_in_serializable: 0 0 %, local: 90.1092 %, local_access: 0, local_cxl_access: 0 (-nan%), remote_access: 0, remote_access_with_req: 0 (-nan%), data_move_in: 0, data_move_out: 0
I1122 11:18:21.292502 340257 Coordinator.h:302] commit: 166347 abort: 0 (0/0/0), persistence latency 0, txn latency 0, queued lock latency 0, lock latency 0, active_txns 0, n_failed_read_lock 0, n_failed_write_lock 0, n_failed_cmd_not_ready 0, n_failed_no_cmd 0, network size: 18746875, avg network size: 112.697, si_in_serializable: 0 0 %, local: 90.1579 %, local_access: 0, local_cxl_access: 0 (-nan%), remote_access: 0, remote_access_with_req: 0 (-nan%), data_move_in: 0, data_move_out: 0
I1122 11:18:22.292610 340257 Coordinator.h:302] commit: 167576 abort: 0 (0/0/0), persistence latency 0, txn latency 0, queued lock latency 0, lock latency 0, active_txns 0, n_failed_read_lock 0, n_failed_write_lock 0, n_failed_cmd_not_ready 0, n_failed_no_cmd 0, network size: 18837000, avg network size: 112.409, si_in_serializable: 0 0 %, local: 89.927 %, local_access: 0, local_cxl_access: 0 (-nan%), remote_access: 0, remote_access_with_req: 0 (-nan%), data_move_in: 0, data_move_out: 0
I1122 11:18:23.292675 340257 Coordinator.h:302] commit: 166606 abort: 0 (0/0/0), persistence latency 0, txn latency 0, queued lock latency 0, lock latency 0, active_txns 0, n_failed_read_lock 0, n_failed_write_lock 0, n_failed_cmd_not_ready 0, n_failed_no_cmd 0, network size: 18756250, avg network size: 112.578, si_in_serializable: 0 0 %, local: 90.0628 %, local_access: 0, local_cxl_access: 0 (-nan%), remote_access: 0, remote_access_with_req: 0 (-nan%), data_move_in: 0, data_move_out: 0
I1122 11:18:24.292732 340257 Coordinator.h:302] commit: 168033 abort: 0 (0/0/0), persistence latency 0, txn latency 0, queued lock latency 0, lock latency 0, active_txns 0, n_failed_read_lock 0, n_failed_write_lock 0, n_failed_cmd_not_ready 0, n_failed_no_cmd 0, network size: 18862125, avg network size: 112.253, si_in_serializable: 0 0 %, local: 89.802 %, local_access: 0, local_cxl_access: 0 (-nan%), remote_access: 0, remote_access_with_req: 0 (-nan%), data_move_in: 0, data_move_out: 0
I1122 11:18:25.292789 340257 Coordinator.h:302] commit: 167637 abort: 0 (0/0/0), persistence latency 0, txn latency 0, queued lock latency 0, lock latency 0, active_txns 0, n_failed_read_lock 0, n_failed_write_lock 0, n_failed_cmd_not_ready 0, n_failed_no_cmd 0, network size: 18871250, avg network size: 112.572, si_in_serializable: 0 0 %, local: 90.0577 %, local_access: 0, local_cxl_access: 0 (-nan%), remote_access: 0, remote_access_with_req: 0 (-nan%), data_move_in: 0, data_move_out: 0
I1122 11:18:26.292851 340257 Coordinator.h:302] commit: 167260 abort: 0 (0/0/0), persistence latency 0, txn latency 0, queued lock latency 0, lock latency 0, active_txns 0, n_failed_read_lock 0, n_failed_write_lock 0, n_failed_cmd_not_ready 0, n_failed_no_cmd 0, network size: 18827875, avg network size: 112.567, si_in_serializable: 0 0 %, local: 90.0532 %, local_access: 0, local_cxl_access: 0 (-nan%), remote_access: 0, remote_access_with_req: 0 (-nan%), data_move_in: 0, data_move_out: 0
I1122 11:18:27.292905 340257 Coordinator.h:302] commit: 166641 abort: 0 (0/0/0), persistence latency 0, txn latency 0, queued lock latency 0, lock latency 0, active_txns 0, n_failed_read_lock 0, n_failed_write_lock 0, n_failed_cmd_not_ready 0, n_failed_no_cmd 0, network size: 18767625, avg network size: 112.623, si_in_serializable: 0 0 %, local: 90.0985 %, local_access: 0, local_cxl_access: 0 (-nan%), remote_access: 0, remote_access_with_req: 0 (-nan%), data_move_in: 0, data_move_out: 0
I1122 11:18:28.292968 340257 Coordinator.h:302] commit: 165088 abort: 0 (0/0/0), persistence latency 0, txn latency 0, queued lock latency 0, lock latency 0, active_txns 0, n_failed_read_lock 0, n_failed_write_lock 0, n_failed_cmd_not_ready 0, n_failed_no_cmd 0, network size: 18575250, avg network size: 112.517, si_in_serializable: 0 0 %, local: 90.0138 %, local_access: 0, local_cxl_access: 0 (-nan%), remote_access: 0, remote_access_with_req: 0 (-nan%), data_move_in: 0, data_move_out: 0
I1122 11:18:29.293023 340257 Coordinator.h:302] commit: 166037 abort: 0 (0/0/0), persistence latency 0, txn latency 0, queued lock latency 0, lock latency 0, active_txns 0, n_failed_read_lock 0, n_failed_write_lock 0, n_failed_cmd_not_ready 0, n_failed_no_cmd 0, network size: 18684875, avg network size: 112.534, si_in_serializable: 0 0 %, local: 90.0275 %, local_access: 0, local_cxl_access: 0 (-nan%), remote_access: 0, remote_access_with_req: 0 (-nan%), data_move_in: 0, data_move_out: 0
I1122 11:18:29.293051 340257 Coordinator.h:340] average commit: 166533 abort: 0 (0/0/0), abort_rate: 0, network size: 93726875, avg network size: 112.563, si_in_serializable: 0 0 %, local: 90.0502 %, local_access: 0, local_cxl_access: 0 (-nan%), remote_access: 0, remote_access_with_req: 0 (-nan%), data_move_in: 0, data_move_out: 0
I1122 11:18:29.293061 340257 Executor.h:221] Worker 0 latency: 16 us (50%) 19 us (75%) 25 us (95%) 32 us (99%). dist txn latency: 16 us (50%) 19 us (75%) 25 us (95%) 32 us (99%)  avg 17 us . local txn latency: 5 us (50%) 5 us (75%) 5 us (95%) 6 us (99%)  avg 4 us. txn commit latency: 16 us (50%) 19 us (75%) 25 us (95%) 32 us (99%) avg 16 us.
 LOCAL txn stall 0 us,  local_work 2 us,  remote_work 0 us,  commit_work 0 us,  commit_prepare 0 us,  commit_persistence 0 us,  commit_write_back 0 us,  commit_replication 0 us,  commit_release_lock 0 us 
 DIST txn stall 0 us,  local_work 2 us,  remote_work 12 us,  commit_work 0 us,  commit_prepare 0 us,  commit_persistence 0 us,  commit_write_back 0 us,  commit_replication 0 us,  commit_release_lock 0 us 
I1122 11:18:29.295387 340257 Executor.h:252] message stats, type: 0 count: 0 total size: 0
I1122 11:18:29.295392 340257 Executor.h:252] message stats, type: 1 count: 0 total size: 0
I1122 11:18:29.295394 340257 Executor.h:252] message stats, type: 2 count: 0 total size: 0
I1122 11:18:29.295396 340257 Executor.h:252] message stats, type: 3 count: 0 total size: 0
I1122 11:18:29.295398 340257 Executor.h:252] message stats, type: 4 count: 0 total size: 0
I1122 11:18:29.295400 340257 Executor.h:252] message stats, type: 5 count: 0 total size: 0
I1122 11:18:29.295401 340257 Executor.h:252] message stats, type: 6 count: 0 total size: 0
I1122 11:18:29.295403 340257 Executor.h:252] message stats, type: 7 count: 0 total size: 0
I1122 11:18:29.295405 340257 Executor.h:252] message stats, type: 8 count: 0 total size: 0
I1122 11:18:29.295408 340257 Executor.h:252] message stats, type: 9 count: 0 total size: 0
I1122 11:18:29.295409 340257 Executor.h:252] message stats, type: 10 count: 0 total size: 0
I1122 11:18:29.295411 340257 Executor.h:252] message stats, type: 11 count: 0 total size: 0
I1122 11:18:29.295413 340257 Executor.h:252] message stats, type: 12 count: 2497135 total size: 62428375
I1122 11:18:29.295415 340257 Executor.h:252] message stats, type: 13 count: 2486420 total size: 348098800
I1122 11:18:29.295418 340257 Executor.h:252] message stats, type: 14 count: 0 total size: 0
I1122 11:18:29.295419 340257 Executor.h:252] message stats, type: 15 count: 0 total size: 0
I1122 11:18:29.295420 340257 Executor.h:252] message stats, type: 16 count: 0 total size: 0
I1122 11:18:29.297331 340268 Manager.h:230] Manager(worker id = 3) on the coordinator node exits.
I1122 11:18:29.297328 340266 Executor.h:216] Executor 1 exits.
I1122 11:18:29.297328 340265 Executor.h:216] Executor 0 exits.
I1122 11:18:29.297328 340267 Executor.h:216] Executor 2 exits.
I1122 11:18:29.297925 340257 Executor.h:221] Worker 1 latency: 16 us (50%) 19 us (75%) 25 us (95%) 32 us (99%). dist txn latency: 16 us (50%) 19 us (75%) 25 us (95%) 33 us (99%)  avg 17 us . local txn latency: 5 us (50%) 5 us (75%) 5 us (95%) 6 us (99%)  avg 4 us. txn commit latency: 16 us (50%) 19 us (75%) 25 us (95%) 32 us (99%) avg 16 us.
 LOCAL txn stall 0 us,  local_work 2 us,  remote_work 0 us,  commit_work 0 us,  commit_prepare 0 us,  commit_persistence 0 us,  commit_write_back 0 us,  commit_replication 0 us,  commit_release_lock 0 us 
 DIST txn stall 0 us,  local_work 2 us,  remote_work 12 us,  commit_work 0 us,  commit_prepare 0 us,  commit_persistence 0 us,  commit_write_back 0 us,  commit_replication 0 us,  commit_release_lock 0 us 
I1122 11:18:29.300246 340257 Executor.h:221] Worker 2 latency: 16 us (50%) 19 us (75%) 25 us (95%) 32 us (99%). dist txn latency: 16 us (50%) 19 us (75%) 25 us (95%) 32 us (99%)  avg 17 us . local txn latency: 5 us (50%) 5 us (75%) 5 us (95%) 6 us (99%)  avg 4 us. txn commit latency: 16 us (50%) 19 us (75%) 25 us (95%) 33 us (99%) avg 16 us.
 LOCAL txn stall 0 us,  local_work 2 us,  remote_work 0 us,  commit_work 0 us,  commit_prepare 0 us,  commit_persistence 0 us,  commit_write_back 0 us,  commit_replication 0 us,  commit_release_lock 0 us 
 DIST txn stall 0 us,  local_work 2 us,  remote_work 12 us,  commit_work 0 us,  commit_prepare 0 us,  commit_persistence 0 us,  commit_write_back 0 us,  commit_replication 0 us,  commit_release_lock 0 us 
I1122 11:18:29.302569 340257 CXLMemory.h:143] local CXL memory usage: size_index_usage: 0 size_metadata_usage: 0 size_data_usage: 0 size_transport_usage: 671089088
I1122 11:18:29.302664 340257 Coordinator.h:581] Global Stats: total_commit: 1.33099e+06 total_size_index_usage: 0 total_size_metadata_usage: 0 total_size_data_usage: 0 total_size_transport_usage: 671089088
I1122 11:18:30.302740 340263 Dispatcher.h:154] Incoming Dispatcher exits, network size: 1400722943. socket_message_recv_latency(50th) 1 socket_message_recv_latency(75th) 2 socket_message_recv_latency(95th) 3 socket_message_recv_latency(99th) 4 internal_message_recv_latency(50th) 0 socket_message_recv_cnt 130422 socket_read_syscall 17509919 internal_message_recv_cnt 0
I1122 11:18:30.305804 340257 WALLogger.h:509] committed_txn_cnt 0 disk_sync_cnt 0 disk_sync_size 0
I1122 11:18:30.329185 340257 Coordinator.h:150] round_trip_latency 22 (50th) 23 (75th) 26 (95th) 26 (99th) 
I1122 11:18:30.329350 340257 Coordinator.h:400] Coordinator exits.
killing previous experiments...
killing previous experiments...
deleting log files...
initializing cxl memory...
I1122 11:18:59.039862 340430 bench_ycsb.cpp:66] RW_RATIO = 100, ZIPF_THETA = 0.7, CROSS_RATIO = 100
I1122 11:18:59.039930 340430 bench_ycsb.cpp:67] checkpoint 1 to 
I1122 11:18:59.039933 340430 bench_ycsb.cpp:68] cross_part_num 2
I1122 11:18:59.039935 340430 bench_ycsb.cpp:69] lotus_sp_parallel_exec_commit 0
I1122 11:18:59.039938 340430 bench_ycsb.cpp:70] granules_per_partition 2000
I1122 11:18:59.039940 340430 bench_ycsb.cpp:71] keysPerGranule 20
I1122 11:18:59.082863 340430 Database.h:81] ycsb initialization finished in 41 milliseconds.
I1122 11:18:59.132831 340430 CXLMemory.h:46] cxlalloc initialized for thread 0 (global ID = 0) on host 0
I1122 11:18:59.132850 340430 MPSCRingBuffer.h:35] entry_struct_size: 8192 entry_num: 10240
I1122 11:18:59.155968 340430 MPSCRingBuffer.h:35] entry_struct_size: 8192 entry_num: 10240
I1122 11:18:59.179073 340430 MPSCRingBuffer.h:35] entry_struct_size: 8192 entry_num: 10240
I1122 11:18:59.202158 340430 MPSCRingBuffer.h:35] entry_struct_size: 8192 entry_num: 10240
I1122 11:18:59.225260 340430 MPSCRingBuffer.h:35] entry_struct_size: 8192 entry_num: 10240
I1122 11:18:59.248353 340430 MPSCRingBuffer.h:35] entry_struct_size: 8192 entry_num: 10240
I1122 11:18:59.271489 340430 MPSCRingBuffer.h:35] entry_struct_size: 8192 entry_num: 10240
I1122 11:18:59.294620 340430 MPSCRingBuffer.h:35] entry_struct_size: 8192 entry_num: 10240
I1122 11:18:59.317716 340430 Coordinator.h:415] Coordinator 0 initializes CXL transport metadata (8 ringbuffers each with 10240 entries (each 8183 Bytes)
I1122 11:18:59.317885 340430 Coordinator.h:81] WAL Group Commiting to file [/root/pasha_log_group_commit.txt] using GroupCommit Logger
I1122 11:18:59.317893 340430 Coordinator.h:96] Coordinator initializes 3 workers.
I1122 11:18:59.318215 340435 Coordinator.h:452] Listener 0 on coordinator 0 listening on 192.168.100.2:1234 tcp_no_delay 1 tcp_quick_ack 0
I1122 11:18:59.318297 340430 Coordinator.h:498] Coordinator 0 failed to connect 1(192.168.100.3:1234)'s listener 0, retry in 5 seconds.
I1122 11:18:59.319911 340435 Socket.h:69] Disabling nagle
I1122 11:18:59.319923 340435 Coordinator.h:467] Listener accepted connection from coordinator 6
I1122 11:18:59.319931 340435 Socket.h:69] Disabling nagle
I1122 11:18:59.319933 340435 Coordinator.h:467] Listener accepted connection from coordinator 3
I1122 11:18:59.319939 340435 Socket.h:69] Disabling nagle
I1122 11:18:59.319941 340435 Coordinator.h:467] Listener accepted connection from coordinator 7
I1122 11:18:59.319965 340435 Socket.h:69] Disabling nagle
I1122 11:18:59.319968 340435 Coordinator.h:467] Listener accepted connection from coordinator 2
I1122 11:18:59.319973 340435 Socket.h:69] Disabling nagle
I1122 11:18:59.319976 340435 Coordinator.h:467] Listener accepted connection from coordinator 4
I1122 11:18:59.320169 340435 Socket.h:69] Disabling nagle
I1122 11:18:59.320173 340435 Coordinator.h:467] Listener accepted connection from coordinator 5
I1122 11:18:59.320179 340435 Socket.h:69] Disabling nagle
I1122 11:18:59.320181 340435 Coordinator.h:467] Listener accepted connection from coordinator 1
I1122 11:18:59.320183 340435 Coordinator.h:470] Listener 0 on coordinator 0 exits.
I1122 11:19:04.318475 340430 Socket.h:69] Disabling nagle
I1122 11:19:04.318490 340430 Coordinator.h:507] Coordinator 0 connected to 1
I1122 11:19:04.318585 340430 Socket.h:69] Disabling nagle
I1122 11:19:04.318596 340430 Coordinator.h:507] Coordinator 0 connected to 2
I1122 11:19:04.318704 340430 Socket.h:69] Disabling nagle
I1122 11:19:04.318709 340430 Coordinator.h:507] Coordinator 0 connected to 3
I1122 11:19:04.318783 340430 Socket.h:69] Disabling nagle
I1122 11:19:04.318792 340430 Coordinator.h:507] Coordinator 0 connected to 4
I1122 11:19:04.318841 340430 Socket.h:69] Disabling nagle
I1122 11:19:04.318845 340430 Coordinator.h:507] Coordinator 0 connected to 5
I1122 11:19:04.318912 340430 Socket.h:69] Disabling nagle
I1122 11:19:04.318915 340430 Coordinator.h:507] Coordinator 0 connected to 6
I1122 11:19:04.318979 340430 Socket.h:69] Disabling nagle
I1122 11:19:04.318984 340430 Coordinator.h:507] Coordinator 0 connected to 7
I1122 11:19:04.318994 340430 Coordinator.h:519] Coordinator 0 connected to all peers.
I1122 11:19:04.319002 340430 Dispatcher.h:38] IncomingDispatcher 0 coord_id 0
I1122 11:19:04.319041 340430 Dispatcher.h:210] OutgoingDispatcher 0 coord_id 0
I1122 11:19:04.319087 340430 Coordinator.h:608] pinned thread to core 0
I1122 11:19:04.319126 340436 Dispatcher.h:57] Incoming Dispatcher started, numCoordinators = 8, numWorkers = 3, group id = 0, coordinator = 0
I1122 11:19:04.319139 340430 Coordinator.h:608] pinned thread to core 1
I1122 11:19:04.319151 340430 Coordinator.h:211] Coordinator starts to run 4 workers.
I1122 11:19:04.319164 340437 WALLogger.h:452] logger thread started!
I1122 11:19:04.319175 340430 Coordinator.h:608] pinned thread to core 2
I1122 11:19:04.319271 340438 Executor.h:78] Executor 0 starts.
I1122 11:19:04.319319 340430 Coordinator.h:608] pinned thread to core 3
I1122 11:19:04.319326 340438 CXLMemory.h:46] cxlalloc initialized for thread 1 (global ID = 1) on host 0
I1122 11:19:04.319389 340430 Coordinator.h:608] pinned thread to core 4
I1122 11:19:04.319402 340440 Executor.h:78] Executor 2 starts.
I1122 11:19:04.319453 340439 Executor.h:78] Executor 1 starts.
I1122 11:19:04.319454 340441 Manager.h:228] Manager(worker id = 3) on the coordinator node started.
I1122 11:19:04.319777 340439 CXLMemory.h:46] cxlalloc initialized for thread 2 (global ID = 2) on host 0
I1122 11:19:04.319624 340440 CXLMemory.h:46] cxlalloc initialized for thread 3 (global ID = 3) on host 0
I1122 11:19:05.319525 340430 Coordinator.h:302] commit: 147625 abort: 0 (0/0/0), persistence latency 0, txn latency 0, queued lock latency 0, lock latency 0, active_txns 0, n_failed_read_lock 0, n_failed_write_lock 0, n_failed_cmd_not_ready 0, n_failed_no_cmd 0, network size: 18453125, avg network size: 125, si_in_serializable: 0 0 %, local: 100 %, local_access: 0, local_cxl_access: 0 (-nan%), remote_access: 0, remote_access_with_req: 0 (-nan%), data_move_in: 0, data_move_out: 0
I1122 11:19:06.319651 340430 Coordinator.h:302] commit: 155700 abort: 0 (0/0/0), persistence latency 0, txn latency 0, queued lock latency 0, lock latency 0, active_txns 0, n_failed_read_lock 0, n_failed_write_lock 0, n_failed_cmd_not_ready 0, n_failed_no_cmd 0, network size: 19462500, avg network size: 125, si_in_serializable: 0 0 %, local: 100 %, local_access: 0, local_cxl_access: 0 (-nan%), remote_access: 0, remote_access_with_req: 0 (-nan%), data_move_in: 0, data_move_out: 0
I1122 11:19:07.319777 340430 Coordinator.h:302] commit: 156089 abort: 0 (0/0/0), persistence latency 0, txn latency 0, queued lock latency 0, lock latency 0, active_txns 0, n_failed_read_lock 0, n_failed_write_lock 0, n_failed_cmd_not_ready 0, n_failed_no_cmd 0, network size: 19511125, avg network size: 125, si_in_serializable: 0 0 %, local: 100 %, local_access: 0, local_cxl_access: 0 (-nan%), remote_access: 0, remote_access_with_req: 0 (-nan%), data_move_in: 0, data_move_out: 0
I1122 11:19:08.319906 340430 Coordinator.h:302] commit: 153978 abort: 0 (0/0/0), persistence latency 0, txn latency 0, queued lock latency 0, lock latency 0, active_txns 0, n_failed_read_lock 0, n_failed_write_lock 0, n_failed_cmd_not_ready 0, n_failed_no_cmd 0, network size: 19247250, avg network size: 125, si_in_serializable: 0 0 %, local: 100 %, local_access: 0, local_cxl_access: 0 (-nan%), remote_access: 0, remote_access_with_req: 0 (-nan%), data_move_in: 0, data_move_out: 0
I1122 11:19:09.320034 340430 Coordinator.h:302] commit: 156268 abort: 0 (0/0/0), persistence latency 0, txn latency 0, queued lock latency 0, lock latency 0, active_txns 0, n_failed_read_lock 0, n_failed_write_lock 0, n_failed_cmd_not_ready 0, n_failed_no_cmd 0, network size: 19533500, avg network size: 125, si_in_serializable: 0 0 %, local: 100 %, local_access: 0, local_cxl_access: 0 (-nan%), remote_access: 0, remote_access_with_req: 0 (-nan%), data_move_in: 0, data_move_out: 0
I1122 11:19:10.320163 340430 Coordinator.h:302] commit: 156423 abort: 0 (0/0/0), persistence latency 0, txn latency 0, queued lock latency 0, lock latency 0, active_txns 0, n_failed_read_lock 0, n_failed_write_lock 0, n_failed_cmd_not_ready 0, n_failed_no_cmd 0, network size: 19552875, avg network size: 125, si_in_serializable: 0 0 %, local: 100 %, local_access: 0, local_cxl_access: 0 (-nan%), remote_access: 0, remote_access_with_req: 0 (-nan%), data_move_in: 0, data_move_out: 0
I1122 11:19:11.320288 340430 Coordinator.h:302] commit: 142312 abort: 0 (0/0/0), persistence latency 0, txn latency 0, queued lock latency 0, lock latency 0, active_txns 0, n_failed_read_lock 0, n_failed_write_lock 0, n_failed_cmd_not_ready 0, n_failed_no_cmd 0, network size: 17789000, avg network size: 125, si_in_serializable: 0 0 %, local: 100 %, local_access: 0, local_cxl_access: 0 (-nan%), remote_access: 0, remote_access_with_req: 0 (-nan%), data_move_in: 0, data_move_out: 0
I1122 11:19:12.320413 340430 Coordinator.h:302] commit: 155613 abort: 0 (0/0/0), persistence latency 0, txn latency 0, queued lock latency 0, lock latency 0, active_txns 0, n_failed_read_lock 0, n_failed_write_lock 0, n_failed_cmd_not_ready 0, n_failed_no_cmd 0, network size: 19451625, avg network size: 125, si_in_serializable: 0 0 %, local: 100 %, local_access: 0, local_cxl_access: 0 (-nan%), remote_access: 0, remote_access_with_req: 0 (-nan%), data_move_in: 0, data_move_out: 0
I1122 11:19:13.320541 340430 Coordinator.h:302] commit: 144212 abort: 0 (0/0/0), persistence latency 0, txn latency 0, queued lock latency 0, lock latency 0, active_txns 0, n_failed_read_lock 0, n_failed_write_lock 0, n_failed_cmd_not_ready 0, n_failed_no_cmd 0, network size: 18026500, avg network size: 125, si_in_serializable: 0 0 %, local: 100 %, local_access: 0, local_cxl_access: 0 (-nan%), remote_access: 0, remote_access_with_req: 0 (-nan%), data_move_in: 0, data_move_out: 0
I1122 11:19:14.320670 340430 Coordinator.h:302] commit: 155698 abort: 0 (0/0/0), persistence latency 0, txn latency 0, queued lock latency 0, lock latency 0, active_txns 0, n_failed_read_lock 0, n_failed_write_lock 0, n_failed_cmd_not_ready 0, n_failed_no_cmd 0, network size: 19462250, avg network size: 125, si_in_serializable: 0 0 %, local: 100 %, local_access: 0, local_cxl_access: 0 (-nan%), remote_access: 0, remote_access_with_req: 0 (-nan%), data_move_in: 0, data_move_out: 0
I1122 11:19:14.320719 340430 Coordinator.h:340] average commit: 150852 abort: 0 (0/0/0), abort_rate: 0, network size: 94282250, avg network size: 125, si_in_serializable: 0 0 %, local: 100 %, local_access: 0, local_cxl_access: 0 (-nan%), remote_access: 0, remote_access_with_req: 0 (-nan%), data_move_in: 0, data_move_out: 0
I1122 11:19:14.320727 340430 Executor.h:221] Worker 0 latency: 17 us (50%) 19 us (75%) 26 us (95%) 34 us (99%). dist txn latency: 17 us (50%) 20 us (75%) 26 us (95%) 34 us (99%)  avg 18 us . local txn latency: 0 us (50%) 0 us (75%) 0 us (95%) 0 us (99%)  avg 0 us. txn commit latency: 17 us (50%) 20 us (75%) 26 us (95%) 34 us (99%) avg 17 us.
 LOCAL txn stall 0 us,  local_work 0 us,  remote_work 0 us,  commit_work 0 us,  commit_prepare 0 us,  commit_persistence 0 us,  commit_write_back 0 us,  commit_replication 0 us,  commit_release_lock 0 us 
 DIST txn stall 0 us,  local_work 2 us,  remote_work 12 us,  commit_work 0 us,  commit_prepare 0 us,  commit_persistence 0 us,  commit_write_back 0 us,  commit_replication 0 us,  commit_release_lock 0 us 
I1122 11:19:14.322878 340430 Executor.h:252] message stats, type: 0 count: 0 total size: 0
I1122 11:19:14.322881 340430 Executor.h:252] message stats, type: 1 count: 0 total size: 0
I1122 11:19:14.322883 340430 Executor.h:252] message stats, type: 2 count: 0 total size: 0
I1122 11:19:14.322885 340430 Executor.h:252] message stats, type: 3 count: 0 total size: 0
I1122 11:19:14.322886 340430 Executor.h:252] message stats, type: 4 count: 0 total size: 0
I1122 11:19:14.322888 340430 Executor.h:252] message stats, type: 5 count: 0 total size: 0
I1122 11:19:14.322890 340430 Executor.h:252] message stats, type: 6 count: 0 total size: 0
I1122 11:19:14.322892 340430 Executor.h:252] message stats, type: 7 count: 0 total size: 0
I1122 11:19:14.322894 340430 Executor.h:252] message stats, type: 8 count: 0 total size: 0
I1122 11:19:14.322896 340430 Executor.h:252] message stats, type: 9 count: 0 total size: 0
I1122 11:19:14.322898 340430 Executor.h:252] message stats, type: 10 count: 0 total size: 0
I1122 11:19:14.322901 340430 Executor.h:252] message stats, type: 11 count: 0 total size: 0
I1122 11:19:14.322901 340430 Executor.h:252] message stats, type: 12 count: 2562871 total size: 64071775
I1122 11:19:14.322903 340430 Executor.h:252] message stats, type: 13 count: 2542455 total size: 355943700
I1122 11:19:14.322906 340430 Executor.h:252] message stats, type: 14 count: 0 total size: 0
I1122 11:19:14.322907 340430 Executor.h:252] message stats, type: 15 count: 0 total size: 0
I1122 11:19:14.322909 340430 Executor.h:252] message stats, type: 16 count: 0 total size: 0
I1122 11:19:14.324983 340439 Executor.h:216] Executor 1 exits.
I1122 11:19:14.324988 340440 Executor.h:216] Executor 2 exits.
I1122 11:19:14.324988 340438 Executor.h:216] Executor 0 exits.
I1122 11:19:14.325023 340441 Manager.h:230] Manager(worker id = 3) on the coordinator node exits.
I1122 11:19:14.325536 340430 Executor.h:221] Worker 1 latency: 17 us (50%) 20 us (75%) 26 us (95%) 34 us (99%). dist txn latency: 17 us (50%) 20 us (75%) 26 us (95%) 35 us (99%)  avg 17 us . local txn latency: 0 us (50%) 0 us (75%) 0 us (95%) 0 us (99%)  avg 0 us. txn commit latency: 17 us (50%) 20 us (75%) 26 us (95%) 34 us (99%) avg 17 us.
 LOCAL txn stall 0 us,  local_work 0 us,  remote_work 0 us,  commit_work 0 us,  commit_prepare 0 us,  commit_persistence 0 us,  commit_write_back 0 us,  commit_replication 0 us,  commit_release_lock 0 us 
 DIST txn stall 0 us,  local_work 2 us,  remote_work 13 us,  commit_work 0 us,  commit_prepare 0 us,  commit_persistence 0 us,  commit_write_back 0 us,  commit_replication 0 us,  commit_release_lock 0 us 
I1122 11:19:14.327581 340430 Executor.h:221] Worker 2 latency: 17 us (50%) 20 us (75%) 26 us (95%) 34 us (99%). dist txn latency: 17 us (50%) 20 us (75%) 26 us (95%) 34 us (99%)  avg 18 us . local txn latency: 0 us (50%) 0 us (75%) 0 us (95%) 0 us (99%)  avg 0 us. txn commit latency: 17 us (50%) 20 us (75%) 26 us (95%) 33 us (99%) avg 17 us.
 LOCAL txn stall 0 us,  local_work 0 us,  remote_work 0 us,  commit_work 0 us,  commit_prepare 0 us,  commit_persistence 0 us,  commit_write_back 0 us,  commit_replication 0 us,  commit_release_lock 0 us 
 DIST txn stall 0 us,  local_work 2 us,  remote_work 13 us,  commit_work 0 us,  commit_prepare 0 us,  commit_persistence 0 us,  commit_write_back 0 us,  commit_replication 0 us,  commit_release_lock 0 us 
I1122 11:19:14.329622 340430 CXLMemory.h:143] local CXL memory usage: size_index_usage: 0 size_metadata_usage: 0 size_data_usage: 0 size_transport_usage: 671089088
I1122 11:19:14.329707 340430 Coordinator.h:581] Global Stats: total_commit: 1.22453e+06 total_size_index_usage: 0 total_size_metadata_usage: 0 total_size_data_usage: 0 total_size_transport_usage: 671089088
I1122 11:19:15.329792 340436 Dispatcher.h:154] Incoming Dispatcher exits, network size: 1430458083. socket_message_recv_latency(50th) 1 socket_message_recv_latency(75th) 2 socket_message_recv_latency(95th) 3 socket_message_recv_latency(99th) 4 internal_message_recv_latency(50th) 0 socket_message_recv_cnt 131091 socket_read_syscall 16566438 internal_message_recv_cnt 0
I1122 11:19:15.332722 340430 WALLogger.h:509] committed_txn_cnt 0 disk_sync_cnt 0 disk_sync_size 0
I1122 11:19:15.358803 340430 Coordinator.h:150] round_trip_latency 23 (50th) 25 (75th) 36 (95th) 36 (99th) 
I1122 11:19:15.358937 340430 Coordinator.h:400] Coordinator exits.
killing previous experiments...
