I1125 07:00:37.134043 497901 Executor.h:78] Executor 0 starts.
I1125 07:00:37.134088 497893 Coordinator.h:608] pinned thread to core 3
I1125 07:00:37.134094 497901 CXLMemory.h:46] cxlalloc initialized for thread 1 (global ID = 1) on host 0
I1125 07:00:37.134095 497902 Executor.h:78] Executor 1 starts.
I1125 07:00:37.134202 497902 CXLMemory.h:46] cxlalloc initialized for thread 2 (global ID = 2) on host 0
I1125 07:00:37.134230 497893 Coordinator.h:608] pinned thread to core 4
I1125 07:00:37.134342 497904 Manager.h:228] Manager(worker id = 3) on the coordinator node started.
I1125 07:00:37.134446 497903 Executor.h:78] Executor 2 starts.
I1125 07:00:37.134599 497903 CXLMemory.h:46] cxlalloc initialized for thread 3 (global ID = 3) on host 0
I1125 07:00:38.134397 497893 Coordinator.h:302] commit: 343487 abort: 0 (0/0/0), persistence latency 0, txn latency 0, queued lock latency 0, lock latency 0, active_txns 0, n_failed_read_lock 0, n_failed_write_lock 0, n_failed_cmd_not_ready 0, n_failed_no_cmd 0, network size: 0, avg network size: 0, si_in_serializable: 0 0 %, local: 0 %, local_access: 1888823, local_cxl_access: 0 (0%), remote_access: 1546066, remote_access_with_req: 0 (0%), data_move_in: 40961, data_move_out: 0
I1125 07:00:39.134567 497893 Coordinator.h:302] commit: 342230 abort: 0 (0/0/0), persistence latency 0, txn latency 0, queued lock latency 0, lock latency 0, active_txns 0, n_failed_read_lock 0, n_failed_write_lock 0, n_failed_cmd_not_ready 0, n_failed_no_cmd 0, network size: 0, avg network size: 0, si_in_serializable: 0 0 %, local: 0 %, local_access: 1880760, local_cxl_access: 0 (0%), remote_access: 1541528, remote_access_with_req: 0 (0%), data_move_in: 0, data_move_out: 0
I1125 07:00:40.134685 497893 Coordinator.h:302] commit: 340344 abort: 0 (0/0/0), persistence latency 0, txn latency 0, queued lock latency 0, lock latency 0, active_txns 0, n_failed_read_lock 0, n_failed_write_lock 0, n_failed_cmd_not_ready 0, n_failed_no_cmd 0, network size: 0, avg network size: 0, si_in_serializable: 0 0 %, local: 0 %, local_access: 1872383, local_cxl_access: 0 (0%), remote_access: 1531072, remote_access_with_req: 0 (0%), data_move_in: 0, data_move_out: 0
I1125 07:00:41.134804 497893 Coordinator.h:302] commit: 336390 abort: 0 (0/0/0), persistence latency 0, txn latency 0, queued lock latency 0, lock latency 0, active_txns 0, n_failed_read_lock 0, n_failed_write_lock 0, n_failed_cmd_not_ready 0, n_failed_no_cmd 0, network size: 0, avg network size: 0, si_in_serializable: 0 0 %, local: 0 %, local_access: 1850540, local_cxl_access: 0 (0%), remote_access: 1513361, remote_access_with_req: 0 (0%), data_move_in: 0, data_move_out: 0
I1125 07:00:42.134925 497893 Coordinator.h:302] commit: 341440 abort: 0 (0/0/0), persistence latency 0, txn latency 0, queued lock latency 0, lock latency 0, active_txns 0, n_failed_read_lock 0, n_failed_write_lock 0, n_failed_cmd_not_ready 0, n_failed_no_cmd 0, network size: 0, avg network size: 0, si_in_serializable: 0 0 %, local: 0 %, local_access: 1878701, local_cxl_access: 0 (0%), remote_access: 1535690, remote_access_with_req: 0 (0%), data_move_in: 0, data_move_out: 0
I1125 07:00:43.135040 497893 Coordinator.h:302] commit: 351373 abort: 0 (0/0/0), persistence latency 0, txn latency 0, queued lock latency 0, lock latency 0, active_txns 0, n_failed_read_lock 0, n_failed_write_lock 0, n_failed_cmd_not_ready 0, n_failed_no_cmd 0, network size: 0, avg network size: 0, si_in_serializable: 0 0 %, local: 0 %, local_access: 1932067, local_cxl_access: 0 (0%), remote_access: 1581668, remote_access_with_req: 0 (0%), data_move_in: 0, data_move_out: 0
I1125 07:00:44.135161 497893 Coordinator.h:302] commit: 309855 abort: 0 (0/0/0), persistence latency 0, txn latency 0, queued lock latency 0, lock latency 0, active_txns 0, n_failed_read_lock 0, n_failed_write_lock 0, n_failed_cmd_not_ready 0, n_failed_no_cmd 0, network size: 0, avg network size: 0, si_in_serializable: 0 0 %, local: 0 %, local_access: 1704064, local_cxl_access: 0 (0%), remote_access: 1394473, remote_access_with_req: 0 (0%), data_move_in: 0, data_move_out: 0
I1125 07:00:45.135279 497893 Coordinator.h:302] commit: 338131 abort: 0 (0/0/0), persistence latency 0, txn latency 0, queued lock latency 0, lock latency 0, active_txns 0, n_failed_read_lock 0, n_failed_write_lock 0, n_failed_cmd_not_ready 0, n_failed_no_cmd 0, network size: 0, avg network size: 0, si_in_serializable: 0 0 %, local: 0 %, local_access: 1859060, local_cxl_access: 0 (0%), remote_access: 1522270, remote_access_with_req: 0 (0%), data_move_in: 0, data_move_out: 0
I1125 07:00:46.135396 497893 Coordinator.h:302] commit: 327735 abort: 0 (0/0/0), persistence latency 0, txn latency 0, queued lock latency 0, lock latency 0, active_txns 0, n_failed_read_lock 0, n_failed_write_lock 0, n_failed_cmd_not_ready 0, n_failed_no_cmd 0, network size: 0, avg network size: 0, si_in_serializable: 0 0 %, local: 0 %, local_access: 1802251, local_cxl_access: 0 (0%), remote_access: 1475082, remote_access_with_req: 0 (0%), data_move_in: 0, data_move_out: 0
I1125 07:00:47.135674 497893 Coordinator.h:302] commit: 304755 abort: 0 (0/0/0), persistence latency 0, txn latency 0, queued lock latency 0, lock latency 0, active_txns 0, n_failed_read_lock 0, n_failed_write_lock 0, n_failed_cmd_not_ready 0, n_failed_no_cmd 0, network size: 0, avg network size: 0, si_in_serializable: 0 0 %, local: 0 %, local_access: 1676166, local_cxl_access: 0 (0%), remote_access: 1371395, remote_access_with_req: 0 (0%), data_move_in: 0, data_move_out: 0
I1125 07:00:47.135874 497893 Coordinator.h:340] average commit: 326370 abort: 0 (0/0/0), abort_rate: 0, network size: 0, avg network size: 0, si_in_serializable: 0 0 %, local: 0 %, local_access: 8973608, local_cxl_access: 0 (0%), remote_access: 7344888, remote_access_with_req: 0 (0%), data_move_in: 0, data_move_out: 0
I1125 07:00:47.135969 497893 Executor.h:221] Worker 0 latency: 7 us (50%) 8 us (75%) 8 us (95%) 9 us (99%). dist txn latency: 7 us (50%) 8 us (75%) 8 us (95%) 9 us (99%)  avg 8 us . local txn latency: 7 us (50%) 8 us (75%) 8 us (95%) 9 us (99%)  avg 7 us. txn commit latency: 7 us (50%) 8 us (75%) 8 us (95%) 9 us (99%) avg 9 us.
 LOCAL txn stall 0 us,  local_work 4 us,  remote_work 0 us,  commit_work 0 us,  commit_prepare 0 us,  commit_persistence 0 us,  commit_write_back 0 us,  commit_replication 0 us,  commit_release_lock 0 us 
 DIST txn stall 0 us,  local_work 5 us,  remote_work 0 us,  commit_work 1 us,  commit_prepare 0 us,  commit_persistence 0 us,  commit_write_back 0 us,  commit_replication 0 us,  commit_release_lock 0 us 
I1125 07:00:47.139072 497893 Executor.h:252] message stats, type: 0 count: 0 total size: 0
I1125 07:00:47.139159 497893 Executor.h:252] message stats, type: 1 count: 0 total size: 0
I1125 07:00:47.139231 497893 Executor.h:252] message stats, type: 2 count: 0 total size: 0
I1125 07:00:47.139304 497893 Executor.h:252] message stats, type: 3 count: 0 total size: 0
I1125 07:00:47.139375 497893 Executor.h:252] message stats, type: 4 count: 0 total size: 0
I1125 07:00:47.139446 497893 Executor.h:252] message stats, type: 5 count: 0 total size: 0
I1125 07:00:47.139516 497893 Executor.h:252] message stats, type: 6 count: 0 total size: 0
I1125 07:00:47.139588 497893 Executor.h:252] message stats, type: 7 count: 0 total size: 0
I1125 07:00:47.139658 497893 Executor.h:252] message stats, type: 8 count: 0 total size: 0
I1125 07:00:47.139729 497893 Executor.h:252] message stats, type: 9 count: 0 total size: 0
I1125 07:00:47.139801 497893 Executor.h:252] message stats, type: 10 count: 0 total size: 0
I1125 07:00:47.139870 497893 Executor.h:252] message stats, type: 11 count: 0 total size: 0
I1125 07:00:47.169206 497903 Executor.h:216] Executor 2 exits.
I1125 07:00:47.169206 497902 Executor.h:216] Executor 1 exits.
I1125 07:00:47.169251 497901 Executor.h:216] Executor 0 exits.
I1125 07:00:47.169626 497904 Manager.h:230] Manager(worker id = 3) on the coordinator node exits.
I1125 07:00:47.169606 497893 Executor.h:221] Worker 1 latency: 7 us (50%) 8 us (75%) 8 us (95%) 9 us (99%). dist txn latency: 7 us (50%) 8 us (75%) 8 us (95%) 9 us (99%)  avg 8 us . local txn latency: 7 us (50%) 7 us (75%) 8 us (95%) 9 us (99%)  avg 6 us. txn commit latency: 7 us (50%) 7 us (75%) 8 us (95%) 9 us (99%) avg 8 us.
 LOCAL txn stall 0 us,  local_work 7 us,  remote_work 0 us,  commit_work 0 us,  commit_prepare 0 us,  commit_persistence 0 us,  commit_write_back 0 us,  commit_replication 0 us,  commit_release_lock 0 us 
 DIST txn stall 0 us,  local_work 4 us,  remote_work 0 us,  commit_work 1 us,  commit_prepare 0 us,  commit_persistence 0 us,  commit_write_back 0 us,  commit_replication 0 us,  commit_release_lock 0 us 
I1125 07:00:47.172624 497893 Executor.h:221] Worker 2 latency: 7 us (50%) 8 us (75%) 8 us (95%) 9 us (99%). dist txn latency: 7 us (50%) 8 us (75%) 8 us (95%) 9 us (99%)  avg 8 us . local txn latency: 7 us (50%) 7 us (75%) 8 us (95%) 9 us (99%)  avg 10 us. txn commit latency: 7 us (50%) 7 us (75%) 8 us (95%) 9 us (99%) avg 8 us.
 LOCAL txn stall 0 us,  local_work 4 us,  remote_work 0 us,  commit_work 0 us,  commit_prepare 0 us,  commit_persistence 0 us,  commit_write_back 0 us,  commit_replication 0 us,  commit_release_lock 0 us 
 DIST txn stall 0 us,  local_work 4 us,  remote_work 0 us,  commit_work 1 us,  commit_prepare 0 us,  commit_persistence 0 us,  commit_write_back 0 us,  commit_replication 0 us,  commit_release_lock 0 us 
I1125 07:00:47.175858 497893 CXLMemory.h:143] local CXL memory usage: size_index_usage: 1707152 size_metadata_usage: 5898384 size_data_usage: 4505710 size_transport_usage: 33554880
I1125 07:00:47.175861 497893 SCCManager.h:37] software cache-coherence statistics: num_clflush: 286720 num_clwb: 40961 num_cache_hit: 33071370 num_cache_miss: 286720 cache hit rate: 99.1405%
I1125 07:00:47.175876 497893 Coordinator.h:581] Global Stats: total_commit: 2.86218e+06 total_size_index_usage: 13414400 total_size_metadata_usage: 47187072 total_size_data_usage: 36045680 total_size_transport_usage: 33554880
I1125 07:00:48.175945 497899 Dispatcher.h:154] Incoming Dispatcher exits, network size: 1652. socket_message_recv_latency(50th) 0 socket_message_recv_latency(75th) 2 socket_message_recv_latency(95th) 2 socket_message_recv_latency(99th) 2 internal_message_recv_latency(50th) 0 socket_message_recv_cnt 2 socket_read_syscall 24934665 internal_message_recv_cnt 0
I1125 07:00:48.176093 497893 WALLogger.h:536] Group Commit Stats: 0 us (50%) 0 us (75%) 0 us (95%) 0 us (99%) 0 us (avg) committed_txn_cnt 0
I1125 07:00:48.176103 497893 WALLogger.h:542] Queuing Stats: 0 us (50%) 0 us (75%) 0 us (95%) 0 us (99%) 0 us (avg)
I1125 07:00:48.176106 497893 WALLogger.h:547] Disk Sync Stats: 0 us (50%) 0 us (75%) 0 us (95%) 0 us (99%) 0 us (avg) disk_sync_cnt 0 disk_sync_size 0 current global epoch 732212
I1125 07:00:48.212975 497893 Coordinator.h:150] round_trip_latency 34 (50th) 39 (75th) 68 (95th) 68 (99th) 
I1125 07:00:48.213131 497893 Coordinator.h:400] Coordinator exits.
killing previous experiments...
killing previous experiments...
deleting log files...
initializing cxl memory...
I1125 07:01:18.840706 498105 bench_ycsb.cpp:66] RW_RATIO = 100, ZIPF_THETA = 0.7, CROSS_RATIO = 100
I1125 07:01:18.840773 498105 bench_ycsb.cpp:67] checkpoint 1 to 
I1125 07:01:18.840777 498105 bench_ycsb.cpp:68] cross_part_num 2
I1125 07:01:18.840780 498105 bench_ycsb.cpp:69] lotus_sp_parallel_exec_commit 0
I1125 07:01:18.840781 498105 bench_ycsb.cpp:70] granules_per_partition 2000
I1125 07:01:18.840785 498105 bench_ycsb.cpp:71] keysPerGranule 20
I1125 07:01:18.884155 498105 Database.h:81] ycsb initialization finished in 42 milliseconds.
I1125 07:01:18.934144 498105 CXLMemory.h:46] cxlalloc initialized for thread 0 (global ID = 0) on host 0
I1125 07:01:18.934172 498105 MPSCRingBuffer.h:35] entry_struct_size: 1024 entry_num: 4096
I1125 07:01:18.935483 498105 MPSCRingBuffer.h:35] entry_struct_size: 1024 entry_num: 4096
I1125 07:01:18.936779 498105 MPSCRingBuffer.h:35] entry_struct_size: 1024 entry_num: 4096
I1125 07:01:18.938091 498105 MPSCRingBuffer.h:35] entry_struct_size: 1024 entry_num: 4096
I1125 07:01:18.939383 498105 MPSCRingBuffer.h:35] entry_struct_size: 1024 entry_num: 4096
I1125 07:01:18.940652 498105 MPSCRingBuffer.h:35] entry_struct_size: 1024 entry_num: 4096
I1125 07:01:18.941942 498105 MPSCRingBuffer.h:35] entry_struct_size: 1024 entry_num: 4096
I1125 07:01:18.943221 498105 MPSCRingBuffer.h:35] entry_struct_size: 1024 entry_num: 4096
I1125 07:01:18.944494 498105 Coordinator.h:415] Coordinator 0 initializes CXL transport metadata (8 ringbuffers each with 4096 entries (each 1015 Bytes)
I1125 07:01:18.944705 498105 Coordinator.h:81] WAL Group Commiting to file [/root/pasha_log_group_commit.txt] using GroupCommit Logger
I1125 07:01:18.944715 498105 Coordinator.h:96] Coordinator initializes 3 workers.
I1125 07:01:18.944880 498105 Database.h:227] YCSB initializes data migration metadata
I1125 07:01:18.981706 498110 Coordinator.h:452] Listener 0 on coordinator 0 listening on 192.168.100.2:1234 tcp_no_delay 1 tcp_quick_ack 0
I1125 07:01:18.981760 498105 Coordinator.h:498] Coordinator 0 failed to connect 1(192.168.100.3:1234)'s listener 0, retry in 5 seconds.
I1125 07:01:18.981976 498110 Socket.h:69] Disabling nagle
I1125 07:01:18.981983 498110 Coordinator.h:467] Listener accepted connection from coordinator 3
I1125 07:01:18.983274 498110 Socket.h:69] Disabling nagle
I1125 07:01:18.983279 498110 Coordinator.h:467] Listener accepted connection from coordinator 2
I1125 07:01:18.983485 498110 Socket.h:69] Disabling nagle
I1125 07:01:18.983489 498110 Coordinator.h:467] Listener accepted connection from coordinator 7
I1125 07:01:18.983652 498110 Socket.h:69] Disabling nagle
I1125 07:01:18.983657 498110 Coordinator.h:467] Listener accepted connection from coordinator 1
I1125 07:01:18.984012 498110 Socket.h:69] Disabling nagle
I1125 07:01:18.984018 498110 Coordinator.h:467] Listener accepted connection from coordinator 4
I1125 07:01:18.984208 498110 Socket.h:69] Disabling nagle
I1125 07:01:18.984212 498110 Coordinator.h:467] Listener accepted connection from coordinator 5
I1125 07:01:18.984220 498110 Socket.h:69] Disabling nagle
I1125 07:01:18.984223 498110 Coordinator.h:467] Listener accepted connection from coordinator 6
I1125 07:01:18.984225 498110 Coordinator.h:470] Listener 0 on coordinator 0 exits.
I1125 07:01:23.982092 498105 Socket.h:69] Disabling nagle
I1125 07:01:23.982105 498105 Coordinator.h:507] Coordinator 0 connected to 1
I1125 07:01:23.982203 498105 Socket.h:69] Disabling nagle
I1125 07:01:23.982208 498105 Coordinator.h:507] Coordinator 0 connected to 2
I1125 07:01:23.982299 498105 Socket.h:69] Disabling nagle
I1125 07:01:23.982304 498105 Coordinator.h:507] Coordinator 0 connected to 3
I1125 07:01:23.982407 498105 Socket.h:69] Disabling nagle
I1125 07:01:23.982410 498105 Coordinator.h:507] Coordinator 0 connected to 4
I1125 07:01:23.982470 498105 Socket.h:69] Disabling nagle
I1125 07:01:23.982473 498105 Coordinator.h:507] Coordinator 0 connected to 5
I1125 07:01:23.982546 498105 Socket.h:69] Disabling nagle
I1125 07:01:23.982560 498105 Coordinator.h:507] Coordinator 0 connected to 6
I1125 07:01:23.982635 498105 Socket.h:69] Disabling nagle
I1125 07:01:23.982638 498105 Coordinator.h:507] Coordinator 0 connected to 7
I1125 07:01:23.982645 498105 Coordinator.h:519] Coordinator 0 connected to all peers.
I1125 07:01:23.982661 498105 Dispatcher.h:38] IncomingDispatcher 0 coord_id 0
I1125 07:01:23.982690 498105 Dispatcher.h:210] OutgoingDispatcher 0 coord_id 0
I1125 07:01:23.982739 498105 Coordinator.h:608] pinned thread to core 0
I1125 07:01:23.982800 498105 Coordinator.h:608] pinned thread to core 1
I1125 07:01:23.982818 498105 Coordinator.h:211] Coordinator starts to run 4 workers.
I1125 07:01:23.982832 498112 WALLogger.h:456] logger thread started!
I1125 07:01:23.982846 498105 Coordinator.h:608] pinned thread to core 2
I1125 07:01:23.982863 498113 Executor.h:78] Executor 0 starts.
I1125 07:01:23.982911 498113 CXLMemory.h:46] cxlalloc initialized for thread 1 (global ID = 1) on host 0
I1125 07:01:23.982996 498105 Coordinator.h:608] pinned thread to core 3
I1125 07:01:23.983008 498114 Executor.h:78] Executor 1 starts.
I1125 07:01:23.983116 498115 Executor.h:78] Executor 2 starts.
I1125 07:01:23.983116 498105 Coordinator.h:608] pinned thread to core 4
I1125 07:01:23.983163 498114 CXLMemory.h:46] cxlalloc initialized for thread 2 (global ID = 2) on host 0
I1125 07:01:23.983213 498115 CXLMemory.h:46] cxlalloc initialized for thread 3 (global ID = 3) on host 0
I1125 07:01:23.983263 498116 Manager.h:228] Manager(worker id = 3) on the coordinator node started.
I1125 07:01:23.983382 498111 Dispatcher.h:57] Incoming Dispatcher started, numCoordinators = 8, numWorkers = 3, group id = 0, coordinator = 0
I1125 07:01:24.983287 498105 Coordinator.h:302] commit: 357823 abort: 0 (0/0/0), persistence latency 0, txn latency 0, queued lock latency 0, lock latency 0, active_txns 0, n_failed_read_lock 0, n_failed_write_lock 0, n_failed_cmd_not_ready 0, n_failed_no_cmd 0, network size: 0, avg network size: 0, si_in_serializable: 0 0 %, local: 0 %, local_access: 1789125, local_cxl_access: 0 (0%), remote_access: 1789127, remote_access_with_req: 0 (0%), data_move_in: 40961, data_move_out: 0
I1125 07:01:25.983637 498105 Coordinator.h:302] commit: 358828 abort: 0 (0/0/0), persistence latency 0, txn latency 0, queued lock latency 0, lock latency 0, active_txns 0, n_failed_read_lock 0, n_failed_write_lock 0, n_failed_cmd_not_ready 0, n_failed_no_cmd 0, network size: 0, avg network size: 0, si_in_serializable: 0 0 %, local: 0 %, local_access: 1794141, local_cxl_access: 0 (0%), remote_access: 1794139, remote_access_with_req: 0 (0%), data_move_in: 0, data_move_out: 0
I1125 07:01:26.983913 498105 Coordinator.h:302] commit: 339940 abort: 0 (0/0/0), persistence latency 0, txn latency 0, queued lock latency 0, lock latency 0, active_txns 0, n_failed_read_lock 0, n_failed_write_lock 0, n_failed_cmd_not_ready 0, n_failed_no_cmd 0, network size: 0, avg network size: 0, si_in_serializable: 0 0 %, local: 0 %, local_access: 1699697, local_cxl_access: 0 (0%), remote_access: 1699699, remote_access_with_req: 0 (0%), data_move_in: 0, data_move_out: 0
I1125 07:01:27.984117 498105 Coordinator.h:302] commit: 356290 abort: 0 (0/0/0), persistence latency 0, txn latency 0, queued lock latency 0, lock latency 0, active_txns 0, n_failed_read_lock 0, n_failed_write_lock 0, n_failed_cmd_not_ready 0, n_failed_no_cmd 0, network size: 0, avg network size: 0, si_in_serializable: 0 0 %, local: 0 %, local_access: 1781454, local_cxl_access: 0 (0%), remote_access: 1781452, remote_access_with_req: 0 (0%), data_move_in: 0, data_move_out: 0
I1125 07:01:28.984436 498105 Coordinator.h:302] commit: 359029 abort: 0 (0/0/0), persistence latency 0, txn latency 0, queued lock latency 0, lock latency 0, active_txns 0, n_failed_read_lock 0, n_failed_write_lock 0, n_failed_cmd_not_ready 0, n_failed_no_cmd 0, network size: 0, avg network size: 0, si_in_serializable: 0 0 %, local: 0 %, local_access: 1795139, local_cxl_access: 0 (0%), remote_access: 1795140, remote_access_with_req: 0 (0%), data_move_in: 0, data_move_out: 0
I1125 07:01:29.984648 498105 Coordinator.h:302] commit: 341146 abort: 0 (0/0/0), persistence latency 0, txn latency 0, queued lock latency 0, lock latency 0, active_txns 0, n_failed_read_lock 0, n_failed_write_lock 0, n_failed_cmd_not_ready 0, n_failed_no_cmd 0, network size: 0, avg network size: 0, si_in_serializable: 0 0 %, local: 0 %, local_access: 1705734, local_cxl_access: 0 (0%), remote_access: 1705735, remote_access_with_req: 0 (0%), data_move_in: 0, data_move_out: 0
I1125 07:01:30.984869 498105 Coordinator.h:302] commit: 329836 abort: 0 (0/0/0), persistence latency 0, txn latency 0, queued lock latency 0, lock latency 0, active_txns 0, n_failed_read_lock 0, n_failed_write_lock 0, n_failed_cmd_not_ready 0, n_failed_no_cmd 0, network size: 0, avg network size: 0, si_in_serializable: 0 0 %, local: 0 %, local_access: 1649171, local_cxl_access: 0 (0%), remote_access: 1649170, remote_access_with_req: 0 (0%), data_move_in: 0, data_move_out: 0
I1125 07:01:31.985062 498105 Coordinator.h:302] commit: 339758 abort: 0 (0/0/0), persistence latency 0, txn latency 0, queued lock latency 0, lock latency 0, active_txns 0, n_failed_read_lock 0, n_failed_write_lock 0, n_failed_cmd_not_ready 0, n_failed_no_cmd 0, network size: 0, avg network size: 0, si_in_serializable: 0 0 %, local: 0 %, local_access: 1698797, local_cxl_access: 0 (0%), remote_access: 1698798, remote_access_with_req: 0 (0%), data_move_in: 0, data_move_out: 0
I1125 07:01:32.985328 498105 Coordinator.h:302] commit: 364668 abort: 0 (0/0/0), persistence latency 0, txn latency 0, queued lock latency 0, lock latency 0, active_txns 0, n_failed_read_lock 0, n_failed_write_lock 0, n_failed_cmd_not_ready 0, n_failed_no_cmd 0, network size: 0, avg network size: 0, si_in_serializable: 0 0 %, local: 0 %, local_access: 1823337, local_cxl_access: 0 (0%), remote_access: 1823338, remote_access_with_req: 0 (0%), data_move_in: 0, data_move_out: 0
I1125 07:01:33.985445 498105 Coordinator.h:302] commit: 371677 abort: 0 (0/0/0), persistence latency 0, txn latency 0, queued lock latency 0, lock latency 0, active_txns 0, n_failed_read_lock 0, n_failed_write_lock 0, n_failed_cmd_not_ready 0, n_failed_no_cmd 0, network size: 0, avg network size: 0, si_in_serializable: 0 0 %, local: 0 %, local_access: 1858386, local_cxl_access: 0 (0%), remote_access: 1858385, remote_access_with_req: 0 (0%), data_move_in: 0, data_move_out: 0
I1125 07:01:33.985664 498105 Coordinator.h:340] average commit: 349417 abort: 0 (0/0/0), abort_rate: 0, network size: 0, avg network size: 0, si_in_serializable: 0 0 %, local: 0 %, local_access: 8735425, local_cxl_access: 0 (0%), remote_access: 8735426, remote_access_with_req: 0 (0%), data_move_in: 0, data_move_out: 0
I1125 07:01:33.985800 498105 Executor.h:221] Worker 0 latency: 7 us (50%) 8 us (75%) 8 us (95%) 9 us (99%). dist txn latency: 7 us (50%) 8 us (75%) 8 us (95%) 9 us (99%)  avg 7 us . local txn latency: 0 us (50%) 0 us (75%) 0 us (95%) 0 us (99%)  avg 0 us. txn commit latency: 7 us (50%) 8 us (75%) 8 us (95%) 9 us (99%) avg 8 us.
 LOCAL txn stall 0 us,  local_work 0 us,  remote_work 0 us,  commit_work 0 us,  commit_prepare 0 us,  commit_persistence 0 us,  commit_write_back 0 us,  commit_replication 0 us,  commit_release_lock 0 us 
 DIST txn stall 0 us,  local_work 5 us,  remote_work 0 us,  commit_work 1 us,  commit_prepare 0 us,  commit_persistence 0 us,  commit_write_back 0 us,  commit_replication 0 us,  commit_release_lock 0 us 
I1125 07:01:33.989320 498105 Executor.h:252] message stats, type: 0 count: 0 total size: 0
I1125 07:01:33.989409 498105 Executor.h:252] message stats, type: 1 count: 0 total size: 0
I1125 07:01:33.989480 498105 Executor.h:252] message stats, type: 2 count: 0 total size: 0
I1125 07:01:33.989552 498105 Executor.h:252] message stats, type: 3 count: 0 total size: 0
I1125 07:01:33.989620 498105 Executor.h:252] message stats, type: 4 count: 0 total size: 0
I1125 07:01:33.989691 498105 Executor.h:252] message stats, type: 5 count: 0 total size: 0
I1125 07:01:33.989758 498105 Executor.h:252] message stats, type: 6 count: 0 total size: 0
I1125 07:01:33.989827 498105 Executor.h:252] message stats, type: 7 count: 0 total size: 0
I1125 07:01:33.989897 498105 Executor.h:252] message stats, type: 8 count: 0 total size: 0
I1125 07:01:33.989966 498105 Executor.h:252] message stats, type: 9 count: 0 total size: 0
I1125 07:01:33.990039 498105 Executor.h:252] message stats, type: 10 count: 0 total size: 0
I1125 07:01:33.990108 498105 Executor.h:252] message stats, type: 11 count: 0 total size: 0
I1125 07:01:33.990193 498114 Executor.h:216] Executor 1 exits.
I1125 07:01:33.990193 498113 Executor.h:216] Executor 0 exits.
I1125 07:01:33.990193 498115 Executor.h:216] Executor 2 exits.
I1125 07:01:33.990217 498116 Manager.h:230] Manager(worker id = 3) on the coordinator node exits.
I1125 07:01:33.990542 498105 Executor.h:221] Worker 1 latency: 7 us (50%) 8 us (75%) 8 us (95%) 9 us (99%). dist txn latency: 7 us (50%) 8 us (75%) 8 us (95%) 9 us (99%)  avg 7 us . local txn latency: 0 us (50%) 0 us (75%) 0 us (95%) 0 us (99%)  avg 0 us. txn commit latency: 7 us (50%) 7 us (75%) 8 us (95%) 9 us (99%) avg 7 us.
 LOCAL txn stall 0 us,  local_work 0 us,  remote_work 0 us,  commit_work 0 us,  commit_prepare 0 us,  commit_persistence 0 us,  commit_write_back 0 us,  commit_replication 0 us,  commit_release_lock 0 us 
 DIST txn stall 0 us,  local_work 4 us,  remote_work 0 us,  commit_work 1 us,  commit_prepare 0 us,  commit_persistence 0 us,  commit_write_back 0 us,  commit_replication 0 us,  commit_release_lock 0 us 
I1125 07:01:33.993959 498105 Executor.h:221] Worker 2 latency: 7 us (50%) 8 us (75%) 8 us (95%) 9 us (99%). dist txn latency: 7 us (50%) 8 us (75%) 8 us (95%) 9 us (99%)  avg 7 us . local txn latency: 0 us (50%) 0 us (75%) 0 us (95%) 0 us (99%)  avg 0 us. txn commit latency: 7 us (50%) 7 us (75%) 8 us (95%) 9 us (99%) avg 7 us.
 LOCAL txn stall 0 us,  local_work 0 us,  remote_work 0 us,  commit_work 0 us,  commit_prepare 0 us,  commit_persistence 0 us,  commit_write_back 0 us,  commit_replication 0 us,  commit_release_lock 0 us 
 DIST txn stall 0 us,  local_work 4 us,  remote_work 0 us,  commit_work 1 us,  commit_prepare 0 us,  commit_persistence 0 us,  commit_write_back 0 us,  commit_replication 0 us,  commit_release_lock 0 us 
I1125 07:01:33.997500 498105 CXLMemory.h:143] local CXL memory usage: size_index_usage: 1707152 size_metadata_usage: 5898384 size_data_usage: 4505710 size_transport_usage: 33554880
I1125 07:01:33.997505 498105 SCCManager.h:37] software cache-coherence statistics: num_clflush: 286720 num_clwb: 40961 num_cache_hit: 34904510 num_cache_miss: 286720 cache hit rate: 99.1853%
I1125 07:01:33.999742 498105 Coordinator.h:581] Global Stats: total_commit: 2.86865e+06 total_size_index_usage: 13414400 total_size_metadata_usage: 47187072 total_size_data_usage: 36045680 total_size_transport_usage: 33554880
I1125 07:01:34.999788 498111 Dispatcher.h:154] Incoming Dispatcher exits, network size: 1652. socket_message_recv_latency(50th) 0 socket_message_recv_latency(75th) 0 socket_message_recv_latency(95th) 0 socket_message_recv_latency(99th) 0 internal_message_recv_latency(50th) 0 socket_message_recv_cnt 1 socket_read_syscall 23302643 internal_message_recv_cnt 0
I1125 07:01:34.999954 498105 WALLogger.h:536] Group Commit Stats: 0 us (50%) 0 us (75%) 0 us (95%) 0 us (99%) 0 us (avg) committed_txn_cnt 0
I1125 07:01:34.999966 498105 WALLogger.h:542] Queuing Stats: 0 us (50%) 0 us (75%) 0 us (95%) 0 us (99%) 0 us (avg)
I1125 07:01:34.999969 498105 WALLogger.h:547] Disk Sync Stats: 0 us (50%) 0 us (75%) 0 us (95%) 0 us (99%) 0 us (avg) disk_sync_cnt 0 disk_sync_size 0 current global epoch 730785
I1125 07:01:35.024552 498105 Coordinator.h:150] round_trip_latency 23 (50th) 24 (75th) 27 (95th) 27 (99th) 
I1125 07:01:35.024693 498105 Coordinator.h:400] Coordinator exits.
killing previous experiments...
