I1122 12:15:52.315313 353463 Executor.h:78] Executor 0 starts.
I1122 12:15:52.315356 353463 CXLMemory.h:46] cxlalloc initialized for thread 1 (global ID = 1) on host 0
I1122 12:15:52.315443 353455 Coordinator.h:608] pinned thread to core 3
I1122 12:15:52.315448 353464 Executor.h:78] Executor 1 starts.
I1122 12:15:52.315527 353455 Coordinator.h:608] pinned thread to core 4
I1122 12:15:52.315603 353464 CXLMemory.h:46] cxlalloc initialized for thread 2 (global ID = 2) on host 0
I1122 12:15:52.315604 353465 Executor.h:78] Executor 2 starts.
I1122 12:15:52.315855 353465 CXLMemory.h:46] cxlalloc initialized for thread 3 (global ID = 3) on host 0
I1122 12:15:52.315639 353466 Manager.h:228] Manager(worker id = 3) on the coordinator node started.
I1122 12:15:53.315667 353455 Coordinator.h:302] commit: 168380 abort: 0 (0/0/0), persistence latency 0, txn latency 0, queued lock latency 0, lock latency 0, active_txns 0, n_failed_read_lock 0, n_failed_write_lock 0, n_failed_cmd_not_ready 0, n_failed_no_cmd 0, network size: 18936000, avg network size: 112.46, si_in_serializable: 0 0 %, local: 89.9679 %, local_access: 0, local_cxl_access: 0 (-nan%), remote_access: 0, remote_access_with_req: 0 (-nan%), data_move_in: 0, data_move_out: 0
I1122 12:15:54.315971 353455 Coordinator.h:302] commit: 177165 abort: 0 (0/0/0), persistence latency 0, txn latency 0, queued lock latency 0, lock latency 0, active_txns 0, n_failed_read_lock 0, n_failed_write_lock 0, n_failed_cmd_not_ready 0, n_failed_no_cmd 0, network size: 19909125, avg network size: 112.376, si_in_serializable: 0 0 %, local: 89.9009 %, local_access: 0, local_cxl_access: 0 (-nan%), remote_access: 0, remote_access_with_req: 0 (-nan%), data_move_in: 0, data_move_out: 0
I1122 12:15:55.316289 353455 Coordinator.h:302] commit: 177642 abort: 0 (0/0/0), persistence latency 0, txn latency 0, queued lock latency 0, lock latency 0, active_txns 0, n_failed_read_lock 0, n_failed_write_lock 0, n_failed_cmd_not_ready 0, n_failed_no_cmd 0, network size: 19989625, avg network size: 112.528, si_in_serializable: 0 0 %, local: 90.0221 %, local_access: 0, local_cxl_access: 0 (-nan%), remote_access: 0, remote_access_with_req: 0 (-nan%), data_move_in: 0, data_move_out: 0
I1122 12:15:56.316522 353455 Coordinator.h:302] commit: 175523 abort: 0 (0/0/0), persistence latency 0, txn latency 0, queued lock latency 0, lock latency 0, active_txns 0, n_failed_read_lock 0, n_failed_write_lock 0, n_failed_cmd_not_ready 0, n_failed_no_cmd 0, network size: 19741000, avg network size: 112.47, si_in_serializable: 0 0 %, local: 89.9757 %, local_access: 0, local_cxl_access: 0 (-nan%), remote_access: 0, remote_access_with_req: 0 (-nan%), data_move_in: 0, data_move_out: 0
I1122 12:15:57.316689 353455 Coordinator.h:302] commit: 177705 abort: 0 (0/0/0), persistence latency 0, txn latency 0, queued lock latency 0, lock latency 0, active_txns 0, n_failed_read_lock 0, n_failed_write_lock 0, n_failed_cmd_not_ready 0, n_failed_no_cmd 0, network size: 20008875, avg network size: 112.596, si_in_serializable: 0 0 %, local: 90.0768 %, local_access: 0, local_cxl_access: 0 (-nan%), remote_access: 0, remote_access_with_req: 0 (-nan%), data_move_in: 0, data_move_out: 0
I1122 12:15:58.316972 353455 Coordinator.h:302] commit: 177675 abort: 0 (0/0/0), persistence latency 0, txn latency 0, queued lock latency 0, lock latency 0, active_txns 0, n_failed_read_lock 0, n_failed_write_lock 0, n_failed_cmd_not_ready 0, n_failed_no_cmd 0, network size: 19997250, avg network size: 112.55, si_in_serializable: 0 0 %, local: 90.0397 %, local_access: 0, local_cxl_access: 0 (-nan%), remote_access: 0, remote_access_with_req: 0 (-nan%), data_move_in: 0, data_move_out: 0
I1122 12:15:59.317214 353455 Coordinator.h:302] commit: 161087 abort: 0 (0/0/0), persistence latency 0, txn latency 0, queued lock latency 0, lock latency 0, active_txns 0, n_failed_read_lock 0, n_failed_write_lock 0, n_failed_cmd_not_ready 0, n_failed_no_cmd 0, network size: 18125000, avg network size: 112.517, si_in_serializable: 0 0 %, local: 90.0135 %, local_access: 0, local_cxl_access: 0 (-nan%), remote_access: 0, remote_access_with_req: 0 (-nan%), data_move_in: 0, data_move_out: 0
I1122 12:16:00.317447 353455 Coordinator.h:302] commit: 176176 abort: 0 (0/0/0), persistence latency 0, txn latency 0, queued lock latency 0, lock latency 0, active_txns 0, n_failed_read_lock 0, n_failed_write_lock 0, n_failed_cmd_not_ready 0, n_failed_no_cmd 0, network size: 19830250, avg network size: 112.559, si_in_serializable: 0 0 %, local: 90.0475 %, local_access: 0, local_cxl_access: 0 (-nan%), remote_access: 0, remote_access_with_req: 0 (-nan%), data_move_in: 0, data_move_out: 0
I1122 12:16:01.317740 353455 Coordinator.h:302] commit: 176473 abort: 0 (0/0/0), persistence latency 0, txn latency 0, queued lock latency 0, lock latency 0, active_txns 0, n_failed_read_lock 0, n_failed_write_lock 0, n_failed_cmd_not_ready 0, n_failed_no_cmd 0, network size: 19858500, avg network size: 112.53, si_in_serializable: 0 0 %, local: 90.024 %, local_access: 0, local_cxl_access: 0 (-nan%), remote_access: 0, remote_access_with_req: 0 (-nan%), data_move_in: 0, data_move_out: 0
I1122 12:16:02.317975 353455 Coordinator.h:302] commit: 173932 abort: 0 (0/0/0), persistence latency 0, txn latency 0, queued lock latency 0, lock latency 0, active_txns 0, n_failed_read_lock 0, n_failed_write_lock 0, n_failed_cmd_not_ready 0, n_failed_no_cmd 0, network size: 19580625, avg network size: 112.576, si_in_serializable: 0 0 %, local: 90.0611 %, local_access: 0, local_cxl_access: 0 (-nan%), remote_access: 0, remote_access_with_req: 0 (-nan%), data_move_in: 0, data_move_out: 0
I1122 12:16:02.318171 353455 Coordinator.h:340] average commit: 173069 abort: 0 (0/0/0), abort_rate: 0, network size: 97391625, avg network size: 112.547, si_in_serializable: 0 0 %, local: 90.0375 %, local_access: 0, local_cxl_access: 0 (-nan%), remote_access: 0, remote_access_with_req: 0 (-nan%), data_move_in: 0, data_move_out: 0
I1122 12:16:02.318284 353455 Executor.h:221] Worker 0 latency: 15 us (50%) 18 us (75%) 23 us (95%) 31 us (99%). dist txn latency: 16 us (50%) 18 us (75%) 24 us (95%) 31 us (99%)  avg 20 us . local txn latency: 4 us (50%) 4 us (75%) 5 us (95%) 5 us (99%)  avg 4 us. txn commit latency: 15 us (50%) 18 us (75%) 23 us (95%) 30 us (99%) avg 15 us.
 LOCAL txn stall 0 us,  local_work 1 us,  remote_work 0 us,  commit_work 0 us,  commit_prepare 0 us,  commit_persistence 0 us,  commit_write_back 0 us,  commit_replication 0 us,  commit_release_lock 0 us 
 DIST txn stall 0 us,  local_work 1 us,  remote_work 11 us,  commit_work 0 us,  commit_prepare 0 us,  commit_persistence 0 us,  commit_write_back 0 us,  commit_replication 0 us,  commit_release_lock 0 us 
I1122 12:16:02.321687 353455 Executor.h:252] message stats, type: 0 count: 0 total size: 0
I1122 12:16:02.321789 353455 Executor.h:252] message stats, type: 1 count: 0 total size: 0
I1122 12:16:02.321877 353455 Executor.h:252] message stats, type: 2 count: 0 total size: 0
I1122 12:16:02.321964 353455 Executor.h:252] message stats, type: 3 count: 0 total size: 0
I1122 12:16:02.322047 353455 Executor.h:252] message stats, type: 4 count: 0 total size: 0
I1122 12:16:02.322130 353455 Executor.h:252] message stats, type: 5 count: 0 total size: 0
I1122 12:16:02.322214 353455 Executor.h:252] message stats, type: 6 count: 0 total size: 0
I1122 12:16:02.322304 353455 Executor.h:252] message stats, type: 7 count: 0 total size: 0
I1122 12:16:02.322388 353455 Executor.h:252] message stats, type: 8 count: 0 total size: 0
I1122 12:16:02.322474 353455 Executor.h:252] message stats, type: 9 count: 0 total size: 0
I1122 12:16:02.322561 353455 Executor.h:252] message stats, type: 10 count: 0 total size: 0
I1122 12:16:02.322644 353455 Executor.h:252] message stats, type: 11 count: 0 total size: 0
I1122 12:16:02.322727 353455 Executor.h:252] message stats, type: 12 count: 2606915 total size: 65172875
I1122 12:16:02.322811 353455 Executor.h:252] message stats, type: 13 count: 2600035 total size: 364004900
I1122 12:16:02.322891 353455 Executor.h:252] message stats, type: 14 count: 0 total size: 0
I1122 12:16:02.322971 353455 Executor.h:252] message stats, type: 15 count: 0 total size: 0
I1122 12:16:02.323051 353455 Executor.h:252] message stats, type: 16 count: 0 total size: 0
I1122 12:16:02.323925 353464 Executor.h:216] Executor 1 exits.
I1122 12:16:02.323925 353463 Executor.h:216] Executor 0 exits.
I1122 12:16:02.323925 353465 Executor.h:216] Executor 2 exits.
I1122 12:16:02.323964 353466 Manager.h:230] Manager(worker id = 3) on the coordinator node exits.
I1122 12:16:02.324239 353455 Executor.h:221] Worker 1 latency: 15 us (50%) 18 us (75%) 23 us (95%) 30 us (99%). dist txn latency: 16 us (50%) 18 us (75%) 24 us (95%) 31 us (99%)  avg 16 us . local txn latency: 4 us (50%) 4 us (75%) 5 us (95%) 5 us (99%)  avg 4 us. txn commit latency: 15 us (50%) 18 us (75%) 23 us (95%) 30 us (99%) avg 15 us.
 LOCAL txn stall 0 us,  local_work 1 us,  remote_work 0 us,  commit_work 0 us,  commit_prepare 0 us,  commit_persistence 0 us,  commit_write_back 0 us,  commit_replication 0 us,  commit_release_lock 0 us 
 DIST txn stall 0 us,  local_work 1 us,  remote_work 12 us,  commit_work 0 us,  commit_prepare 0 us,  commit_persistence 0 us,  commit_write_back 0 us,  commit_replication 0 us,  commit_release_lock 0 us 
I1122 12:16:02.327347 353455 Executor.h:221] Worker 2 latency: 15 us (50%) 18 us (75%) 23 us (95%) 30 us (99%). dist txn latency: 15 us (50%) 18 us (75%) 24 us (95%) 30 us (99%)  avg 16 us . local txn latency: 4 us (50%) 4 us (75%) 5 us (95%) 5 us (99%)  avg 3 us. txn commit latency: 15 us (50%) 18 us (75%) 23 us (95%) 30 us (99%) avg 15 us.
 LOCAL txn stall 0 us,  local_work 1 us,  remote_work 0 us,  commit_work 0 us,  commit_prepare 0 us,  commit_persistence 0 us,  commit_write_back 0 us,  commit_replication 0 us,  commit_release_lock 0 us 
 DIST txn stall 0 us,  local_work 1 us,  remote_work 11 us,  commit_work 0 us,  commit_prepare 0 us,  commit_persistence 0 us,  commit_write_back 0 us,  commit_replication 0 us,  commit_release_lock 0 us 
I1122 12:16:02.330386 353455 CXLMemory.h:143] local CXL memory usage: size_index_usage: 0 size_metadata_usage: 0 size_data_usage: 0 size_transport_usage: 671089088
I1122 12:16:02.330395 353455 Coordinator.h:581] Global Stats: total_commit: 1.3836e+06 total_size_index_usage: 0 total_size_metadata_usage: 0 total_size_data_usage: 0 total_size_transport_usage: 671089088
I1122 12:16:03.330463 353461 Dispatcher.h:154] Incoming Dispatcher exits, network size: 1469693579. socket_message_recv_latency(50th) 1 socket_message_recv_latency(75th) 2 socket_message_recv_latency(95th) 3 socket_message_recv_latency(99th) 4 internal_message_recv_latency(50th) 0 socket_message_recv_cnt 134354 socket_read_syscall 16855678 internal_message_recv_cnt 0
I1122 12:16:03.333539 353455 WALLogger.h:509] committed_txn_cnt 0 disk_sync_cnt 0 disk_sync_size 0
I1122 12:16:03.394050 353455 Coordinator.h:150] round_trip_latency 91 (50th) 97 (75th) 99 (95th) 99 (99th) 
I1122 12:16:03.394188 353455 Coordinator.h:400] Coordinator exits.
killing previous experiments...
killing previous experiments...
deleting log files...
initializing cxl memory...
I1122 12:16:31.951838 353626 bench_ycsb.cpp:66] RW_RATIO = 100, ZIPF_THETA = 0.99, CROSS_RATIO = 100
I1122 12:16:31.951907 353626 bench_ycsb.cpp:67] checkpoint 1 to 
I1122 12:16:31.951910 353626 bench_ycsb.cpp:68] cross_part_num 2
I1122 12:16:31.951912 353626 bench_ycsb.cpp:69] lotus_sp_parallel_exec_commit 0
I1122 12:16:31.951915 353626 bench_ycsb.cpp:70] granules_per_partition 2000
I1122 12:16:31.951917 353626 bench_ycsb.cpp:71] keysPerGranule 20
I1122 12:16:31.994921 353626 Database.h:81] ycsb initialization finished in 41 milliseconds.
I1122 12:16:32.045132 353626 CXLMemory.h:46] cxlalloc initialized for thread 0 (global ID = 0) on host 0
I1122 12:16:32.045156 353626 MPSCRingBuffer.h:35] entry_struct_size: 8192 entry_num: 10240
I1122 12:16:32.068130 353626 MPSCRingBuffer.h:35] entry_struct_size: 8192 entry_num: 10240
I1122 12:16:32.091117 353626 MPSCRingBuffer.h:35] entry_struct_size: 8192 entry_num: 10240
I1122 12:16:32.114097 353626 MPSCRingBuffer.h:35] entry_struct_size: 8192 entry_num: 10240
I1122 12:16:32.137073 353626 MPSCRingBuffer.h:35] entry_struct_size: 8192 entry_num: 10240
I1122 12:16:32.160046 353626 MPSCRingBuffer.h:35] entry_struct_size: 8192 entry_num: 10240
I1122 12:16:32.183070 353626 MPSCRingBuffer.h:35] entry_struct_size: 8192 entry_num: 10240
I1122 12:16:32.206056 353626 MPSCRingBuffer.h:35] entry_struct_size: 8192 entry_num: 10240
I1122 12:16:32.228996 353626 Coordinator.h:415] Coordinator 0 initializes CXL transport metadata (8 ringbuffers each with 10240 entries (each 8183 Bytes)
I1122 12:16:32.229172 353626 Coordinator.h:81] WAL Group Commiting to file [/root/pasha_log_group_commit.txt] using GroupCommit Logger
I1122 12:16:32.229179 353626 Coordinator.h:96] Coordinator initializes 3 workers.
I1122 12:16:32.229514 353631 Coordinator.h:452] Listener 0 on coordinator 0 listening on 192.168.100.2:1234 tcp_no_delay 1 tcp_quick_ack 0
I1122 12:16:32.229585 353626 Coordinator.h:498] Coordinator 0 failed to connect 1(192.168.100.3:1234)'s listener 0, retry in 5 seconds.
I1122 12:16:32.231200 353631 Socket.h:69] Disabling nagle
I1122 12:16:32.231207 353631 Coordinator.h:467] Listener accepted connection from coordinator 5
I1122 12:16:32.231215 353631 Socket.h:69] Disabling nagle
I1122 12:16:32.231217 353631 Coordinator.h:467] Listener accepted connection from coordinator 7
I1122 12:16:32.231222 353631 Socket.h:69] Disabling nagle
I1122 12:16:32.231225 353631 Coordinator.h:467] Listener accepted connection from coordinator 6
I1122 12:16:32.231446 353631 Socket.h:69] Disabling nagle
I1122 12:16:32.231449 353631 Coordinator.h:467] Listener accepted connection from coordinator 1
I1122 12:16:32.231455 353631 Socket.h:69] Disabling nagle
I1122 12:16:32.231457 353631 Coordinator.h:467] Listener accepted connection from coordinator 3
I1122 12:16:32.231463 353631 Socket.h:69] Disabling nagle
I1122 12:16:32.231465 353631 Coordinator.h:467] Listener accepted connection from coordinator 2
I1122 12:16:32.231470 353631 Socket.h:69] Disabling nagle
I1122 12:16:32.231472 353631 Coordinator.h:467] Listener accepted connection from coordinator 4
I1122 12:16:32.231474 353631 Coordinator.h:470] Listener 0 on coordinator 0 exits.
I1122 12:16:37.229806 353626 Socket.h:69] Disabling nagle
I1122 12:16:37.229820 353626 Coordinator.h:507] Coordinator 0 connected to 1
I1122 12:16:37.229911 353626 Socket.h:69] Disabling nagle
I1122 12:16:37.229923 353626 Coordinator.h:507] Coordinator 0 connected to 2
I1122 12:16:37.230001 353626 Socket.h:69] Disabling nagle
I1122 12:16:37.230006 353626 Coordinator.h:507] Coordinator 0 connected to 3
I1122 12:16:37.230088 353626 Socket.h:69] Disabling nagle
I1122 12:16:37.230094 353626 Coordinator.h:507] Coordinator 0 connected to 4
I1122 12:16:37.230170 353626 Socket.h:69] Disabling nagle
I1122 12:16:37.230173 353626 Coordinator.h:507] Coordinator 0 connected to 5
I1122 12:16:37.230232 353626 Socket.h:69] Disabling nagle
I1122 12:16:37.230234 353626 Coordinator.h:507] Coordinator 0 connected to 6
I1122 12:16:37.230295 353626 Socket.h:69] Disabling nagle
I1122 12:16:37.230298 353626 Coordinator.h:507] Coordinator 0 connected to 7
I1122 12:16:37.230304 353626 Coordinator.h:519] Coordinator 0 connected to all peers.
I1122 12:16:37.230311 353626 Dispatcher.h:38] IncomingDispatcher 0 coord_id 0
I1122 12:16:37.230355 353626 Dispatcher.h:210] OutgoingDispatcher 0 coord_id 0
I1122 12:16:37.230412 353626 Coordinator.h:608] pinned thread to core 0
I1122 12:16:37.230454 353632 Dispatcher.h:57] Incoming Dispatcher started, numCoordinators = 8, numWorkers = 3, group id = 0, coordinator = 0
I1122 12:16:37.230466 353626 Coordinator.h:608] pinned thread to core 1
I1122 12:16:37.230484 353626 Coordinator.h:211] Coordinator starts to run 4 workers.
I1122 12:16:37.230497 353633 WALLogger.h:452] logger thread started!
I1122 12:16:37.230518 353626 Coordinator.h:608] pinned thread to core 2
I1122 12:16:37.230535 353634 Executor.h:78] Executor 0 starts.
I1122 12:16:37.230599 353634 CXLMemory.h:46] cxlalloc initialized for thread 1 (global ID = 1) on host 0
I1122 12:16:37.230664 353626 Coordinator.h:608] pinned thread to core 3
I1122 12:16:37.230666 353635 Executor.h:78] Executor 1 starts.
I1122 12:16:37.230792 353635 CXLMemory.h:46] cxlalloc initialized for thread 2 (global ID = 2) on host 0
I1122 12:16:37.230854 353626 Coordinator.h:608] pinned thread to core 4
I1122 12:16:37.230858 353636 Executor.h:78] Executor 2 starts.
I1122 12:16:37.230983 353637 Manager.h:228] Manager(worker id = 3) on the coordinator node started.
I1122 12:16:37.231014 353636 CXLMemory.h:46] cxlalloc initialized for thread 3 (global ID = 3) on host 0
I1122 12:16:38.231040 353626 Coordinator.h:302] commit: 155227 abort: 0 (0/0/0), persistence latency 0, txn latency 0, queued lock latency 0, lock latency 0, active_txns 0, n_failed_read_lock 0, n_failed_write_lock 0, n_failed_cmd_not_ready 0, n_failed_no_cmd 0, network size: 19403375, avg network size: 125, si_in_serializable: 0 0 %, local: 100 %, local_access: 0, local_cxl_access: 0 (-nan%), remote_access: 0, remote_access_with_req: 0 (-nan%), data_move_in: 0, data_move_out: 0
I1122 12:16:39.231143 353626 Coordinator.h:302] commit: 160733 abort: 0 (0/0/0), persistence latency 0, txn latency 0, queued lock latency 0, lock latency 0, active_txns 0, n_failed_read_lock 0, n_failed_write_lock 0, n_failed_cmd_not_ready 0, n_failed_no_cmd 0, network size: 20091625, avg network size: 125, si_in_serializable: 0 0 %, local: 100 %, local_access: 0, local_cxl_access: 0 (-nan%), remote_access: 0, remote_access_with_req: 0 (-nan%), data_move_in: 0, data_move_out: 0
I1122 12:16:40.231206 353626 Coordinator.h:302] commit: 164308 abort: 0 (0/0/0), persistence latency 0, txn latency 0, queued lock latency 0, lock latency 0, active_txns 0, n_failed_read_lock 0, n_failed_write_lock 0, n_failed_cmd_not_ready 0, n_failed_no_cmd 0, network size: 20538500, avg network size: 125, si_in_serializable: 0 0 %, local: 100 %, local_access: 0, local_cxl_access: 0 (-nan%), remote_access: 0, remote_access_with_req: 0 (-nan%), data_move_in: 0, data_move_out: 0
I1122 12:16:41.231267 353626 Coordinator.h:302] commit: 164185 abort: 0 (0/0/0), persistence latency 0, txn latency 0, queued lock latency 0, lock latency 0, active_txns 0, n_failed_read_lock 0, n_failed_write_lock 0, n_failed_cmd_not_ready 0, n_failed_no_cmd 0, network size: 20523125, avg network size: 125, si_in_serializable: 0 0 %, local: 100 %, local_access: 0, local_cxl_access: 0 (-nan%), remote_access: 0, remote_access_with_req: 0 (-nan%), data_move_in: 0, data_move_out: 0
I1122 12:16:42.231323 353626 Coordinator.h:302] commit: 164263 abort: 0 (0/0/0), persistence latency 0, txn latency 0, queued lock latency 0, lock latency 0, active_txns 0, n_failed_read_lock 0, n_failed_write_lock 0, n_failed_cmd_not_ready 0, n_failed_no_cmd 0, network size: 20532875, avg network size: 125, si_in_serializable: 0 0 %, local: 100 %, local_access: 0, local_cxl_access: 0 (-nan%), remote_access: 0, remote_access_with_req: 0 (-nan%), data_move_in: 0, data_move_out: 0
I1122 12:16:43.231380 353626 Coordinator.h:302] commit: 164032 abort: 0 (0/0/0), persistence latency 0, txn latency 0, queued lock latency 0, lock latency 0, active_txns 0, n_failed_read_lock 0, n_failed_write_lock 0, n_failed_cmd_not_ready 0, n_failed_no_cmd 0, network size: 20504000, avg network size: 125, si_in_serializable: 0 0 %, local: 100 %, local_access: 0, local_cxl_access: 0 (-nan%), remote_access: 0, remote_access_with_req: 0 (-nan%), data_move_in: 0, data_move_out: 0
I1122 12:16:44.231438 353626 Coordinator.h:302] commit: 163872 abort: 0 (0/0/0), persistence latency 0, txn latency 0, queued lock latency 0, lock latency 0, active_txns 0, n_failed_read_lock 0, n_failed_write_lock 0, n_failed_cmd_not_ready 0, n_failed_no_cmd 0, network size: 20484000, avg network size: 125, si_in_serializable: 0 0 %, local: 100 %, local_access: 0, local_cxl_access: 0 (-nan%), remote_access: 0, remote_access_with_req: 0 (-nan%), data_move_in: 0, data_move_out: 0
I1122 12:16:45.231499 353626 Coordinator.h:302] commit: 162396 abort: 0 (0/0/0), persistence latency 0, txn latency 0, queued lock latency 0, lock latency 0, active_txns 0, n_failed_read_lock 0, n_failed_write_lock 0, n_failed_cmd_not_ready 0, n_failed_no_cmd 0, network size: 20299500, avg network size: 125, si_in_serializable: 0 0 %, local: 100 %, local_access: 0, local_cxl_access: 0 (-nan%), remote_access: 0, remote_access_with_req: 0 (-nan%), data_move_in: 0, data_move_out: 0
I1122 12:16:46.231561 353626 Coordinator.h:302] commit: 162831 abort: 0 (0/0/0), persistence latency 0, txn latency 0, queued lock latency 0, lock latency 0, active_txns 0, n_failed_read_lock 0, n_failed_write_lock 0, n_failed_cmd_not_ready 0, n_failed_no_cmd 0, network size: 20353875, avg network size: 125, si_in_serializable: 0 0 %, local: 100 %, local_access: 0, local_cxl_access: 0 (-nan%), remote_access: 0, remote_access_with_req: 0 (-nan%), data_move_in: 0, data_move_out: 0
I1122 12:16:47.231612 353626 Coordinator.h:302] commit: 161954 abort: 0 (0/0/0), persistence latency 0, txn latency 0, queued lock latency 0, lock latency 0, active_txns 0, n_failed_read_lock 0, n_failed_write_lock 0, n_failed_cmd_not_ready 0, n_failed_no_cmd 0, network size: 20244250, avg network size: 125, si_in_serializable: 0 0 %, local: 100 %, local_access: 0, local_cxl_access: 0 (-nan%), remote_access: 0, remote_access_with_req: 0 (-nan%), data_move_in: 0, data_move_out: 0
I1122 12:16:47.231639 353626 Coordinator.h:340] average commit: 163017 abort: 0 (0/0/0), abort_rate: 0, network size: 101885625, avg network size: 125, si_in_serializable: 0 0 %, local: 100 %, local_access: 0, local_cxl_access: 0 (-nan%), remote_access: 0, remote_access_with_req: 0 (-nan%), data_move_in: 0, data_move_out: 0
I1122 12:16:47.231649 353626 Executor.h:221] Worker 0 latency: 16 us (50%) 18 us (75%) 24 us (95%) 32 us (99%). dist txn latency: 16 us (50%) 18 us (75%) 24 us (95%) 32 us (99%)  avg 16 us . local txn latency: 0 us (50%) 0 us (75%) 0 us (95%) 0 us (99%)  avg 0 us. txn commit latency: 16 us (50%) 18 us (75%) 24 us (95%) 31 us (99%) avg 16 us.
 LOCAL txn stall 0 us,  local_work 0 us,  remote_work 0 us,  commit_work 0 us,  commit_prepare 0 us,  commit_persistence 0 us,  commit_write_back 0 us,  commit_replication 0 us,  commit_release_lock 0 us 
 DIST txn stall 0 us,  local_work 1 us,  remote_work 12 us,  commit_work 0 us,  commit_prepare 0 us,  commit_persistence 0 us,  commit_write_back 0 us,  commit_replication 0 us,  commit_release_lock 0 us 
I1122 12:16:47.233949 353626 Executor.h:252] message stats, type: 0 count: 0 total size: 0
I1122 12:16:47.233953 353626 Executor.h:252] message stats, type: 1 count: 0 total size: 0
I1122 12:16:47.233955 353626 Executor.h:252] message stats, type: 2 count: 0 total size: 0
I1122 12:16:47.233958 353626 Executor.h:252] message stats, type: 3 count: 0 total size: 0
I1122 12:16:47.233959 353626 Executor.h:252] message stats, type: 4 count: 0 total size: 0
I1122 12:16:47.233961 353626 Executor.h:252] message stats, type: 5 count: 0 total size: 0
I1122 12:16:47.233963 353626 Executor.h:252] message stats, type: 6 count: 0 total size: 0
I1122 12:16:47.233965 353626 Executor.h:252] message stats, type: 7 count: 0 total size: 0
I1122 12:16:47.233968 353626 Executor.h:252] message stats, type: 8 count: 0 total size: 0
I1122 12:16:47.233969 353626 Executor.h:252] message stats, type: 9 count: 0 total size: 0
I1122 12:16:47.233970 353626 Executor.h:252] message stats, type: 10 count: 0 total size: 0
I1122 12:16:47.233973 353626 Executor.h:252] message stats, type: 11 count: 0 total size: 0
I1122 12:16:47.233974 353626 Executor.h:252] message stats, type: 12 count: 2685845 total size: 67146125
I1122 12:16:47.233976 353626 Executor.h:252] message stats, type: 13 count: 2698770 total size: 377827800
I1122 12:16:47.233978 353626 Executor.h:252] message stats, type: 14 count: 0 total size: 0
I1122 12:16:47.233980 353626 Executor.h:252] message stats, type: 15 count: 0 total size: 0
I1122 12:16:47.233983 353626 Executor.h:252] message stats, type: 16 count: 0 total size: 0
I1122 12:16:47.236541 353634 Executor.h:216] Executor 0 exits.
I1122 12:16:47.236553 353637 Manager.h:230] Manager(worker id = 3) on the coordinator node exits.
I1122 12:16:47.236541 353635 Executor.h:216] Executor 1 exits.
I1122 12:16:47.236541 353636 Executor.h:216] Executor 2 exits.
I1122 12:16:47.236806 353626 Executor.h:221] Worker 1 latency: 16 us (50%) 18 us (75%) 24 us (95%) 32 us (99%). dist txn latency: 16 us (50%) 18 us (75%) 24 us (95%) 32 us (99%)  avg 16 us . local txn latency: 0 us (50%) 0 us (75%) 0 us (95%) 0 us (99%)  avg 0 us. txn commit latency: 16 us (50%) 18 us (75%) 24 us (95%) 31 us (99%) avg 16 us.
 LOCAL txn stall 0 us,  local_work 0 us,  remote_work 0 us,  commit_work 0 us,  commit_prepare 0 us,  commit_persistence 0 us,  commit_write_back 0 us,  commit_replication 0 us,  commit_release_lock 0 us 
 DIST txn stall 0 us,  local_work 1 us,  remote_work 12 us,  commit_work 0 us,  commit_prepare 0 us,  commit_persistence 0 us,  commit_write_back 0 us,  commit_replication 0 us,  commit_release_lock 0 us 
I1122 12:16:47.239118 353626 Executor.h:221] Worker 2 latency: 16 us (50%) 18 us (75%) 24 us (95%) 32 us (99%). dist txn latency: 16 us (50%) 18 us (75%) 24 us (95%) 31 us (99%)  avg 16 us . local txn latency: 0 us (50%) 0 us (75%) 0 us (95%) 0 us (99%)  avg 0 us. txn commit latency: 16 us (50%) 18 us (75%) 24 us (95%) 31 us (99%) avg 16 us.
 LOCAL txn stall 0 us,  local_work 0 us,  remote_work 0 us,  commit_work 0 us,  commit_prepare 0 us,  commit_persistence 0 us,  commit_write_back 0 us,  commit_replication 0 us,  commit_release_lock 0 us 
 DIST txn stall 0 us,  local_work 1 us,  remote_work 12 us,  commit_work 0 us,  commit_prepare 0 us,  commit_persistence 0 us,  commit_write_back 0 us,  commit_replication 0 us,  commit_release_lock 0 us 
I1122 12:16:47.241375 353626 CXLMemory.h:143] local CXL memory usage: size_index_usage: 0 size_metadata_usage: 0 size_data_usage: 0 size_transport_usage: 671089088
I1122 12:16:47.241556 353626 Coordinator.h:581] Global Stats: total_commit: 1.29907e+06 total_size_index_usage: 0 total_size_metadata_usage: 0 total_size_data_usage: 0 total_size_transport_usage: 671089088
I1122 12:16:48.241636 353632 Dispatcher.h:154] Incoming Dispatcher exits, network size: 1520297844. socket_message_recv_latency(50th) 1 socket_message_recv_latency(75th) 2 socket_message_recv_latency(95th) 3 socket_message_recv_latency(99th) 4 internal_message_recv_latency(50th) 0 socket_message_recv_cnt 141385 socket_read_syscall 16749110 internal_message_recv_cnt 0
I1122 12:16:48.244944 353626 WALLogger.h:509] committed_txn_cnt 0 disk_sync_cnt 0 disk_sync_size 0
I1122 12:16:48.286538 353626 Coordinator.h:150] round_trip_latency 42 (50th) 45 (75th) 50 (95th) 50 (99th) 
I1122 12:16:48.286670 353626 Coordinator.h:400] Coordinator exits.
killing previous experiments...
