I1125 08:00:49.169965 514182 Executor.h:78] Executor 0 starts.
I1125 08:00:49.170013 514182 CXLMemory.h:46] cxlalloc initialized for thread 1 (global ID = 1) on host 0
I1125 08:00:49.170054 514183 Executor.h:78] Executor 1 starts.
I1125 08:00:49.170048 514174 Coordinator.h:608] pinned thread to core 3
I1125 08:00:49.170150 514183 CXLMemory.h:46] cxlalloc initialized for thread 2 (global ID = 2) on host 0
I1125 08:00:49.170238 514174 Coordinator.h:608] pinned thread to core 4
I1125 08:00:49.170243 514184 Executor.h:78] Executor 2 starts.
I1125 08:00:49.170411 514185 Manager.h:228] Manager(worker id = 3) on the coordinator node started.
I1125 08:00:49.170418 514184 CXLMemory.h:46] cxlalloc initialized for thread 3 (global ID = 3) on host 0
I1125 08:00:50.170457 514174 Coordinator.h:302] commit: 418169 abort: 0 (0/0/0), persistence latency 0, txn latency 0, queued lock latency 0, lock latency 0, active_txns 0, n_failed_read_lock 0, n_failed_write_lock 0, n_failed_cmd_not_ready 0, n_failed_no_cmd 0, network size: 0, avg network size: 0, si_in_serializable: 0 0 %, local: 0 %, local_access: 2299605, local_cxl_access: 0 (0%), remote_access: 1882095, remote_access_with_req: 0 (0%), data_move_in: 40961, data_move_out: 0
I1125 08:00:51.170805 514174 Coordinator.h:302] commit: 417688 abort: 0 (0/0/0), persistence latency 0, txn latency 0, queued lock latency 0, lock latency 0, active_txns 0, n_failed_read_lock 0, n_failed_write_lock 0, n_failed_cmd_not_ready 0, n_failed_no_cmd 0, network size: 0, avg network size: 0, si_in_serializable: 0 0 %, local: 0 %, local_access: 2297794, local_cxl_access: 0 (0%), remote_access: 1879099, remote_access_with_req: 0 (0%), data_move_in: 0, data_move_out: 0
I1125 08:00:52.171043 514174 Coordinator.h:302] commit: 395921 abort: 0 (0/0/0), persistence latency 0, txn latency 0, queued lock latency 0, lock latency 0, active_txns 0, n_failed_read_lock 0, n_failed_write_lock 0, n_failed_cmd_not_ready 0, n_failed_no_cmd 0, network size: 0, avg network size: 0, si_in_serializable: 0 0 %, local: 0 %, local_access: 2176756, local_cxl_access: 0 (0%), remote_access: 1782431, remote_access_with_req: 0 (0%), data_move_in: 0, data_move_out: 0
I1125 08:00:53.171267 514174 Coordinator.h:302] commit: 421951 abort: 0 (0/0/0), persistence latency 0, txn latency 0, queued lock latency 0, lock latency 0, active_txns 0, n_failed_read_lock 0, n_failed_write_lock 0, n_failed_cmd_not_ready 0, n_failed_no_cmd 0, network size: 0, avg network size: 0, si_in_serializable: 0 0 %, local: 0 %, local_access: 2321937, local_cxl_access: 0 (0%), remote_access: 1897587, remote_access_with_req: 0 (0%), data_move_in: 0, data_move_out: 0
I1125 08:00:54.171496 514174 Coordinator.h:302] commit: 425067 abort: 0 (0/0/0), persistence latency 0, txn latency 0, queued lock latency 0, lock latency 0, active_txns 0, n_failed_read_lock 0, n_failed_write_lock 0, n_failed_cmd_not_ready 0, n_failed_no_cmd 0, network size: 0, avg network size: 0, si_in_serializable: 0 0 %, local: 0 %, local_access: 2337721, local_cxl_access: 0 (0%), remote_access: 1912947, remote_access_with_req: 0 (0%), data_move_in: 0, data_move_out: 0
I1125 08:00:55.171705 514174 Coordinator.h:302] commit: 406766 abort: 0 (0/0/0), persistence latency 0, txn latency 0, queued lock latency 0, lock latency 0, active_txns 0, n_failed_read_lock 0, n_failed_write_lock 0, n_failed_cmd_not_ready 0, n_failed_no_cmd 0, network size: 0, avg network size: 0, si_in_serializable: 0 0 %, local: 0 %, local_access: 2237346, local_cxl_access: 0 (0%), remote_access: 1830307, remote_access_with_req: 0 (0%), data_move_in: 0, data_move_out: 0
I1125 08:00:56.171913 514174 Coordinator.h:302] commit: 408995 abort: 0 (0/0/0), persistence latency 0, txn latency 0, queued lock latency 0, lock latency 0, active_txns 0, n_failed_read_lock 0, n_failed_write_lock 0, n_failed_cmd_not_ready 0, n_failed_no_cmd 0, network size: 0, avg network size: 0, si_in_serializable: 0 0 %, local: 0 %, local_access: 2249506, local_cxl_access: 0 (0%), remote_access: 1840449, remote_access_with_req: 0 (0%), data_move_in: 0, data_move_out: 0
I1125 08:00:57.172152 514174 Coordinator.h:302] commit: 404389 abort: 0 (0/0/0), persistence latency 0, txn latency 0, queued lock latency 0, lock latency 0, active_txns 0, n_failed_read_lock 0, n_failed_write_lock 0, n_failed_cmd_not_ready 0, n_failed_no_cmd 0, network size: 0, avg network size: 0, si_in_serializable: 0 0 %, local: 0 %, local_access: 2223310, local_cxl_access: 0 (0%), remote_access: 1820588, remote_access_with_req: 0 (0%), data_move_in: 0, data_move_out: 0
I1125 08:00:58.172345 514174 Coordinator.h:302] commit: 408453 abort: 0 (0/0/0), persistence latency 0, txn latency 0, queued lock latency 0, lock latency 0, active_txns 0, n_failed_read_lock 0, n_failed_write_lock 0, n_failed_cmd_not_ready 0, n_failed_no_cmd 0, network size: 0, avg network size: 0, si_in_serializable: 0 0 %, local: 0 %, local_access: 2246705, local_cxl_access: 0 (0%), remote_access: 1837827, remote_access_with_req: 0 (0%), data_move_in: 0, data_move_out: 0
I1125 08:00:59.172586 514174 Coordinator.h:302] commit: 402554 abort: 0 (0/0/0), persistence latency 0, txn latency 0, queued lock latency 0, lock latency 0, active_txns 0, n_failed_read_lock 0, n_failed_write_lock 0, n_failed_cmd_not_ready 0, n_failed_no_cmd 0, network size: 0, avg network size: 0, si_in_serializable: 0 0 %, local: 0 %, local_access: 2216006, local_cxl_access: 0 (0%), remote_access: 1809522, remote_access_with_req: 0 (0%), data_move_in: 0, data_move_out: 0
I1125 08:00:59.172791 514174 Coordinator.h:340] average commit: 406231 abort: 0 (0/0/0), abort_rate: 0, network size: 0, avg network size: 0, si_in_serializable: 0 0 %, local: 0 %, local_access: 11172873, local_cxl_access: 0 (0%), remote_access: 9138693, remote_access_with_req: 0 (0%), data_move_in: 0, data_move_out: 0
I1125 08:00:59.172888 514174 Executor.h:221] Worker 0 latency: 6 us (50%) 7 us (75%) 7 us (95%) 8 us (99%). dist txn latency: 6 us (50%) 7 us (75%) 7 us (95%) 8 us (99%)  avg 6 us . local txn latency: 6 us (50%) 6 us (75%) 7 us (95%) 8 us (99%)  avg 6 us. txn commit latency: 6 us (50%) 7 us (75%) 7 us (95%) 8 us (99%) avg 6 us.
 LOCAL txn stall 0 us,  local_work 3 us,  remote_work 0 us,  commit_work 0 us,  commit_prepare 0 us,  commit_persistence 0 us,  commit_write_back 0 us,  commit_replication 0 us,  commit_release_lock 0 us 
 DIST txn stall 0 us,  local_work 3 us,  remote_work 0 us,  commit_work 1 us,  commit_prepare 0 us,  commit_persistence 0 us,  commit_write_back 0 us,  commit_replication 0 us,  commit_release_lock 0 us 
I1125 08:00:59.176879 514174 Executor.h:252] message stats, type: 0 count: 0 total size: 0
I1125 08:00:59.176965 514174 Executor.h:252] message stats, type: 1 count: 0 total size: 0
I1125 08:00:59.177039 514174 Executor.h:252] message stats, type: 2 count: 0 total size: 0
I1125 08:00:59.177110 514174 Executor.h:252] message stats, type: 3 count: 0 total size: 0
I1125 08:00:59.177181 514174 Executor.h:252] message stats, type: 4 count: 0 total size: 0
I1125 08:00:59.177268 514174 Executor.h:252] message stats, type: 5 count: 0 total size: 0
I1125 08:00:59.177340 514174 Executor.h:252] message stats, type: 6 count: 0 total size: 0
I1125 08:00:59.177412 514174 Executor.h:252] message stats, type: 7 count: 0 total size: 0
I1125 08:00:59.177482 514174 Executor.h:252] message stats, type: 8 count: 0 total size: 0
I1125 08:00:59.177552 514174 Executor.h:252] message stats, type: 9 count: 0 total size: 0
I1125 08:00:59.177623 514174 Executor.h:252] message stats, type: 10 count: 0 total size: 0
I1125 08:00:59.177692 514174 Executor.h:252] message stats, type: 11 count: 0 total size: 0
I1125 08:00:59.197643 514182 Executor.h:216] Executor 0 exits.
I1125 08:00:59.197643 514183 Executor.h:216] Executor 1 exits.
I1125 08:00:59.197643 514184 Executor.h:216] Executor 2 exits.
I1125 08:00:59.198010 514174 Executor.h:221] Worker 1 latency: 6 us (50%) 6 us (75%) 7 us (95%) 8 us (99%). dist txn latency: 6 us (50%) 6 us (75%) 7 us (95%) 8 us (99%)  avg 6 us . local txn latency: 6 us (50%) 6 us (75%) 7 us (95%) 8 us (99%)  avg 5 us. txn commit latency: 6 us (50%) 6 us (75%) 7 us (95%) 8 us (99%) avg 6 us.
 LOCAL txn stall 0 us,  local_work 3 us,  remote_work 0 us,  commit_work 0 us,  commit_prepare 0 us,  commit_persistence 0 us,  commit_write_back 0 us,  commit_replication 0 us,  commit_release_lock 0 us 
 DIST txn stall 0 us,  local_work 3 us,  remote_work 0 us,  commit_work 1 us,  commit_prepare 0 us,  commit_persistence 0 us,  commit_write_back 0 us,  commit_replication 0 us,  commit_release_lock 0 us 
I1125 08:00:59.204944 514185 Manager.h:230] Manager(worker id = 3) on the coordinator node exits.
I1125 08:00:59.201920 514174 Executor.h:221] Worker 2 latency: 6 us (50%) 6 us (75%) 7 us (95%) 8 us (99%). dist txn latency: 6 us (50%) 6 us (75%) 7 us (95%) 8 us (99%)  avg 6 us . local txn latency: 6 us (50%) 6 us (75%) 7 us (95%) 8 us (99%)  avg 5 us. txn commit latency: 6 us (50%) 6 us (75%) 7 us (95%) 8 us (99%) avg 6 us.
 LOCAL txn stall 0 us,  local_work 3 us,  remote_work 0 us,  commit_work 0 us,  commit_prepare 0 us,  commit_persistence 0 us,  commit_write_back 0 us,  commit_replication 0 us,  commit_release_lock 0 us 
 DIST txn stall 0 us,  local_work 3 us,  remote_work 0 us,  commit_work 1 us,  commit_prepare 0 us,  commit_persistence 0 us,  commit_write_back 0 us,  commit_replication 0 us,  commit_release_lock 0 us 
I1125 08:00:59.205708 514174 CXLMemory.h:143] local CXL memory usage: size_index_usage: 1707152 size_metadata_usage: 5898384 size_data_usage: 4505710 size_transport_usage: 33554880
I1125 08:00:59.205713 514174 SCCManager.h:37] software cache-coherence statistics: num_clflush: 286633 num_clwb: 40961 num_cache_hit: 40814157 num_cache_miss: 286633 cache hit rate: 99.3026%
I1125 08:00:59.208453 514174 Coordinator.h:581] Global Stats: total_commit: 3.20545e+06 total_size_index_usage: 13414400 total_size_metadata_usage: 47187072 total_size_data_usage: 36045680 total_size_transport_usage: 33554880
I1125 08:01:00.208487 514180 Dispatcher.h:154] Incoming Dispatcher exits, network size: 1652. socket_message_recv_latency(50th) 1 socket_message_recv_latency(75th) 1 socket_message_recv_latency(95th) 1 socket_message_recv_latency(99th) 1 internal_message_recv_latency(50th) 0 socket_message_recv_cnt 1 socket_read_syscall 20233542 internal_message_recv_cnt 0
I1125 08:01:00.208688 514174 WALLogger.h:536] Group Commit Stats: 0 us (50%) 0 us (75%) 0 us (95%) 0 us (99%) 0 us (avg) committed_txn_cnt 0
I1125 08:01:00.208699 514174 WALLogger.h:542] Queuing Stats: 0 us (50%) 0 us (75%) 0 us (95%) 0 us (99%) 0 us (avg)
I1125 08:01:00.208702 514174 WALLogger.h:547] Disk Sync Stats: 0 us (50%) 0 us (75%) 0 us (95%) 0 us (99%) 0 us (avg) disk_sync_cnt 0 disk_sync_size 0 current global epoch 731917
I1125 08:01:00.265987 514174 Coordinator.h:150] round_trip_latency 59 (50th) 62 (75th) 70 (95th) 70 (99th) 
I1125 08:01:00.266191 514174 Coordinator.h:400] Coordinator exits.
killing previous experiments...
killing previous experiments...
deleting log files...
initializing cxl memory...
I1125 08:01:30.704952 514387 bench_ycsb.cpp:66] RW_RATIO = 100, ZIPF_THETA = 0.99, CROSS_RATIO = 100
I1125 08:01:30.705018 514387 bench_ycsb.cpp:67] checkpoint 1 to 
I1125 08:01:30.705022 514387 bench_ycsb.cpp:68] cross_part_num 2
I1125 08:01:30.705024 514387 bench_ycsb.cpp:69] lotus_sp_parallel_exec_commit 0
I1125 08:01:30.705026 514387 bench_ycsb.cpp:70] granules_per_partition 2000
I1125 08:01:30.705029 514387 bench_ycsb.cpp:71] keysPerGranule 20
I1125 08:01:30.748371 514387 Database.h:81] ycsb initialization finished in 42 milliseconds.
I1125 08:01:30.798422 514387 CXLMemory.h:46] cxlalloc initialized for thread 0 (global ID = 0) on host 0
I1125 08:01:30.798450 514387 MPSCRingBuffer.h:35] entry_struct_size: 1024 entry_num: 4096
I1125 08:01:30.799757 514387 MPSCRingBuffer.h:35] entry_struct_size: 1024 entry_num: 4096
I1125 08:01:30.801041 514387 MPSCRingBuffer.h:35] entry_struct_size: 1024 entry_num: 4096
I1125 08:01:30.802392 514387 MPSCRingBuffer.h:35] entry_struct_size: 1024 entry_num: 4096
I1125 08:01:30.803663 514387 MPSCRingBuffer.h:35] entry_struct_size: 1024 entry_num: 4096
I1125 08:01:30.804945 514387 MPSCRingBuffer.h:35] entry_struct_size: 1024 entry_num: 4096
I1125 08:01:30.806236 514387 MPSCRingBuffer.h:35] entry_struct_size: 1024 entry_num: 4096
I1125 08:01:30.807509 514387 MPSCRingBuffer.h:35] entry_struct_size: 1024 entry_num: 4096
I1125 08:01:30.808768 514387 Coordinator.h:415] Coordinator 0 initializes CXL transport metadata (8 ringbuffers each with 4096 entries (each 1015 Bytes)
I1125 08:01:30.808974 514387 Coordinator.h:81] WAL Group Commiting to file [/root/pasha_log_group_commit.txt] using GroupCommit Logger
I1125 08:01:30.808982 514387 Coordinator.h:96] Coordinator initializes 3 workers.
I1125 08:01:30.809144 514387 Database.h:227] YCSB initializes data migration metadata
I1125 08:01:30.845955 514392 Coordinator.h:452] Listener 0 on coordinator 0 listening on 192.168.100.2:1234 tcp_no_delay 1 tcp_quick_ack 0
I1125 08:01:30.846141 514387 Coordinator.h:498] Coordinator 0 failed to connect 1(192.168.100.3:1234)'s listener 0, retry in 5 seconds.
I1125 08:01:30.846369 514392 Socket.h:69] Disabling nagle
I1125 08:01:30.846375 514392 Coordinator.h:467] Listener accepted connection from coordinator 3
I1125 08:01:30.847378 514392 Socket.h:69] Disabling nagle
I1125 08:01:30.847383 514392 Coordinator.h:467] Listener accepted connection from coordinator 2
I1125 08:01:30.847791 514392 Socket.h:69] Disabling nagle
I1125 08:01:30.847796 514392 Coordinator.h:467] Listener accepted connection from coordinator 7
I1125 08:01:30.848553 514392 Socket.h:69] Disabling nagle
I1125 08:01:30.848558 514392 Coordinator.h:467] Listener accepted connection from coordinator 1
I1125 08:01:30.849062 514392 Socket.h:69] Disabling nagle
I1125 08:01:30.849066 514392 Coordinator.h:467] Listener accepted connection from coordinator 5
I1125 08:01:30.849073 514392 Socket.h:69] Disabling nagle
I1125 08:01:30.849076 514392 Coordinator.h:467] Listener accepted connection from coordinator 6
I1125 08:01:30.849081 514392 Socket.h:69] Disabling nagle
I1125 08:01:30.849083 514392 Coordinator.h:467] Listener accepted connection from coordinator 4
I1125 08:01:30.849085 514392 Coordinator.h:470] Listener 0 on coordinator 0 exits.
I1125 08:01:35.846365 514387 Socket.h:69] Disabling nagle
I1125 08:01:35.846379 514387 Coordinator.h:507] Coordinator 0 connected to 1
I1125 08:01:35.846546 514387 Socket.h:69] Disabling nagle
I1125 08:01:35.846555 514387 Coordinator.h:507] Coordinator 0 connected to 2
I1125 08:01:35.846688 514387 Socket.h:69] Disabling nagle
I1125 08:01:35.846694 514387 Coordinator.h:507] Coordinator 0 connected to 3
I1125 08:01:35.846832 514387 Socket.h:69] Disabling nagle
I1125 08:01:35.846838 514387 Coordinator.h:507] Coordinator 0 connected to 4
I1125 08:01:35.846946 514387 Socket.h:69] Disabling nagle
I1125 08:01:35.846951 514387 Coordinator.h:507] Coordinator 0 connected to 5
I1125 08:01:35.847081 514387 Socket.h:69] Disabling nagle
I1125 08:01:35.847086 514387 Coordinator.h:507] Coordinator 0 connected to 6
I1125 08:01:35.847168 514387 Socket.h:69] Disabling nagle
I1125 08:01:35.847177 514387 Coordinator.h:507] Coordinator 0 connected to 7
I1125 08:01:35.847188 514387 Coordinator.h:519] Coordinator 0 connected to all peers.
I1125 08:01:35.847348 514387 Dispatcher.h:38] IncomingDispatcher 0 coord_id 0
I1125 08:01:35.847381 514387 Dispatcher.h:210] OutgoingDispatcher 0 coord_id 0
I1125 08:01:35.847435 514387 Coordinator.h:608] pinned thread to core 0
I1125 08:01:35.847517 514393 Dispatcher.h:57] Incoming Dispatcher started, numCoordinators = 8, numWorkers = 3, group id = 0, coordinator = 0
I1125 08:01:35.847538 514387 Coordinator.h:608] pinned thread to core 1
I1125 08:01:35.847607 514394 WALLogger.h:456] logger thread started!
I1125 08:01:35.847715 514387 Coordinator.h:211] Coordinator starts to run 4 workers.
I1125 08:01:35.847796 514387 Coordinator.h:608] pinned thread to core 2
I1125 08:01:35.847803 514395 Executor.h:78] Executor 0 starts.
I1125 08:01:35.847919 514387 Coordinator.h:608] pinned thread to core 3
I1125 08:01:35.847923 514396 Executor.h:78] Executor 1 starts.
I1125 08:01:35.847991 514395 CXLMemory.h:46] cxlalloc initialized for thread 1 (global ID = 1) on host 0
I1125 08:01:35.848040 514396 CXLMemory.h:46] cxlalloc initialized for thread 2 (global ID = 2) on host 0
I1125 08:01:35.848042 514387 Coordinator.h:608] pinned thread to core 4
I1125 08:01:35.848125 514398 Manager.h:228] Manager(worker id = 3) on the coordinator node started.
I1125 08:01:35.848163 514397 Executor.h:78] Executor 2 starts.
I1125 08:01:35.848330 514397 CXLMemory.h:46] cxlalloc initialized for thread 3 (global ID = 3) on host 0
I1125 08:01:36.848194 514387 Coordinator.h:302] commit: 414873 abort: 0 (0/0/0), persistence latency 0, txn latency 0, queued lock latency 0, lock latency 0, active_txns 0, n_failed_read_lock 0, n_failed_write_lock 0, n_failed_cmd_not_ready 0, n_failed_no_cmd 0, network size: 0, avg network size: 0, si_in_serializable: 0 0 %, local: 0 %, local_access: 2074372, local_cxl_access: 0 (0%), remote_access: 2074373, remote_access_with_req: 0 (0%), data_move_in: 40961, data_move_out: 0
I1125 08:01:37.848515 514387 Coordinator.h:302] commit: 420821 abort: 0 (0/0/0), persistence latency 0, txn latency 0, queued lock latency 0, lock latency 0, active_txns 0, n_failed_read_lock 0, n_failed_write_lock 0, n_failed_cmd_not_ready 0, n_failed_no_cmd 0, network size: 0, avg network size: 0, si_in_serializable: 0 0 %, local: 0 %, local_access: 2104103, local_cxl_access: 0 (0%), remote_access: 2104103, remote_access_with_req: 0 (0%), data_move_in: 0, data_move_out: 0
I1125 08:01:38.848729 514387 Coordinator.h:302] commit: 405814 abort: 0 (0/0/0), persistence latency 0, txn latency 0, queued lock latency 0, lock latency 0, active_txns 0, n_failed_read_lock 0, n_failed_write_lock 0, n_failed_cmd_not_ready 0, n_failed_no_cmd 0, network size: 0, avg network size: 0, si_in_serializable: 0 0 %, local: 0 %, local_access: 2029071, local_cxl_access: 0 (0%), remote_access: 2029072, remote_access_with_req: 0 (0%), data_move_in: 0, data_move_out: 0
I1125 08:01:39.848973 514387 Coordinator.h:302] commit: 398458 abort: 0 (0/0/0), persistence latency 0, txn latency 0, queued lock latency 0, lock latency 0, active_txns 0, n_failed_read_lock 0, n_failed_write_lock 0, n_failed_cmd_not_ready 0, n_failed_no_cmd 0, network size: 0, avg network size: 0, si_in_serializable: 0 0 %, local: 0 %, local_access: 1992294, local_cxl_access: 0 (0%), remote_access: 1992292, remote_access_with_req: 0 (0%), data_move_in: 0, data_move_out: 0
I1125 08:01:40.849273 514387 Coordinator.h:302] commit: 413385 abort: 0 (0/0/0), persistence latency 0, txn latency 0, queued lock latency 0, lock latency 0, active_txns 0, n_failed_read_lock 0, n_failed_write_lock 0, n_failed_cmd_not_ready 0, n_failed_no_cmd 0, network size: 0, avg network size: 0, si_in_serializable: 0 0 %, local: 0 %, local_access: 2066923, local_cxl_access: 0 (0%), remote_access: 2066923, remote_access_with_req: 0 (0%), data_move_in: 0, data_move_out: 0
I1125 08:01:41.849614 514387 Coordinator.h:302] commit: 399005 abort: 0 (0/0/0), persistence latency 0, txn latency 0, queued lock latency 0, lock latency 0, active_txns 0, n_failed_read_lock 0, n_failed_write_lock 0, n_failed_cmd_not_ready 0, n_failed_no_cmd 0, network size: 0, avg network size: 0, si_in_serializable: 0 0 %, local: 0 %, local_access: 1995026, local_cxl_access: 0 (0%), remote_access: 1995026, remote_access_with_req: 0 (0%), data_move_in: 0, data_move_out: 0
I1125 08:01:42.849860 514387 Coordinator.h:302] commit: 366742 abort: 0 (0/0/0), persistence latency 0, txn latency 0, queued lock latency 0, lock latency 0, active_txns 0, n_failed_read_lock 0, n_failed_write_lock 0, n_failed_cmd_not_ready 0, n_failed_no_cmd 0, network size: 0, avg network size: 0, si_in_serializable: 0 0 %, local: 0 %, local_access: 1833708, local_cxl_access: 0 (0%), remote_access: 1833708, remote_access_with_req: 0 (0%), data_move_in: 0, data_move_out: 0
I1125 08:01:43.849975 514387 Coordinator.h:302] commit: 376150 abort: 0 (0/0/0), persistence latency 0, txn latency 0, queued lock latency 0, lock latency 0, active_txns 0, n_failed_read_lock 0, n_failed_write_lock 0, n_failed_cmd_not_ready 0, n_failed_no_cmd 0, network size: 0, avg network size: 0, si_in_serializable: 0 0 %, local: 0 %, local_access: 1880753, local_cxl_access: 0 (0%), remote_access: 1880754, remote_access_with_req: 0 (0%), data_move_in: 0, data_move_out: 0
I1125 08:01:44.850091 514387 Coordinator.h:302] commit: 336716 abort: 0 (0/0/0), persistence latency 0, txn latency 0, queued lock latency 0, lock latency 0, active_txns 0, n_failed_read_lock 0, n_failed_write_lock 0, n_failed_cmd_not_ready 0, n_failed_no_cmd 0, network size: 0, avg network size: 0, si_in_serializable: 0 0 %, local: 0 %, local_access: 1683575, local_cxl_access: 0 (0%), remote_access: 1683577, remote_access_with_req: 0 (0%), data_move_in: 0, data_move_out: 0
I1125 08:01:45.850206 514387 Coordinator.h:302] commit: 365491 abort: 0 (0/0/0), persistence latency 0, txn latency 0, queued lock latency 0, lock latency 0, active_txns 0, n_failed_read_lock 0, n_failed_write_lock 0, n_failed_cmd_not_ready 0, n_failed_no_cmd 0, network size: 0, avg network size: 0, si_in_serializable: 0 0 %, local: 0 %, local_access: 1827456, local_cxl_access: 0 (0%), remote_access: 1827455, remote_access_with_req: 0 (0%), data_move_in: 0, data_move_out: 0
I1125 08:01:45.850255 514387 Coordinator.h:340] average commit: 368821 abort: 0 (0/0/0), abort_rate: 0, network size: 0, avg network size: 0, si_in_serializable: 0 0 %, local: 0 %, local_access: 9220518, local_cxl_access: 0 (0%), remote_access: 9220520, remote_access_with_req: 0 (0%), data_move_in: 0, data_move_out: 0
I1125 08:01:45.850292 514387 Executor.h:221] Worker 0 latency: 6 us (50%) 6 us (75%) 7 us (95%) 8 us (99%). dist txn latency: 6 us (50%) 6 us (75%) 7 us (95%) 8 us (99%)  avg 7 us . local txn latency: 0 us (50%) 0 us (75%) 0 us (95%) 0 us (99%)  avg 0 us. txn commit latency: 6 us (50%) 6 us (75%) 7 us (95%) 8 us (99%) avg 7 us.
 LOCAL txn stall 0 us,  local_work 0 us,  remote_work 0 us,  commit_work 0 us,  commit_prepare 0 us,  commit_persistence 0 us,  commit_write_back 0 us,  commit_replication 0 us,  commit_release_lock 0 us 
 DIST txn stall 0 us,  local_work 5 us,  remote_work 0 us,  commit_work 1 us,  commit_prepare 0 us,  commit_persistence 0 us,  commit_write_back 0 us,  commit_replication 0 us,  commit_release_lock 0 us 
I1125 08:01:45.853649 514387 Executor.h:252] message stats, type: 0 count: 0 total size: 0
I1125 08:01:45.853672 514387 Executor.h:252] message stats, type: 1 count: 0 total size: 0
I1125 08:01:45.853690 514387 Executor.h:252] message stats, type: 2 count: 0 total size: 0
I1125 08:01:45.853709 514387 Executor.h:252] message stats, type: 3 count: 0 total size: 0
I1125 08:01:45.853735 514387 Executor.h:252] message stats, type: 4 count: 0 total size: 0
I1125 08:01:45.853752 514387 Executor.h:252] message stats, type: 5 count: 0 total size: 0
I1125 08:01:45.853770 514387 Executor.h:252] message stats, type: 6 count: 0 total size: 0
I1125 08:01:45.853788 514387 Executor.h:252] message stats, type: 7 count: 0 total size: 0
I1125 08:01:45.853803 514387 Executor.h:252] message stats, type: 8 count: 0 total size: 0
I1125 08:01:45.853817 514387 Executor.h:252] message stats, type: 9 count: 0 total size: 0
I1125 08:01:45.853835 514387 Executor.h:252] message stats, type: 10 count: 0 total size: 0
I1125 08:01:45.853859 514387 Executor.h:252] message stats, type: 11 count: 0 total size: 0
I1125 08:01:45.885207 514396 Executor.h:216] Executor 1 exits.
I1125 08:01:45.885207 514395 Executor.h:216] Executor 0 exits.
I1125 08:01:45.885248 514397 Executor.h:216] Executor 2 exits.
I1125 08:01:45.885651 514387 Executor.h:221] Worker 1 latency: 6 us (50%) 7 us (75%) 7 us (95%) 8 us (99%). dist txn latency: 6 us (50%) 7 us (75%) 7 us (95%) 8 us (99%)  avg 7 us . local txn latency: 0 us (50%) 0 us (75%) 0 us (95%) 0 us (99%)  avg 0 us. txn commit latency: 6 us (50%) 6 us (75%) 7 us (95%) 8 us (99%) avg 7 us.
 LOCAL txn stall 0 us,  local_work 0 us,  remote_work 0 us,  commit_work 0 us,  commit_prepare 0 us,  commit_persistence 0 us,  commit_write_back 0 us,  commit_replication 0 us,  commit_release_lock 0 us 
 DIST txn stall 0 us,  local_work 4 us,  remote_work 0 us,  commit_work 1 us,  commit_prepare 0 us,  commit_persistence 0 us,  commit_write_back 0 us,  commit_replication 0 us,  commit_release_lock 0 us 
I1125 08:01:45.891038 514398 Manager.h:230] Manager(worker id = 3) on the coordinator node exits.
I1125 08:01:45.889070 514387 Executor.h:221] Worker 2 latency: 6 us (50%) 6 us (75%) 7 us (95%) 8 us (99%). dist txn latency: 6 us (50%) 6 us (75%) 7 us (95%) 8 us (99%)  avg 7 us . local txn latency: 0 us (50%) 0 us (75%) 0 us (95%) 0 us (99%)  avg 0 us. txn commit latency: 6 us (50%) 6 us (75%) 7 us (95%) 8 us (99%) avg 7 us.
 LOCAL txn stall 0 us,  local_work 0 us,  remote_work 0 us,  commit_work 0 us,  commit_prepare 0 us,  commit_persistence 0 us,  commit_write_back 0 us,  commit_replication 0 us,  commit_release_lock 0 us 
 DIST txn stall 0 us,  local_work 3 us,  remote_work 0 us,  commit_work 1 us,  commit_prepare 0 us,  commit_persistence 0 us,  commit_write_back 0 us,  commit_replication 0 us,  commit_release_lock 0 us 
I1125 08:01:45.892486 514387 CXLMemory.h:143] local CXL memory usage: size_index_usage: 1707152 size_metadata_usage: 5898384 size_data_usage: 4505710 size_transport_usage: 33554880
I1125 08:01:45.892490 514387 SCCManager.h:37] software cache-coherence statistics: num_clflush: 286674 num_clwb: 40961 num_cache_hit: 38688426 num_cache_miss: 286674 cache hit rate: 99.2645%
I1125 08:01:45.892505 514387 Coordinator.h:581] Global Stats: total_commit: 2.96998e+06 total_size_index_usage: 13414400 total_size_metadata_usage: 47187072 total_size_data_usage: 36045680 total_size_transport_usage: 33554880
I1125 08:01:46.892576 514393 Dispatcher.h:154] Incoming Dispatcher exits, network size: 1652. socket_message_recv_latency(50th) 1 socket_message_recv_latency(75th) 1 socket_message_recv_latency(95th) 1 socket_message_recv_latency(99th) 1 internal_message_recv_latency(50th) 0 socket_message_recv_cnt 2 socket_read_syscall 23562420 internal_message_recv_cnt 0
I1125 08:01:46.892729 514387 WALLogger.h:536] Group Commit Stats: 0 us (50%) 0 us (75%) 0 us (95%) 0 us (99%) 0 us (avg) committed_txn_cnt 0
I1125 08:01:46.892738 514387 WALLogger.h:542] Queuing Stats: 0 us (50%) 0 us (75%) 0 us (95%) 0 us (99%) 0 us (avg)
I1125 08:01:46.892741 514387 WALLogger.h:547] Disk Sync Stats: 0 us (50%) 0 us (75%) 0 us (95%) 0 us (99%) 0 us (avg) disk_sync_cnt 0 disk_sync_size 0 current global epoch 731520
I1125 08:01:46.921504 514387 Coordinator.h:150] round_trip_latency 25 (50th) 28 (75th) 46 (95th) 46 (99th) 
I1125 08:01:46.921638 514387 Coordinator.h:400] Coordinator exits.
killing previous experiments...
