I1120 08:12:57.152415 162958 Coordinator.h:461] Listener 0 on coordinator 0 exits.
I1120 08:13:02.151252 162952 Socket.h:69] Disabling nagle
I1120 08:13:02.151264 162952 Coordinator.h:498] Coordinator 0 connected to 1
I1120 08:13:02.151360 162952 Socket.h:69] Disabling nagle
I1120 08:13:02.151362 162952 Coordinator.h:498] Coordinator 0 connected to 2
I1120 08:13:02.151454 162952 Socket.h:69] Disabling nagle
I1120 08:13:02.151458 162952 Coordinator.h:498] Coordinator 0 connected to 3
I1120 08:13:02.151542 162952 Socket.h:69] Disabling nagle
I1120 08:13:02.151546 162952 Coordinator.h:498] Coordinator 0 connected to 4
I1120 08:13:02.151639 162952 Socket.h:69] Disabling nagle
I1120 08:13:02.151643 162952 Coordinator.h:498] Coordinator 0 connected to 5
I1120 08:13:02.151712 162952 Socket.h:69] Disabling nagle
I1120 08:13:02.151715 162952 Coordinator.h:498] Coordinator 0 connected to 6
I1120 08:13:02.151773 162952 Socket.h:69] Disabling nagle
I1120 08:13:02.151775 162952 Coordinator.h:498] Coordinator 0 connected to 7
I1120 08:13:02.151789 162952 Coordinator.h:510] Coordinator 0 connected to all peers.
I1120 08:13:02.151814 162952 Dispatcher.h:38] IncomingDispatcher 0 coord_id 0
I1120 08:13:02.151989 162952 Dispatcher.h:210] OutgoingDispatcher 0 coord_id 0
I1120 08:13:02.152053 162952 Coordinator.h:206] Coordinator starts to run 4 workers.
I1120 08:13:02.152055 162959 Dispatcher.h:57] Incoming Dispatcher started, numCoordinators = 8, numWorkers = 3, group id = 0, coordinator = 0
I1120 08:13:02.152076 162960 Dispatcher.h:222] Outgoing Dispatcher started, numCoordinators = 8, numWorkers = 4, group id = 0
I1120 08:13:02.152174 162961 Executor.h:78] Executor 0 starts.
I1120 08:13:02.152186 162962 Executor.h:78] Executor 1 starts.
I1120 08:13:02.152251 162963 Executor.h:78] Executor 2 starts.
I1120 08:13:02.152453 162962 CXLMemory.h:46] cxlalloc initialized for thread 2 (global ID = 2) on host 0
I1120 08:13:02.152277 162964 Manager.h:228] Manager(worker id = 3) on the coordinator node started.
I1120 08:13:02.152287 162961 CXLMemory.h:46] cxlalloc initialized for thread 1 (global ID = 1) on host 0
I1120 08:13:02.152616 162963 CXLMemory.h:46] cxlalloc initialized for thread 3 (global ID = 3) on host 0
I1120 08:13:03.152340 162952 Coordinator.h:297] commit: 557 abort: 17 (0/17/0), persistence latency 0, txn latency 0, queued lock latency 0, lock latency 0, active_txns 0, n_failed_read_lock 0, n_failed_write_lock 0, n_failed_cmd_not_ready 0, n_failed_no_cmd 0, network size: 786156, avg network size: 1411.41, si_in_serializable: 0 0 %, local: 0 %, local_access: 0, local_cxl_access: 0 (-nan%), remote_access: 0, remote_access_with_req: 0 (-nan%), data_move_in: 0, data_move_out: 0
I1120 08:13:04.152454 162952 Coordinator.h:297] commit: 261 abort: 5 (0/5/0), persistence latency 0, txn latency 0, queued lock latency 0, lock latency 0, active_txns 0, n_failed_read_lock 0, n_failed_write_lock 0, n_failed_cmd_not_ready 0, n_failed_no_cmd 0, network size: 370510, avg network size: 1419.58, si_in_serializable: 0 0 %, local: 0 %, local_access: 0, local_cxl_access: 0 (-nan%), remote_access: 0, remote_access_with_req: 0 (-nan%), data_move_in: 0, data_move_out: 0
I1120 08:13:05.152565 162952 Coordinator.h:297] commit: 483 abort: 12 (0/12/0), persistence latency 0, txn latency 0, queued lock latency 0, lock latency 0, active_txns 0, n_failed_read_lock 0, n_failed_write_lock 0, n_failed_cmd_not_ready 0, n_failed_no_cmd 0, network size: 671580, avg network size: 1390.43, si_in_serializable: 0 0 %, local: 0 %, local_access: 0, local_cxl_access: 0 (-nan%), remote_access: 0, remote_access_with_req: 0 (-nan%), data_move_in: 0, data_move_out: 0
I1120 08:13:06.152863 162952 Coordinator.h:297] commit: 429 abort: 14 (0/14/0), persistence latency 0, txn latency 0, queued lock latency 0, lock latency 0, active_txns 0, n_failed_read_lock 0, n_failed_write_lock 0, n_failed_cmd_not_ready 0, n_failed_no_cmd 0, network size: 595796, avg network size: 1388.8, si_in_serializable: 0 0 %, local: 0 %, local_access: 0, local_cxl_access: 0 (-nan%), remote_access: 0, remote_access_with_req: 0 (-nan%), data_move_in: 0, data_move_out: 0
I1120 08:13:07.153151 162952 Coordinator.h:297] commit: 344 abort: 6 (0/6/0), persistence latency 0, txn latency 0, queued lock latency 0, lock latency 0, active_txns 0, n_failed_read_lock 0, n_failed_write_lock 0, n_failed_cmd_not_ready 0, n_failed_no_cmd 0, network size: 466674, avg network size: 1356.61, si_in_serializable: 0 0 %, local: 0 %, local_access: 0, local_cxl_access: 0 (-nan%), remote_access: 0, remote_access_with_req: 0 (-nan%), data_move_in: 0, data_move_out: 0
I1120 08:13:08.153460 162952 Coordinator.h:297] commit: 566 abort: 10 (0/10/0), persistence latency 0, txn latency 0, queued lock latency 0, lock latency 0, active_txns 0, n_failed_read_lock 0, n_failed_write_lock 0, n_failed_cmd_not_ready 0, n_failed_no_cmd 0, network size: 824902, avg network size: 1457.42, si_in_serializable: 0 0 %, local: 0 %, local_access: 0, local_cxl_access: 0 (-nan%), remote_access: 0, remote_access_with_req: 0 (-nan%), data_move_in: 0, data_move_out: 0
I1120 08:13:09.153755 162952 Coordinator.h:297] commit: 595 abort: 19 (0/19/0), persistence latency 0, txn latency 0, queued lock latency 0, lock latency 0, active_txns 0, n_failed_read_lock 0, n_failed_write_lock 0, n_failed_cmd_not_ready 0, n_failed_no_cmd 0, network size: 845380, avg network size: 1420.81, si_in_serializable: 0 0 %, local: 0 %, local_access: 0, local_cxl_access: 0 (-nan%), remote_access: 0, remote_access_with_req: 0 (-nan%), data_move_in: 0, data_move_out: 0
I1120 08:13:10.154042 162952 Coordinator.h:297] commit: 725 abort: 17 (0/17/0), persistence latency 0, txn latency 0, queued lock latency 0, lock latency 0, active_txns 0, n_failed_read_lock 0, n_failed_write_lock 0, n_failed_cmd_not_ready 0, n_failed_no_cmd 0, network size: 1048638, avg network size: 1446.4, si_in_serializable: 0 0 %, local: 0 %, local_access: 0, local_cxl_access: 0 (-nan%), remote_access: 0, remote_access_with_req: 0 (-nan%), data_move_in: 0, data_move_out: 0
I1120 08:13:11.154397 162952 Coordinator.h:297] commit: 629 abort: 14 (0/14/0), persistence latency 0, txn latency 0, queued lock latency 0, lock latency 0, active_txns 0, n_failed_read_lock 0, n_failed_write_lock 0, n_failed_cmd_not_ready 0, n_failed_no_cmd 0, network size: 908230, avg network size: 1443.93, si_in_serializable: 0 0 %, local: 0 %, local_access: 0, local_cxl_access: 0 (-nan%), remote_access: 0, remote_access_with_req: 0 (-nan%), data_move_in: 0, data_move_out: 0
I1120 08:13:12.154690 162952 Coordinator.h:297] commit: 553 abort: 16 (0/16/0), persistence latency 0, txn latency 0, queued lock latency 0, lock latency 0, active_txns 0, n_failed_read_lock 0, n_failed_write_lock 0, n_failed_cmd_not_ready 0, n_failed_no_cmd 0, network size: 816197, avg network size: 1475.94, si_in_serializable: 0 0 %, local: 0 %, local_access: 0, local_cxl_access: 0 (-nan%), remote_access: 0, remote_access_with_req: 0 (-nan%), data_move_in: 0, data_move_out: 0
I1120 08:13:13.154996 162952 Coordinator.h:297] commit: 712 abort: 12 (0/12/0), persistence latency 0, txn latency 0, queued lock latency 0, lock latency 0, active_txns 0, n_failed_read_lock 0, n_failed_write_lock 0, n_failed_cmd_not_ready 0, n_failed_no_cmd 0, network size: 999442, avg network size: 1403.71, si_in_serializable: 0 0 %, local: 0 %, local_access: 0, local_cxl_access: 0 (-nan%), remote_access: 0, remote_access_with_req: 0 (-nan%), data_move_in: 0, data_move_out: 0
I1120 08:13:14.155171 162952 Coordinator.h:297] commit: 384 abort: 9 (0/9/0), persistence latency 0, txn latency 0, queued lock latency 0, lock latency 0, active_txns 0, n_failed_read_lock 0, n_failed_write_lock 0, n_failed_cmd_not_ready 0, n_failed_no_cmd 0, network size: 545631, avg network size: 1420.91, si_in_serializable: 0 0 %, local: 0 %, local_access: 0, local_cxl_access: 0 (-nan%), remote_access: 0, remote_access_with_req: 0 (-nan%), data_move_in: 0, data_move_out: 0
I1120 08:13:15.155470 162952 Coordinator.h:297] commit: 402 abort: 11 (0/11/0), persistence latency 0, txn latency 0, queued lock latency 0, lock latency 0, active_txns 0, n_failed_read_lock 0, n_failed_write_lock 0, n_failed_cmd_not_ready 0, n_failed_no_cmd 0, network size: 560502, avg network size: 1394.28, si_in_serializable: 0 0 %, local: 0 %, local_access: 0, local_cxl_access: 0 (-nan%), remote_access: 0, remote_access_with_req: 0 (-nan%), data_move_in: 0, data_move_out: 0
I1120 08:13:16.155782 162952 Coordinator.h:297] commit: 602 abort: 10 (0/10/0), persistence latency 0, txn latency 0, queued lock latency 0, lock latency 0, active_txns 0, n_failed_read_lock 0, n_failed_write_lock 0, n_failed_cmd_not_ready 0, n_failed_no_cmd 0, network size: 842271, avg network size: 1399.12, si_in_serializable: 0 0 %, local: 0 %, local_access: 0, local_cxl_access: 0 (-nan%), remote_access: 0, remote_access_with_req: 0 (-nan%), data_move_in: 0, data_move_out: 0
I1120 08:13:17.156069 162952 Coordinator.h:297] commit: 605 abort: 13 (0/13/0), persistence latency 0, txn latency 0, queued lock latency 0, lock latency 0, active_txns 0, n_failed_read_lock 0, n_failed_write_lock 0, n_failed_cmd_not_ready 0, n_failed_no_cmd 0, network size: 852227, avg network size: 1408.64, si_in_serializable: 0 0 %, local: 0 %, local_access: 0, local_cxl_access: 0 (-nan%), remote_access: 0, remote_access_with_req: 0 (-nan%), data_move_in: 0, data_move_out: 0
I1120 08:13:17.156292 162952 Coordinator.h:335] average commit: 577.3 abort: 13.1 (0/13.1/0), abort_rate: 0.0221883, network size: 8243420, avg network size: 1427.93, si_in_serializable: 0 0 %, local: 0 %, local_access: 0, local_cxl_access: 0 (-nan%), remote_access: 0, remote_access_with_req: 0 (-nan%), data_move_in: 0, data_move_out: 0
I1120 08:13:17.156481 162952 Executor.h:221] Worker 0 latency: 373 us (50%) 5232 us (75%) 40530 us (95%) 61100 us (99%). dist txn latency: 347 us (50%) 3289 us (75%) 40952 us (95%) 58696 us (99%)  avg 5889 us . local txn latency: 0 us (50%) 0 us (75%) 0 us (95%) 0 us (99%)  avg 0 us. txn commit latency: 305 us (50%) 528 us (75%) 26808 us (95%) 56005 us (99%) avg 4089 us.
 LOCAL txn stall 0 us,  local_work 0 us,  remote_work 0 us,  commit_work 0 us,  commit_prepare 0 us,  commit_persistence 0 us,  commit_write_back 0 us,  commit_replication 0 us,  commit_release_lock 0 us 
 DIST txn stall 0 us,  local_work 10 us,  remote_work 2920 us,  commit_work 2498 us,  commit_prepare 1191 us,  commit_persistence 1 us,  commit_write_back 1143 us,  commit_replication 0 us,  commit_release_lock 2 us 
I1120 08:13:17.156634 162952 Executor.h:252] message stats, type: 0 count: 0 total size: 0
I1120 08:13:17.156742 162952 Executor.h:252] message stats, type: 1 count: 0 total size: 0
I1120 08:13:17.156819 162952 Executor.h:252] message stats, type: 2 count: 0 total size: 0
I1120 08:13:17.156891 162952 Executor.h:252] message stats, type: 3 count: 0 total size: 0
I1120 08:13:17.156963 162952 Executor.h:252] message stats, type: 4 count: 5385 total size: 86160
I1120 08:13:17.157060 162952 Executor.h:252] message stats, type: 5 count: 5602 total size: 733744
I1120 08:13:17.157228 162952 Executor.h:252] message stats, type: 6 count: 5289 total size: 84624
I1120 08:13:17.157311 162952 Executor.h:252] message stats, type: 7 count: 5293 total size: 693029
I1120 08:13:17.157384 162952 Executor.h:252] message stats, type: 8 count: 313 total size: 4069
I1120 08:13:17.157486 162952 Executor.h:252] message stats, type: 9 count: 5142 total size: 622182
I1120 08:13:17.157562 162952 Executor.h:252] message stats, type: 10 count: 5148 total size: 41184
I1120 08:13:17.157634 162952 Executor.h:252] message stats, type: 11 count: 0 total size: 0
I1120 08:13:17.157706 162952 Executor.h:252] message stats, type: 12 count: 0 total size: 0
I1120 08:13:17.157776 162952 Executor.h:252] message stats, type: 13 count: 5218 total size: 62616
I1120 08:13:17.157841 162952 Executor.h:252] message stats, type: 14 count: 5453 total size: 43624
I1120 08:13:17.157907 162952 Executor.h:252] message stats, type: 15 count: 5142 total size: 102840
I1120 08:13:17.157974 162952 Executor.h:252] message stats, type: 16 count: 5147 total size: 41176
I1120 08:13:17.158038 162952 Executor.h:252] message stats, type: 17 count: 0 total size: 0
I1120 08:13:17.158205 162952 Executor.h:252] message stats, type: 18 count: 0 total size: 0
I1120 08:13:17.158291 162952 Executor.h:252] message stats, type: 19 count: 1999 total size: 782716
I1120 08:13:17.158361 162952 Executor.h:252] message stats, type: 20 count: 2043 total size: 18387
I1120 08:13:17.247620 162961 Executor.h:216] Executor 0 exits.
I1120 08:13:17.247845 162952 Executor.h:221] Worker 1 latency: 348 us (50%) 4391 us (75%) 28924 us (95%) 49996 us (99%). dist txn latency: 341 us (50%) 2939 us (75%) 23332 us (95%) 52425 us (99%)  avg 4259 us . local txn latency: 0 us (50%) 0 us (75%) 0 us (95%) 0 us (99%)  avg 0 us. txn commit latency: 332 us (50%) 2967 us (75%) 29614 us (95%) 50128 us (99%) avg 4937 us.
 LOCAL txn stall 0 us,  local_work 0 us,  remote_work 0 us,  commit_work 0 us,  commit_prepare 0 us,  commit_persistence 0 us,  commit_write_back 0 us,  commit_replication 0 us,  commit_release_lock 0 us 
 DIST txn stall 0 us,  local_work 10 us,  remote_work 2309 us,  commit_work 1666 us,  commit_prepare 1950 us,  commit_persistence 1 us,  commit_write_back 880 us,  commit_replication 0 us,  commit_release_lock 1 us 
I1120 08:13:17.247622 162962 Executor.h:216] Executor 1 exits.
I1120 08:13:17.247625 162963 Executor.h:216] Executor 2 exits.
I1120 08:13:17.248479 162952 Executor.h:221] Worker 2 latency: 335 us (50%) 8721 us (75%) 34776 us (95%) 51045 us (99%). dist txn latency: 339 us (50%) 2975 us (75%) 25691 us (95%) 40145 us (99%)  avg 4005 us . local txn latency: 0 us (50%) 0 us (75%) 0 us (95%) 0 us (99%)  avg 0 us. txn commit latency: 339 us (50%) 6604 us (75%) 39171 us (95%) 50870 us (99%) avg 6017 us.
 LOCAL txn stall 0 us,  local_work 0 us,  remote_work 0 us,  commit_work 0 us,  commit_prepare 0 us,  commit_persistence 0 us,  commit_write_back 0 us,  commit_replication 0 us,  commit_release_lock 0 us 
 DIST txn stall 0 us,  local_work 10 us,  remote_work 2631 us,  commit_work 1638 us,  commit_prepare 2151 us,  commit_persistence 2 us,  commit_write_back 909 us,  commit_replication 0 us,  commit_release_lock 1 us 
I1120 08:13:17.262270 162964 Manager.h:230] Manager(worker id = 3) on the coordinator node exits.
I1120 08:13:17.262423 162952 CXLMemory.h:143] local CXL memory usage: size_index_usage: 0 size_metadata_usage: 0 size_data_usage: 0 size_transport_usage: 268435904
I1120 08:13:17.262651 162952 Coordinator.h:572] Global Stats: total_commit: 4440.1 total_size_index_usage: 0 total_size_metadata_usage: 0 total_size_data_usage: 0 total_size_transport_usage: 268435904
I1120 08:13:18.262730 162959 Dispatcher.h:154] Incoming Dispatcher exits, network size: 14247331. socket_message_recv_latency(50th) 2 socket_message_recv_latency(75th) 2 socket_message_recv_latency(95th) 6 socket_message_recv_latency(99th) 11 internal_message_recv_latency(50th) 0 socket_message_recv_cnt 4048 socket_read_syscall 20594938 internal_message_recv_cnt 0
I1120 08:13:18.262744 162960 Dispatcher.h:268] Outgoing Dispatcher exits, network size: 14245688. msg_send_latency(50th) 0 msg_send_latency(75th) 0 msg_send_latency(95th) 0 msg_send_latency(99th) 0 msg_send_latency(avg) 0 msg_gen_to_sent_latency(50th) 20 msg_gen_to_sent_latency(75th) 77 msg_gen_to_sent_latency(95th) 4115 msg_gen_to_sent_latency(99th) 16693 msg_gen_to_queue_latency(50th) 0 msg_gen_to_queue_latency(75th) 0 msg_gen_to_queue_latency(95th) 0 msg_gen_to_queue_latency(99th) 0 msg_disp_ltc(50th) 0 msg_disp_ltc(75th) 0 msg_disp_ltc(95th) 0 msg_disp_ltc(99th) 0 msg_disp_ltc(100th) 0 send_ltc(50th) 2 send_ltc(75th) 3 send_ltc(95th) 7 send_ltc(99th) 15 send_ltc(100th) 214 send_ltc(avg) 3 sendto_cnt 51991 network_size 14245688 network_msg_cnt 55833 network_msg_group_size avg 1 50th 1 internal_network_size 0 internal_network_msg_cnt 0
I1120 08:13:18.263273 162952 WALLogger.h:506] committed_txn_cnt 14525 disk_sync_cnt 8187 disk_sync_size 4640592
I1120 08:13:18.287271 162952 Coordinator.h:148] round_trip_latency 22 (50th) 24 (75th) 29 (95th) 29 (99th) 
I1120 08:13:18.287374 162952 Coordinator.h:391] Coordinator exits.
killing previous experiments...
